<!doctype html public "-//w3c//dtd html 4.0 transitional//en">
<html><head>
<title>Static Call Graph - [..\output\KAR_v1_0.axf]</title></head>
<body><HR>
<H1>Static Call Graph for image ..\output\KAR_v1_0.axf</H1><HR>
<BR><P>#&#060CALLGRAPH&#062# ARM Linker, 5040049: Last Updated: Sat Dec 09 18:03:20 2017
<BR><P>
<H3>Maximum Stack Usage =         96 bytes + Unknown(Cycles, Untraceable Function Pointers)</H3><H3>
Call chain for Maximum Stack Depth:</H3>
main &rArr; sys_init &rArr; gpio_init_t &rArr; get_gpio &rArr; SYS_IOCONInit
<P>
<H3>
Mutually Recursive functions
</H3> <LI><a href="#[1]">NMI_Handler</a>&nbsp;&nbsp;&nbsp;&rArr;&nbsp;&nbsp;&nbsp;<a href="#[1]">NMI_Handler</a><BR>
 <LI><a href="#[2]">HardFault_Handler</a>&nbsp;&nbsp;&nbsp;&rArr;&nbsp;&nbsp;&nbsp;<a href="#[2]">HardFault_Handler</a><BR>
 <LI><a href="#[3]">SVC_Handler</a>&nbsp;&nbsp;&nbsp;&rArr;&nbsp;&nbsp;&nbsp;<a href="#[3]">SVC_Handler</a><BR>
 <LI><a href="#[4]">PendSV_Handler</a>&nbsp;&nbsp;&nbsp;&rArr;&nbsp;&nbsp;&nbsp;<a href="#[4]">PendSV_Handler</a><BR>
 <LI><a href="#[5]">SysTick_Handler</a>&nbsp;&nbsp;&nbsp;&rArr;&nbsp;&nbsp;&nbsp;<a href="#[5]">SysTick_Handler</a><BR>
 <LI><a href="#[f]">ADC_IRQHandler</a>&nbsp;&nbsp;&nbsp;&rArr;&nbsp;&nbsp;&nbsp;<a href="#[f]">ADC_IRQHandler</a><BR>
</UL>
<P>
<H3>
Function Pointers
</H3><UL>
 <LI><a href="#[f]">ADC_IRQHandler</a> from startup_c32f0xx_s.o(.text) referenced from startup_c32f0xx_s.o(RESET)
 <LI><a href="#[11]">BOD_IRQHandler</a> from startup_c32f0xx_s.o(.text) referenced from startup_c32f0xx_s.o(RESET)
 <LI><a href="#[12]">GPIOA_IRQHandler</a> from startup_c32f0xx_s.o(.text) referenced from startup_c32f0xx_s.o(RESET)
 <LI><a href="#[13]">GPIOB_IRQHandler</a> from startup_c32f0xx_s.o(.text) referenced from startup_c32f0xx_s.o(RESET)
 <LI><a href="#[14]">GPIOC_IRQHandler</a> from startup_c32f0xx_s.o(.text) referenced from startup_c32f0xx_s.o(RESET)
 <LI><a href="#[2]">HardFault_Handler</a> from startup_c32f0xx_s.o(.text) referenced from startup_c32f0xx_s.o(RESET)
 <LI><a href="#[1]">NMI_Handler</a> from startup_c32f0xx_s.o(.text) referenced from startup_c32f0xx_s.o(RESET)
 <LI><a href="#[7]">PWM_FAULT_IRQHandler</a> from startup_c32f0xx_s.o(.text) referenced from startup_c32f0xx_s.o(RESET)
 <LI><a href="#[17]">PWM_TIMER_IRQHandler</a> from startup_c32f0xx_s.o(.text) referenced from startup_c32f0xx_s.o(RESET)
 <LI><a href="#[4]">PendSV_Handler</a> from startup_c32f0xx_s.o(.text) referenced from startup_c32f0xx_s.o(RESET)
 <LI><a href="#[15]">RTC_IRQHandler</a> from startup_c32f0xx_s.o(.text) referenced from startup_c32f0xx_s.o(RESET)
 <LI><a href="#[0]">Reset_Handler</a> from startup_c32f0xx_s.o(.text) referenced from startup_c32f0xx_s.o(RESET)
 <LI><a href="#[16]">SPI_IRQHandler</a> from startup_c32f0xx_s.o(.text) referenced from startup_c32f0xx_s.o(RESET)
 <LI><a href="#[3]">SVC_Handler</a> from startup_c32f0xx_s.o(.text) referenced from startup_c32f0xx_s.o(RESET)
 <LI><a href="#[5]">SysTick_Handler</a> from startup_c32f0xx_s.o(.text) referenced from startup_c32f0xx_s.o(RESET)
 <LI><a href="#[9]">TIMER16_0_IRQHandler</a> from user_timer.o(.text) referenced from startup_c32f0xx_s.o(RESET)
 <LI><a href="#[a]">TIMER16_1_IRQHandler</a> from startup_c32f0xx_s.o(.text) referenced from startup_c32f0xx_s.o(RESET)
 <LI><a href="#[b]">TIMER16_2_IRQHandler</a> from startup_c32f0xx_s.o(.text) referenced from startup_c32f0xx_s.o(RESET)
 <LI><a href="#[c]">TIMER16_3_IRQHandler</a> from startup_c32f0xx_s.o(.text) referenced from startup_c32f0xx_s.o(RESET)
 <LI><a href="#[8]">TWS_IRQHandler</a> from startup_c32f0xx_s.o(.text) referenced from startup_c32f0xx_s.o(RESET)
 <LI><a href="#[d]">UART0_IRQHandler</a> from user_uart.o(.text) referenced from startup_c32f0xx_s.o(RESET)
 <LI><a href="#[e]">UART1_IRQHandler</a> from startup_c32f0xx_s.o(.text) referenced from startup_c32f0xx_s.o(RESET)
 <LI><a href="#[6]">WAKEUP_IRQHandler</a> from startup_c32f0xx_s.o(.text) referenced from startup_c32f0xx_s.o(RESET)
 <LI><a href="#[10]">WDT_IRQHandler</a> from startup_c32f0xx_s.o(.text) referenced from startup_c32f0xx_s.o(RESET)
 <LI><a href="#[19]">__main</a> from entry.o(.ARM.Collect$$$$00000000) referenced from startup_c32f0xx_s.o(.text)
 <LI><a href="#[18]">main</a> from main.o(.text) referenced from entry9a.o(.ARM.Collect$$$$0000000B)
</UL>
<P>
<H3>
Global Symbols
</H3>
<P><STRONG><a name="[19]"></a>__main</STRONG> (Thumb, 0 bytes, Stack size unknown bytes, entry.o(.ARM.Collect$$$$00000000))
<BR>[Address Reference Count : 1]<UL><LI> startup_c32f0xx_s.o(.text)
</UL>
<P><STRONG><a name="[47]"></a>_main_stk</STRONG> (Thumb, 0 bytes, Stack size unknown bytes, entry2.o(.ARM.Collect$$$$00000001))

<P><STRONG><a name="[1a]"></a>_main_scatterload</STRONG> (Thumb, 0 bytes, Stack size unknown bytes, entry5.o(.ARM.Collect$$$$00000004))
<BR><BR>[Calls]<UL><LI><a href="#[1b]">&gt;&gt;</a>&nbsp;&nbsp;&nbsp;__scatterload
</UL>

<P><STRONG><a name="[46]"></a>__main_after_scatterload</STRONG> (Thumb, 0 bytes, Stack size unknown bytes, entry5.o(.ARM.Collect$$$$00000004))
<BR><BR>[Called By]<UL><LI><a href="#[1b]">&gt;&gt;</a>&nbsp;&nbsp;&nbsp;__scatterload
</UL>

<P><STRONG><a name="[48]"></a>_main_clock</STRONG> (Thumb, 0 bytes, Stack size unknown bytes, entry7b.o(.ARM.Collect$$$$00000008))

<P><STRONG><a name="[49]"></a>_main_cpp_init</STRONG> (Thumb, 0 bytes, Stack size unknown bytes, entry8b.o(.ARM.Collect$$$$0000000A))

<P><STRONG><a name="[4a]"></a>_main_init</STRONG> (Thumb, 0 bytes, Stack size unknown bytes, entry9a.o(.ARM.Collect$$$$0000000B))

<P><STRONG><a name="[4b]"></a>__rt_final_cpp</STRONG> (Thumb, 0 bytes, Stack size unknown bytes, entry10a.o(.ARM.Collect$$$$0000000D))

<P><STRONG><a name="[4c]"></a>__rt_final_exit</STRONG> (Thumb, 0 bytes, Stack size unknown bytes, entry11a.o(.ARM.Collect$$$$0000000F))

<P><STRONG><a name="[18]"></a>main</STRONG> (Thumb, 28 bytes, Stack size 0 bytes, main.o(.text))
<BR><BR>[Stack]<UL><LI>Max Depth = 96<LI>Call Chain = main &rArr; sys_init &rArr; gpio_init_t &rArr; get_gpio &rArr; SYS_IOCONInit
</UL>
<BR>[Calls]<UL><LI><a href="#[1c]">&gt;&gt;</a>&nbsp;&nbsp;&nbsp;sys_init
<LI><a href="#[1d]">&gt;&gt;</a>&nbsp;&nbsp;&nbsp;get_packet
<LI><a href="#[1e]">&gt;&gt;</a>&nbsp;&nbsp;&nbsp;get_data
</UL>
<BR>[Address Reference Count : 1]<UL><LI> entry9a.o(.ARM.Collect$$$$0000000B)
</UL>
<P><STRONG><a name="[4d]"></a>set_soft_timer</STRONG> (Thumb, 8 bytes, Stack size 0 bytes, user_timer.o(.text), UNUSED)

<P><STRONG><a name="[4e]"></a>check_soft_timeout</STRONG> (Thumb, 20 bytes, Stack size 0 bytes, user_timer.o(.text), UNUSED)

<P><STRONG><a name="[9]"></a>TIMER16_0_IRQHandler</STRONG> (Thumb, 54 bytes, Stack size 8 bytes, user_timer.o(.text))
<BR><BR>[Stack]<UL><LI>Max Depth = 8<LI>Call Chain = TIMER16_0_IRQHandler
</UL>
<BR>[Calls]<UL><LI><a href="#[1f]">&gt;&gt;</a>&nbsp;&nbsp;&nbsp;CT16B0_ClearIntFlag
</UL>
<BR>[Address Reference Count : 1]<UL><LI> startup_c32f0xx_s.o(RESET)
</UL>
<P><STRONG><a name="[20]"></a>UART0_Init</STRONG> (Thumb, 188 bytes, Stack size 8 bytes, user_uart.o(.text))
<BR><BR>[Stack]<UL><LI>Max Depth = 60<LI>Call Chain = UART0_Init &rArr; UART_Open &rArr; __aeabi_uidivmod
</UL>
<BR>[Calls]<UL><LI><a href="#[23]">&gt;&gt;</a>&nbsp;&nbsp;&nbsp;UART_Open
<LI><a href="#[22]">&gt;&gt;</a>&nbsp;&nbsp;&nbsp;SYS_IOCONInit
<LI><a href="#[21]">&gt;&gt;</a>&nbsp;&nbsp;&nbsp;SYS_EnablePhrClk
<LI><a href="#[24]">&gt;&gt;</a>&nbsp;&nbsp;&nbsp;NVIC_SetPriority
</UL>
<BR>[Called By]<UL><LI><a href="#[1c]">&gt;&gt;</a>&nbsp;&nbsp;&nbsp;sys_init
</UL>

<P><STRONG><a name="[4f]"></a>fputc</STRONG> (Thumb, 20 bytes, Stack size 0 bytes, user_uart.o(.text), UNUSED)

<P><STRONG><a name="[2b]"></a>WriteUartBuf</STRONG> (Thumb, 22 bytes, Stack size 0 bytes, user_uart.o(.text))
<BR><BR>[Called By]<UL><LI><a href="#[1d]">&gt;&gt;</a>&nbsp;&nbsp;&nbsp;get_packet
<LI><a href="#[1e]">&gt;&gt;</a>&nbsp;&nbsp;&nbsp;get_data
</UL>

<P><STRONG><a name="[2c]"></a>UART_Send_t</STRONG> (Thumb, 182 bytes, Stack size 16 bytes, user_uart.o(.text))
<BR><BR>[Stack]<UL><LI>Max Depth = 16<LI>Call Chain = UART_Send_t
</UL>
<BR>[Called By]<UL><LI><a href="#[1d]">&gt;&gt;</a>&nbsp;&nbsp;&nbsp;get_packet
<LI><a href="#[1e]">&gt;&gt;</a>&nbsp;&nbsp;&nbsp;get_data
</UL>

<P><STRONG><a name="[1d]"></a>get_packet</STRONG> (Thumb, 198 bytes, Stack size 8 bytes, user_uart.o(.text))
<BR><BR>[Stack]<UL><LI>Max Depth = 36<LI>Call Chain = get_packet &rArr; get_buffer_data &rArr; get_len &rArr; __aeabi_uidivmod
</UL>
<BR>[Calls]<UL><LI><a href="#[2a]">&gt;&gt;</a>&nbsp;&nbsp;&nbsp;__aeabi_memclr
<LI><a href="#[28]">&gt;&gt;</a>&nbsp;&nbsp;&nbsp;__aeabi_uidivmod
<LI><a href="#[2c]">&gt;&gt;</a>&nbsp;&nbsp;&nbsp;UART_Send_t
<LI><a href="#[2b]">&gt;&gt;</a>&nbsp;&nbsp;&nbsp;WriteUartBuf
<LI><a href="#[29]">&gt;&gt;</a>&nbsp;&nbsp;&nbsp;get_buffer_data
<LI><a href="#[27]">&gt;&gt;</a>&nbsp;&nbsp;&nbsp;get_len
</UL>
<BR>[Called By]<UL><LI><a href="#[18]">&gt;&gt;</a>&nbsp;&nbsp;&nbsp;main
</UL>

<P><STRONG><a name="[1e]"></a>get_data</STRONG> (Thumb, 248 bytes, Stack size 16 bytes, user_uart.o(.text))
<BR><BR>[Stack]<UL><LI>Max Depth = 44<LI>Call Chain = get_data &rArr; get_buffer_data &rArr; get_len &rArr; __aeabi_uidivmod
</UL>
<BR>[Calls]<UL><LI><a href="#[2a]">&gt;&gt;</a>&nbsp;&nbsp;&nbsp;__aeabi_memclr
<LI><a href="#[28]">&gt;&gt;</a>&nbsp;&nbsp;&nbsp;__aeabi_uidivmod
<LI><a href="#[2c]">&gt;&gt;</a>&nbsp;&nbsp;&nbsp;UART_Send_t
<LI><a href="#[2b]">&gt;&gt;</a>&nbsp;&nbsp;&nbsp;WriteUartBuf
<LI><a href="#[29]">&gt;&gt;</a>&nbsp;&nbsp;&nbsp;get_buffer_data
</UL>
<BR>[Called By]<UL><LI><a href="#[18]">&gt;&gt;</a>&nbsp;&nbsp;&nbsp;main
</UL>

<P><STRONG><a name="[d]"></a>UART0_IRQHandler</STRONG> (Thumb, 82 bytes, Stack size 8 bytes, user_uart.o(.text))
<BR><BR>[Stack]<UL><LI>Max Depth = 28<LI>Call Chain = UART0_IRQHandler &rArr; get_len &rArr; __aeabi_uidivmod
</UL>
<BR>[Calls]<UL><LI><a href="#[27]">&gt;&gt;</a>&nbsp;&nbsp;&nbsp;get_len
</UL>
<BR>[Address Reference Count : 1]<UL><LI> startup_c32f0xx_s.o(RESET)
</UL>
<P><STRONG><a name="[2d]"></a>get_gpio</STRONG> (Thumb, 360 bytes, Stack size 40 bytes, config.o(.text))
<BR><BR>[Stack]<UL><LI>Max Depth = 72<LI>Call Chain = get_gpio &rArr; SYS_IOCONInit
</UL>
<BR>[Calls]<UL><LI><a href="#[30]">&gt;&gt;</a>&nbsp;&nbsp;&nbsp;GPIO_EnableInt
<LI><a href="#[2e]">&gt;&gt;</a>&nbsp;&nbsp;&nbsp;GPIO_ConfigPinsAsOutput
<LI><a href="#[2f]">&gt;&gt;</a>&nbsp;&nbsp;&nbsp;GPIO_ConfigPinsAsInput
<LI><a href="#[22]">&gt;&gt;</a>&nbsp;&nbsp;&nbsp;SYS_IOCONInit
<LI><a href="#[21]">&gt;&gt;</a>&nbsp;&nbsp;&nbsp;SYS_EnablePhrClk
</UL>
<BR>[Called By]<UL><LI><a href="#[31]">&gt;&gt;</a>&nbsp;&nbsp;&nbsp;gpio_init_t
</UL>

<P><STRONG><a name="[26]"></a>get_adc_gpio</STRONG> (Thumb, 206 bytes, Stack size 24 bytes, config.o(.text))
<BR><BR>[Stack]<UL><LI>Max Depth = 56<LI>Call Chain = get_adc_gpio &rArr; SYS_IOCONInit
</UL>
<BR>[Calls]<UL><LI><a href="#[22]">&gt;&gt;</a>&nbsp;&nbsp;&nbsp;SYS_IOCONInit
<LI><a href="#[21]">&gt;&gt;</a>&nbsp;&nbsp;&nbsp;SYS_EnablePhrClk
</UL>
<BR>[Called By]<UL><LI><a href="#[37]">&gt;&gt;</a>&nbsp;&nbsp;&nbsp;UART1_Init
<LI><a href="#[25]">&gt;&gt;</a>&nbsp;&nbsp;&nbsp;UART1_Init
</UL>

<P><STRONG><a name="[31]"></a>gpio_init_t</STRONG> (Thumb, 22 bytes, Stack size 16 bytes, config.o(.text))
<BR><BR>[Stack]<UL><LI>Max Depth = 88<LI>Call Chain = gpio_init_t &rArr; get_gpio &rArr; SYS_IOCONInit
</UL>
<BR>[Calls]<UL><LI><a href="#[2d]">&gt;&gt;</a>&nbsp;&nbsp;&nbsp;get_gpio
</UL>
<BR>[Called By]<UL><LI><a href="#[1c]">&gt;&gt;</a>&nbsp;&nbsp;&nbsp;sys_init
</UL>

<P><STRONG><a name="[32]"></a>wdt_init_t</STRONG> (Thumb, 110 bytes, Stack size 8 bytes, config.o(.text))
<BR><BR>[Stack]<UL><LI>Max Depth = 36<LI>Call Chain = wdt_init_t &rArr; WDT_SetIntervalinMiliSec &rArr; __aeabi_uidivmod
</UL>
<BR>[Calls]<UL><LI><a href="#[34]">&gt;&gt;</a>&nbsp;&nbsp;&nbsp;WDT_SetWindowValue
<LI><a href="#[35]">&gt;&gt;</a>&nbsp;&nbsp;&nbsp;WDT_SetIntervalinMiliSec
<LI><a href="#[36]">&gt;&gt;</a>&nbsp;&nbsp;&nbsp;WDT_Feed
<LI><a href="#[33]">&gt;&gt;</a>&nbsp;&nbsp;&nbsp;SYS_SelectWDTClkSrc
<LI><a href="#[21]">&gt;&gt;</a>&nbsp;&nbsp;&nbsp;SYS_EnablePhrClk
</UL>
<BR>[Called By]<UL><LI><a href="#[1c]">&gt;&gt;</a>&nbsp;&nbsp;&nbsp;sys_init
</UL>

<P><STRONG><a name="[1c]"></a>sys_init</STRONG> (Thumb, 26 bytes, Stack size 8 bytes, config.o(.text))
<BR><BR>[Stack]<UL><LI>Max Depth = 96<LI>Call Chain = sys_init &rArr; gpio_init_t &rArr; get_gpio &rArr; SYS_IOCONInit
</UL>
<BR>[Calls]<UL><LI><a href="#[38]">&gt;&gt;</a>&nbsp;&nbsp;&nbsp;SYS_SystemInitial
<LI><a href="#[32]">&gt;&gt;</a>&nbsp;&nbsp;&nbsp;wdt_init_t
<LI><a href="#[31]">&gt;&gt;</a>&nbsp;&nbsp;&nbsp;gpio_init_t
<LI><a href="#[37]">&gt;&gt;</a>&nbsp;&nbsp;&nbsp;UART1_Init
<LI><a href="#[20]">&gt;&gt;</a>&nbsp;&nbsp;&nbsp;UART0_Init
</UL>
<BR>[Called By]<UL><LI><a href="#[18]">&gt;&gt;</a>&nbsp;&nbsp;&nbsp;main
</UL>

<P><STRONG><a name="[0]"></a>Reset_Handler</STRONG> (Thumb, 4 bytes, Stack size 0 bytes, startup_c32f0xx_s.o(.text))
<BR>[Address Reference Count : 1]<UL><LI> startup_c32f0xx_s.o(RESET)
</UL>
<P><STRONG><a name="[1]"></a>NMI_Handler</STRONG> (Thumb, 2 bytes, Stack size 0 bytes, startup_c32f0xx_s.o(.text))
<BR><BR>[Calls]<UL><LI><a href="#[1]">&gt;&gt;</a>&nbsp;&nbsp;&nbsp;NMI_Handler
</UL>
<BR>[Called By]<UL><LI><a href="#[1]">&gt;&gt;</a>&nbsp;&nbsp;&nbsp;NMI_Handler
</UL>
<BR>[Address Reference Count : 1]<UL><LI> startup_c32f0xx_s.o(RESET)
</UL>
<P><STRONG><a name="[2]"></a>HardFault_Handler</STRONG> (Thumb, 2 bytes, Stack size 0 bytes, startup_c32f0xx_s.o(.text))
<BR><BR>[Calls]<UL><LI><a href="#[2]">&gt;&gt;</a>&nbsp;&nbsp;&nbsp;HardFault_Handler
</UL>
<BR>[Called By]<UL><LI><a href="#[2]">&gt;&gt;</a>&nbsp;&nbsp;&nbsp;HardFault_Handler
</UL>
<BR>[Address Reference Count : 1]<UL><LI> startup_c32f0xx_s.o(RESET)
</UL>
<P><STRONG><a name="[3]"></a>SVC_Handler</STRONG> (Thumb, 2 bytes, Stack size 0 bytes, startup_c32f0xx_s.o(.text))
<BR><BR>[Calls]<UL><LI><a href="#[3]">&gt;&gt;</a>&nbsp;&nbsp;&nbsp;SVC_Handler
</UL>
<BR>[Called By]<UL><LI><a href="#[3]">&gt;&gt;</a>&nbsp;&nbsp;&nbsp;SVC_Handler
</UL>
<BR>[Address Reference Count : 1]<UL><LI> startup_c32f0xx_s.o(RESET)
</UL>
<P><STRONG><a name="[4]"></a>PendSV_Handler</STRONG> (Thumb, 2 bytes, Stack size 0 bytes, startup_c32f0xx_s.o(.text))
<BR><BR>[Calls]<UL><LI><a href="#[4]">&gt;&gt;</a>&nbsp;&nbsp;&nbsp;PendSV_Handler
</UL>
<BR>[Called By]<UL><LI><a href="#[4]">&gt;&gt;</a>&nbsp;&nbsp;&nbsp;PendSV_Handler
</UL>
<BR>[Address Reference Count : 1]<UL><LI> startup_c32f0xx_s.o(RESET)
</UL>
<P><STRONG><a name="[5]"></a>SysTick_Handler</STRONG> (Thumb, 2 bytes, Stack size 0 bytes, startup_c32f0xx_s.o(.text))
<BR><BR>[Calls]<UL><LI><a href="#[5]">&gt;&gt;</a>&nbsp;&nbsp;&nbsp;SysTick_Handler
</UL>
<BR>[Called By]<UL><LI><a href="#[5]">&gt;&gt;</a>&nbsp;&nbsp;&nbsp;SysTick_Handler
</UL>
<BR>[Address Reference Count : 1]<UL><LI> startup_c32f0xx_s.o(RESET)
</UL>
<P><STRONG><a name="[f]"></a>ADC_IRQHandler</STRONG> (Thumb, 0 bytes, Stack size 0 bytes, startup_c32f0xx_s.o(.text))
<BR><BR>[Calls]<UL><LI><a href="#[f]">&gt;&gt;</a>&nbsp;&nbsp;&nbsp;ADC_IRQHandler
</UL>
<BR>[Called By]<UL><LI><a href="#[f]">&gt;&gt;</a>&nbsp;&nbsp;&nbsp;ADC_IRQHandler
</UL>
<BR>[Address Reference Count : 1]<UL><LI> startup_c32f0xx_s.o(RESET)
</UL>
<P><STRONG><a name="[11]"></a>BOD_IRQHandler</STRONG> (Thumb, 0 bytes, Stack size 0 bytes, startup_c32f0xx_s.o(.text))
<BR>[Address Reference Count : 1]<UL><LI> startup_c32f0xx_s.o(RESET)
</UL>
<P><STRONG><a name="[12]"></a>GPIOA_IRQHandler</STRONG> (Thumb, 0 bytes, Stack size 0 bytes, startup_c32f0xx_s.o(.text))
<BR>[Address Reference Count : 1]<UL><LI> startup_c32f0xx_s.o(RESET)
</UL>
<P><STRONG><a name="[13]"></a>GPIOB_IRQHandler</STRONG> (Thumb, 0 bytes, Stack size 0 bytes, startup_c32f0xx_s.o(.text))
<BR>[Address Reference Count : 1]<UL><LI> startup_c32f0xx_s.o(RESET)
</UL>
<P><STRONG><a name="[14]"></a>GPIOC_IRQHandler</STRONG> (Thumb, 0 bytes, Stack size 0 bytes, startup_c32f0xx_s.o(.text))
<BR>[Address Reference Count : 1]<UL><LI> startup_c32f0xx_s.o(RESET)
</UL>
<P><STRONG><a name="[7]"></a>PWM_FAULT_IRQHandler</STRONG> (Thumb, 0 bytes, Stack size 0 bytes, startup_c32f0xx_s.o(.text))
<BR>[Address Reference Count : 1]<UL><LI> startup_c32f0xx_s.o(RESET)
</UL>
<P><STRONG><a name="[17]"></a>PWM_TIMER_IRQHandler</STRONG> (Thumb, 0 bytes, Stack size 0 bytes, startup_c32f0xx_s.o(.text))
<BR>[Address Reference Count : 1]<UL><LI> startup_c32f0xx_s.o(RESET)
</UL>
<P><STRONG><a name="[15]"></a>RTC_IRQHandler</STRONG> (Thumb, 0 bytes, Stack size 0 bytes, startup_c32f0xx_s.o(.text))
<BR>[Address Reference Count : 1]<UL><LI> startup_c32f0xx_s.o(RESET)
</UL>
<P><STRONG><a name="[16]"></a>SPI_IRQHandler</STRONG> (Thumb, 0 bytes, Stack size 0 bytes, startup_c32f0xx_s.o(.text))
<BR>[Address Reference Count : 1]<UL><LI> startup_c32f0xx_s.o(RESET)
</UL>
<P><STRONG><a name="[a]"></a>TIMER16_1_IRQHandler</STRONG> (Thumb, 0 bytes, Stack size 0 bytes, startup_c32f0xx_s.o(.text))
<BR>[Address Reference Count : 1]<UL><LI> startup_c32f0xx_s.o(RESET)
</UL>
<P><STRONG><a name="[b]"></a>TIMER16_2_IRQHandler</STRONG> (Thumb, 0 bytes, Stack size 0 bytes, startup_c32f0xx_s.o(.text))
<BR>[Address Reference Count : 1]<UL><LI> startup_c32f0xx_s.o(RESET)
</UL>
<P><STRONG><a name="[c]"></a>TIMER16_3_IRQHandler</STRONG> (Thumb, 0 bytes, Stack size 0 bytes, startup_c32f0xx_s.o(.text))
<BR>[Address Reference Count : 1]<UL><LI> startup_c32f0xx_s.o(RESET)
</UL>
<P><STRONG><a name="[8]"></a>TWS_IRQHandler</STRONG> (Thumb, 0 bytes, Stack size 0 bytes, startup_c32f0xx_s.o(.text))
<BR>[Address Reference Count : 1]<UL><LI> startup_c32f0xx_s.o(RESET)
</UL>
<P><STRONG><a name="[e]"></a>UART1_IRQHandler</STRONG> (Thumb, 0 bytes, Stack size 0 bytes, startup_c32f0xx_s.o(.text))
<BR>[Address Reference Count : 1]<UL><LI> startup_c32f0xx_s.o(RESET)
</UL>
<P><STRONG><a name="[6]"></a>WAKEUP_IRQHandler</STRONG> (Thumb, 0 bytes, Stack size 0 bytes, startup_c32f0xx_s.o(.text))
<BR>[Address Reference Count : 1]<UL><LI> startup_c32f0xx_s.o(RESET)
</UL>
<P><STRONG><a name="[10]"></a>WDT_IRQHandler</STRONG> (Thumb, 0 bytes, Stack size 0 bytes, startup_c32f0xx_s.o(.text))
<BR>[Address Reference Count : 1]<UL><LI> startup_c32f0xx_s.o(RESET)
</UL>
<P><STRONG><a name="[39]"></a>SystemCoreClockUpdate</STRONG> (Thumb, 20 bytes, Stack size 8 bytes, system_c32f0xx.o(.text))
<BR><BR>[Stack]<UL><LI>Max Depth = 20<LI>Call Chain = SystemCoreClockUpdate &rArr; __aeabi_uidivmod
</UL>
<BR>[Calls]<UL><LI><a href="#[28]">&gt;&gt;</a>&nbsp;&nbsp;&nbsp;__aeabi_uidivmod
</UL>
<BR>[Called By]<UL><LI><a href="#[3b]">&gt;&gt;</a>&nbsp;&nbsp;&nbsp;SYS_SelectMainClkSrc
<LI><a href="#[3a]">&gt;&gt;</a>&nbsp;&nbsp;&nbsp;SYS_SetAHBClkDivider
</UL>

<P><STRONG><a name="[50]"></a>SystemInit</STRONG> (Thumb, 2 bytes, Stack size 0 bytes, system_c32f0xx.o(.text), UNUSED)

<P><STRONG><a name="[3a]"></a>SYS_SetAHBClkDivider</STRONG> (Thumb, 48 bytes, Stack size 8 bytes, c32f0xx_sys.o(.text))
<BR><BR>[Stack]<UL><LI>Max Depth = 28<LI>Call Chain = SYS_SetAHBClkDivider &rArr; SystemCoreClockUpdate &rArr; __aeabi_uidivmod
</UL>
<BR>[Calls]<UL><LI><a href="#[39]">&gt;&gt;</a>&nbsp;&nbsp;&nbsp;SystemCoreClockUpdate
</UL>
<BR>[Called By]<UL><LI><a href="#[38]">&gt;&gt;</a>&nbsp;&nbsp;&nbsp;SYS_SystemInitial
</UL>

<P><STRONG><a name="[3b]"></a>SYS_SelectMainClkSrc</STRONG> (Thumb, 68 bytes, Stack size 8 bytes, c32f0xx_sys.o(.text))
<BR><BR>[Stack]<UL><LI>Max Depth = 28<LI>Call Chain = SYS_SelectMainClkSrc &rArr; SystemCoreClockUpdate &rArr; __aeabi_uidivmod
</UL>
<BR>[Calls]<UL><LI><a href="#[39]">&gt;&gt;</a>&nbsp;&nbsp;&nbsp;SystemCoreClockUpdate
</UL>
<BR>[Called By]<UL><LI><a href="#[38]">&gt;&gt;</a>&nbsp;&nbsp;&nbsp;SYS_SystemInitial
</UL>

<P><STRONG><a name="[38]"></a>SYS_SystemInitial</STRONG> (Thumb, 34 bytes, Stack size 8 bytes, c32f0xx_sys.o(.text))
<BR><BR>[Stack]<UL><LI>Max Depth = 36<LI>Call Chain = SYS_SystemInitial &rArr; SYS_SelectMainClkSrc &rArr; SystemCoreClockUpdate &rArr; __aeabi_uidivmod
</UL>
<BR>[Calls]<UL><LI><a href="#[3b]">&gt;&gt;</a>&nbsp;&nbsp;&nbsp;SYS_SelectMainClkSrc
<LI><a href="#[3a]">&gt;&gt;</a>&nbsp;&nbsp;&nbsp;SYS_SetAHBClkDivider
</UL>
<BR>[Called By]<UL><LI><a href="#[1c]">&gt;&gt;</a>&nbsp;&nbsp;&nbsp;sys_init
</UL>

<P><STRONG><a name="[33]"></a>SYS_SelectWDTClkSrc</STRONG> (Thumb, 46 bytes, Stack size 0 bytes, c32f0xx_sys.o(.text))
<BR><BR>[Called By]<UL><LI><a href="#[32]">&gt;&gt;</a>&nbsp;&nbsp;&nbsp;wdt_init_t
</UL>

<P><STRONG><a name="[3c]"></a>SYS_SelectClkOutSrc</STRONG> (Thumb, 92 bytes, Stack size 4 bytes, c32f0xx_sys.o(.text), UNUSED)
<BR><BR>[Calls]<UL><LI><a href="#[3d]">&gt;&gt;</a>&nbsp;&nbsp;&nbsp;__ARM_common_switch8
</UL>

<P><STRONG><a name="[51]"></a>SYS_SetClkOutDivider</STRONG> (Thumb, 22 bytes, Stack size 0 bytes, c32f0xx_sys.o(.text), UNUSED)

<P><STRONG><a name="[52]"></a>SYS_EnableClkOut</STRONG> (Thumb, 8 bytes, Stack size 0 bytes, c32f0xx_sys.o(.text), UNUSED)

<P><STRONG><a name="[53]"></a>SYS_DisableClkOut</STRONG> (Thumb, 26 bytes, Stack size 0 bytes, c32f0xx_sys.o(.text), UNUSED)

<P><STRONG><a name="[54]"></a>SYS_SetIOFilter</STRONG> (Thumb, 18 bytes, Stack size 0 bytes, c32f0xx_sys.o(.text), UNUSED)

<P><STRONG><a name="[55]"></a>SYS_PowerDownAngIP</STRONG> (Thumb, 16 bytes, Stack size 0 bytes, c32f0xx_sys.o(.text), UNUSED)

<P><STRONG><a name="[56]"></a>SYS_PowerUpAngIP</STRONG> (Thumb, 16 bytes, Stack size 0 bytes, c32f0xx_sys.o(.text), UNUSED)

<P><STRONG><a name="[21]"></a>SYS_EnablePhrClk</STRONG> (Thumb, 16 bytes, Stack size 0 bytes, c32f0xx_sys.o(.text))
<BR><BR>[Called By]<UL><LI><a href="#[32]">&gt;&gt;</a>&nbsp;&nbsp;&nbsp;wdt_init_t
<LI><a href="#[2d]">&gt;&gt;</a>&nbsp;&nbsp;&nbsp;get_gpio
<LI><a href="#[37]">&gt;&gt;</a>&nbsp;&nbsp;&nbsp;UART1_Init
<LI><a href="#[26]">&gt;&gt;</a>&nbsp;&nbsp;&nbsp;get_adc_gpio
<LI><a href="#[20]">&gt;&gt;</a>&nbsp;&nbsp;&nbsp;UART0_Init
<LI><a href="#[25]">&gt;&gt;</a>&nbsp;&nbsp;&nbsp;UART1_Init
</UL>

<P><STRONG><a name="[57]"></a>SYS_DisablePhrClk</STRONG> (Thumb, 16 bytes, Stack size 0 bytes, c32f0xx_sys.o(.text), UNUSED)

<P><STRONG><a name="[58]"></a>SYS_ResetPhr</STRONG> (Thumb, 24 bytes, Stack size 0 bytes, c32f0xx_sys.o(.text), UNUSED)

<P><STRONG><a name="[59]"></a>SYS_ResetSystem</STRONG> (Thumb, 22 bytes, Stack size 0 bytes, c32f0xx_sys.o(.text), UNUSED)

<P><STRONG><a name="[5a]"></a>SYS_BODResetSystem</STRONG> (Thumb, 48 bytes, Stack size 0 bytes, c32f0xx_sys.o(.text), UNUSED)

<P><STRONG><a name="[5b]"></a>SYS_GetResetStatus</STRONG> (Thumb, 8 bytes, Stack size 0 bytes, c32f0xx_sys.o(.text), UNUSED)

<P><STRONG><a name="[5c]"></a>SYS_ClearResetStatus</STRONG> (Thumb, 10 bytes, Stack size 0 bytes, c32f0xx_sys.o(.text), UNUSED)

<P><STRONG><a name="[5d]"></a>SYS_EnterSleep</STRONG> (Thumb, 48 bytes, Stack size 0 bytes, c32f0xx_sys.o(.text), UNUSED)

<P><STRONG><a name="[5e]"></a>SYS_SetDeepSleepWakeupPin</STRONG> (Thumb, 64 bytes, Stack size 8 bytes, c32f0xx_sys.o(.text), UNUSED)

<P><STRONG><a name="[5f]"></a>SYS_ResetDeepSleepWakeupPin</STRONG> (Thumb, 10 bytes, Stack size 0 bytes, c32f0xx_sys.o(.text), UNUSED)

<P><STRONG><a name="[60]"></a>SYS_EnterDeepSleep</STRONG> (Thumb, 164 bytes, Stack size 8 bytes, c32f0xx_sys.o(.text), UNUSED)

<P><STRONG><a name="[61]"></a>SYS_EnterPowerDown</STRONG> (Thumb, 108 bytes, Stack size 0 bytes, c32f0xx_sys.o(.text), UNUSED)

<P><STRONG><a name="[62]"></a>SYS_IOConfig</STRONG> (Thumb, 4 bytes, Stack size 0 bytes, c32f0xx_sys.o(.text), UNUSED)

<P><STRONG><a name="[63]"></a>SYS_IOSetPullup</STRONG> (Thumb, 20 bytes, Stack size 0 bytes, c32f0xx_sys.o(.text), UNUSED)

<P><STRONG><a name="[64]"></a>SYS_IOSetPulldown</STRONG> (Thumb, 20 bytes, Stack size 0 bytes, c32f0xx_sys.o(.text), UNUSED)

<P><STRONG><a name="[65]"></a>SYS_IOSwitchtoAng</STRONG> (Thumb, 12 bytes, Stack size 0 bytes, c32f0xx_sys.o(.text), UNUSED)

<P><STRONG><a name="[66]"></a>SYS_IOSwitchtoDigit</STRONG> (Thumb, 64 bytes, Stack size 0 bytes, c32f0xx_sys.o(.text), UNUSED)

<P><STRONG><a name="[67]"></a>SYS_IOEnableFilter</STRONG> (Thumb, 14 bytes, Stack size 0 bytes, c32f0xx_sys.o(.text), UNUSED)

<P><STRONG><a name="[68]"></a>SYS_IODisableFilter</STRONG> (Thumb, 12 bytes, Stack size 0 bytes, c32f0xx_sys.o(.text), UNUSED)

<P><STRONG><a name="[22]"></a>SYS_IOCONInit</STRONG> (Thumb, 58 bytes, Stack size 32 bytes, c32f0xx_sys.o(.text))
<BR><BR>[Stack]<UL><LI>Max Depth = 32<LI>Call Chain = SYS_IOCONInit
</UL>
<BR>[Called By]<UL><LI><a href="#[2d]">&gt;&gt;</a>&nbsp;&nbsp;&nbsp;get_gpio
<LI><a href="#[26]">&gt;&gt;</a>&nbsp;&nbsp;&nbsp;get_adc_gpio
<LI><a href="#[20]">&gt;&gt;</a>&nbsp;&nbsp;&nbsp;UART0_Init
</UL>

<P><STRONG><a name="[2f]"></a>GPIO_ConfigPinsAsInput</STRONG> (Thumb, 8 bytes, Stack size 0 bytes, c32f0xx_gpio.o(.text))
<BR><BR>[Called By]<UL><LI><a href="#[2d]">&gt;&gt;</a>&nbsp;&nbsp;&nbsp;get_gpio
</UL>

<P><STRONG><a name="[2e]"></a>GPIO_ConfigPinsAsOutput</STRONG> (Thumb, 8 bytes, Stack size 0 bytes, c32f0xx_gpio.o(.text))
<BR><BR>[Called By]<UL><LI><a href="#[2d]">&gt;&gt;</a>&nbsp;&nbsp;&nbsp;get_gpio
</UL>

<P><STRONG><a name="[69]"></a>GPIO_SetPin</STRONG> (Thumb, 8 bytes, Stack size 0 bytes, c32f0xx_gpio.o(.text), UNUSED)

<P><STRONG><a name="[6a]"></a>GPIO_ResetPin</STRONG> (Thumb, 8 bytes, Stack size 0 bytes, c32f0xx_gpio.o(.text), UNUSED)

<P><STRONG><a name="[6b]"></a>GPIO_InvertOutPin</STRONG> (Thumb, 8 bytes, Stack size 0 bytes, c32f0xx_gpio.o(.text), UNUSED)

<P><STRONG><a name="[6c]"></a>GPIO_GetPinState</STRONG> (Thumb, 18 bytes, Stack size 0 bytes, c32f0xx_gpio.o(.text), UNUSED)

<P><STRONG><a name="[6d]"></a>GPIO_GetPortState</STRONG> (Thumb, 8 bytes, Stack size 0 bytes, c32f0xx_gpio.o(.text), UNUSED)

<P><STRONG><a name="[6e]"></a>GPIO_SetPortMask</STRONG> (Thumb, 8 bytes, Stack size 0 bytes, c32f0xx_gpio.o(.text), UNUSED)

<P><STRONG><a name="[6f]"></a>GPIO_ResetPortMask</STRONG> (Thumb, 8 bytes, Stack size 0 bytes, c32f0xx_gpio.o(.text), UNUSED)

<P><STRONG><a name="[70]"></a>GPIO_ReadPort</STRONG> (Thumb, 8 bytes, Stack size 0 bytes, c32f0xx_gpio.o(.text), UNUSED)

<P><STRONG><a name="[71]"></a>GPIO_WritePort</STRONG> (Thumb, 4 bytes, Stack size 0 bytes, c32f0xx_gpio.o(.text), UNUSED)

<P><STRONG><a name="[30]"></a>GPIO_EnableInt</STRONG> (Thumb, 68 bytes, Stack size 0 bytes, c32f0xx_gpio.o(.text))
<BR><BR>[Called By]<UL><LI><a href="#[2d]">&gt;&gt;</a>&nbsp;&nbsp;&nbsp;get_gpio
</UL>

<P><STRONG><a name="[3e]"></a>CT16B0_Init</STRONG> (Thumb, 168 bytes, Stack size 16 bytes, c32f0xx_timer.o(.text), UNUSED)
<BR><BR>[Calls]<UL><LI><a href="#[28]">&gt;&gt;</a>&nbsp;&nbsp;&nbsp;__aeabi_uidivmod
</UL>

<P><STRONG><a name="[72]"></a>CT16B0_ConfigMatch</STRONG> (Thumb, 20 bytes, Stack size 8 bytes, c32f0xx_timer.o(.text), UNUSED)

<P><STRONG><a name="[73]"></a>CT16B0_SetTimerCounter</STRONG> (Thumb, 14 bytes, Stack size 0 bytes, c32f0xx_timer.o(.text), UNUSED)

<P><STRONG><a name="[74]"></a>CT16B0_ResetTimerCounter</STRONG> (Thumb, 10 bytes, Stack size 0 bytes, c32f0xx_timer.o(.text), UNUSED)

<P><STRONG><a name="[75]"></a>CT16B0_GetTimerCounter</STRONG> (Thumb, 8 bytes, Stack size 0 bytes, c32f0xx_timer.o(.text), UNUSED)

<P><STRONG><a name="[1f]"></a>CT16B0_ClearIntFlag</STRONG> (Thumb, 12 bytes, Stack size 0 bytes, c32f0xx_timer.o(.text))
<BR><BR>[Called By]<UL><LI><a href="#[9]">&gt;&gt;</a>&nbsp;&nbsp;&nbsp;TIMER16_0_IRQHandler
</UL>

<P><STRONG><a name="[76]"></a>CT16B0_EnableInt</STRONG> (Thumb, 12 bytes, Stack size 0 bytes, c32f0xx_timer.o(.text), UNUSED)

<P><STRONG><a name="[77]"></a>CT16B0_DisableInt</STRONG> (Thumb, 10 bytes, Stack size 0 bytes, c32f0xx_timer.o(.text), UNUSED)

<P><STRONG><a name="[3f]"></a>CT16B2_Init</STRONG> (Thumb, 154 bytes, Stack size 16 bytes, c32f0xx_timer.o(.text), UNUSED)
<BR><BR>[Calls]<UL><LI><a href="#[28]">&gt;&gt;</a>&nbsp;&nbsp;&nbsp;__aeabi_uidivmod
</UL>

<P><STRONG><a name="[78]"></a>CT16B2_SetCTType</STRONG> (Thumb, 16 bytes, Stack size 0 bytes, c32f0xx_timer.o(.text), UNUSED)

<P><STRONG><a name="[79]"></a>CT16B2_SelectTimerClearSignal</STRONG> (Thumb, 56 bytes, Stack size 12 bytes, c32f0xx_timer.o(.text), UNUSED)

<P><STRONG><a name="[7a]"></a>CT16B2_SelectPriSrc</STRONG> (Thumb, 24 bytes, Stack size 8 bytes, c32f0xx_timer.o(.text), UNUSED)

<P><STRONG><a name="[7b]"></a>CT16B2_SelectSecSrc</STRONG> (Thumb, 44 bytes, Stack size 12 bytes, c32f0xx_timer.o(.text), UNUSED)

<P><STRONG><a name="[7c]"></a>CT16B2_ConfigMatch0</STRONG> (Thumb, 58 bytes, Stack size 16 bytes, c32f0xx_timer.o(.text), UNUSED)

<P><STRONG><a name="[7d]"></a>CT16B2_ConfigMatch1</STRONG> (Thumb, 56 bytes, Stack size 16 bytes, c32f0xx_timer.o(.text), UNUSED)

<P><STRONG><a name="[7e]"></a>CT16B2_ConfigMatch2</STRONG> (Thumb, 62 bytes, Stack size 16 bytes, c32f0xx_timer.o(.text), UNUSED)

<P><STRONG><a name="[7f]"></a>CT16B2_ConfigMatch3</STRONG> (Thumb, 62 bytes, Stack size 16 bytes, c32f0xx_timer.o(.text), UNUSED)

<P><STRONG><a name="[80]"></a>CT16B2_ConfigCapture0</STRONG> (Thumb, 108 bytes, Stack size 8 bytes, c32f0xx_timer.o(.text), UNUSED)

<P><STRONG><a name="[81]"></a>CT16B2_ConfigCapture1</STRONG> (Thumb, 134 bytes, Stack size 8 bytes, c32f0xx_timer.o(.text), UNUSED)

<P><STRONG><a name="[82]"></a>CT16B2_ConfigCapture2</STRONG> (Thumb, 110 bytes, Stack size 8 bytes, c32f0xx_timer.o(.text), UNUSED)

<P><STRONG><a name="[83]"></a>CT16B2_ConfigCapture3</STRONG> (Thumb, 116 bytes, Stack size 8 bytes, c32f0xx_timer.o(.text), UNUSED)

<P><STRONG><a name="[84]"></a>CT16B2_GetCapture0Value</STRONG> (Thumb, 8 bytes, Stack size 0 bytes, c32f0xx_timer.o(.text), UNUSED)

<P><STRONG><a name="[85]"></a>CT16B2_GetCapture1Value</STRONG> (Thumb, 8 bytes, Stack size 0 bytes, c32f0xx_timer.o(.text), UNUSED)

<P><STRONG><a name="[86]"></a>CT16B2_GetCapture2Value</STRONG> (Thumb, 8 bytes, Stack size 0 bytes, c32f0xx_timer.o(.text), UNUSED)

<P><STRONG><a name="[87]"></a>CT16B2_GetCapture3Value</STRONG> (Thumb, 8 bytes, Stack size 0 bytes, c32f0xx_timer.o(.text), UNUSED)

<P><STRONG><a name="[88]"></a>CT16B2_SetTimerCounter</STRONG> (Thumb, 14 bytes, Stack size 0 bytes, c32f0xx_timer.o(.text), UNUSED)

<P><STRONG><a name="[89]"></a>CT16B2_ResetTimerCounter</STRONG> (Thumb, 18 bytes, Stack size 0 bytes, c32f0xx_timer.o(.text), UNUSED)

<P><STRONG><a name="[8a]"></a>CT16B2_GetTimerCounter</STRONG> (Thumb, 8 bytes, Stack size 0 bytes, c32f0xx_timer.o(.text), UNUSED)

<P><STRONG><a name="[8b]"></a>CT16B2_ClearIntFlag</STRONG> (Thumb, 6 bytes, Stack size 0 bytes, c32f0xx_timer.o(.text), UNUSED)

<P><STRONG><a name="[8c]"></a>CT16B2_EnableInt</STRONG> (Thumb, 8 bytes, Stack size 0 bytes, c32f0xx_timer.o(.text), UNUSED)

<P><STRONG><a name="[8d]"></a>CT16B2_DisableInt</STRONG> (Thumb, 8 bytes, Stack size 0 bytes, c32f0xx_timer.o(.text), UNUSED)

<P><STRONG><a name="[8e]"></a>TIM_PWMConfig</STRONG> (Thumb, 84 bytes, Stack size 16 bytes, c32f0xx_timer.o(.text), UNUSED)

<P><STRONG><a name="[23]"></a>UART_Open</STRONG> (Thumb, 318 bytes, Stack size 40 bytes, c32f0xx_uart.o(.text))
<BR><BR>[Stack]<UL><LI>Max Depth = 52<LI>Call Chain = UART_Open &rArr; __aeabi_uidivmod
</UL>
<BR>[Calls]<UL><LI><a href="#[28]">&gt;&gt;</a>&nbsp;&nbsp;&nbsp;__aeabi_uidivmod
<LI><a href="#[40]">&gt;&gt;</a>&nbsp;&nbsp;&nbsp;NVIC_DisableIRQ
</UL>
<BR>[Called By]<UL><LI><a href="#[37]">&gt;&gt;</a>&nbsp;&nbsp;&nbsp;UART1_Init
<LI><a href="#[20]">&gt;&gt;</a>&nbsp;&nbsp;&nbsp;UART0_Init
<LI><a href="#[25]">&gt;&gt;</a>&nbsp;&nbsp;&nbsp;UART1_Init
</UL>

<P><STRONG><a name="[43]"></a>UART_ClearIntFlag</STRONG> (Thumb, 10 bytes, Stack size 0 bytes, c32f0xx_uart.o(.text), UNUSED)
<BR><BR>[Called By]<UL><LI><a href="#[41]">&gt;&gt;</a>&nbsp;&nbsp;&nbsp;UART_Close
</UL>

<P><STRONG><a name="[42]"></a>UART_DisableInt</STRONG> (Thumb, 10 bytes, Stack size 0 bytes, c32f0xx_uart.o(.text), UNUSED)
<BR><BR>[Called By]<UL><LI><a href="#[41]">&gt;&gt;</a>&nbsp;&nbsp;&nbsp;UART_Close
</UL>

<P><STRONG><a name="[41]"></a>UART_Close</STRONG> (Thumb, 74 bytes, Stack size 8 bytes, c32f0xx_uart.o(.text), UNUSED)
<BR><BR>[Calls]<UL><LI><a href="#[42]">&gt;&gt;</a>&nbsp;&nbsp;&nbsp;UART_DisableInt
<LI><a href="#[43]">&gt;&gt;</a>&nbsp;&nbsp;&nbsp;UART_ClearIntFlag
<LI><a href="#[40]">&gt;&gt;</a>&nbsp;&nbsp;&nbsp;NVIC_DisableIRQ
</UL>

<P><STRONG><a name="[8f]"></a>UART_ByteRead</STRONG> (Thumb, 24 bytes, Stack size 0 bytes, c32f0xx_uart.o(.text), UNUSED)

<P><STRONG><a name="[90]"></a>UART_Read</STRONG> (Thumb, 40 bytes, Stack size 12 bytes, c32f0xx_uart.o(.text), UNUSED)

<P><STRONG><a name="[91]"></a>UART_ByteWrite</STRONG> (Thumb, 30 bytes, Stack size 0 bytes, c32f0xx_uart.o(.text), UNUSED)

<P><STRONG><a name="[92]"></a>UART_Write</STRONG> (Thumb, 48 bytes, Stack size 16 bytes, c32f0xx_uart.o(.text), UNUSED)

<P><STRONG><a name="[93]"></a>UART_Send</STRONG> (Thumb, 40 bytes, Stack size 12 bytes, c32f0xx_uart.o(.text), UNUSED)

<P><STRONG><a name="[94]"></a>UART_PutString</STRONG> (Thumb, 28 bytes, Stack size 0 bytes, c32f0xx_uart.o(.text), UNUSED)

<P><STRONG><a name="[95]"></a>UART_PutHex</STRONG> (Thumb, 60 bytes, Stack size 8 bytes, c32f0xx_uart.o(.text), UNUSED)

<P><STRONG><a name="[96]"></a>UART_EnableInt</STRONG> (Thumb, 8 bytes, Stack size 0 bytes, c32f0xx_uart.o(.text), UNUSED)

<P><STRONG><a name="[97]"></a>UART_GetStatus</STRONG> (Thumb, 8 bytes, Stack size 0 bytes, c32f0xx_uart.o(.text), UNUSED)

<P><STRONG><a name="[98]"></a>UART_ClearFIFO</STRONG> (Thumb, 6 bytes, Stack size 0 bytes, c32f0xx_uart.o(.text), UNUSED)

<P><STRONG><a name="[99]"></a>WDT_Init</STRONG> (Thumb, 18 bytes, Stack size 0 bytes, c32f0xx_wdt.o(.text), UNUSED)

<P><STRONG><a name="[9a]"></a>WDT_Deinit</STRONG> (Thumb, 16 bytes, Stack size 0 bytes, c32f0xx_wdt.o(.text), UNUSED)

<P><STRONG><a name="[34]"></a>WDT_SetWindowValue</STRONG> (Thumb, 48 bytes, Stack size 0 bytes, c32f0xx_wdt.o(.text))
<BR><BR>[Called By]<UL><LI><a href="#[32]">&gt;&gt;</a>&nbsp;&nbsp;&nbsp;wdt_init_t
</UL>

<P><STRONG><a name="[36]"></a>WDT_Feed</STRONG> (Thumb, 28 bytes, Stack size 0 bytes, c32f0xx_wdt.o(.text))
<BR><BR>[Called By]<UL><LI><a href="#[32]">&gt;&gt;</a>&nbsp;&nbsp;&nbsp;wdt_init_t
</UL>

<P><STRONG><a name="[9b]"></a>WDT_SetIntervalinTick</STRONG> (Thumb, 34 bytes, Stack size 0 bytes, c32f0xx_wdt.o(.text), UNUSED)

<P><STRONG><a name="[35]"></a>WDT_SetIntervalinMiliSec</STRONG> (Thumb, 78 bytes, Stack size 16 bytes, c32f0xx_wdt.o(.text))
<BR><BR>[Stack]<UL><LI>Max Depth = 28<LI>Call Chain = WDT_SetIntervalinMiliSec &rArr; __aeabi_uidivmod
</UL>
<BR>[Calls]<UL><LI><a href="#[28]">&gt;&gt;</a>&nbsp;&nbsp;&nbsp;__aeabi_uidivmod
</UL>
<BR>[Called By]<UL><LI><a href="#[32]">&gt;&gt;</a>&nbsp;&nbsp;&nbsp;wdt_init_t
</UL>

<P><STRONG><a name="[9c]"></a>WDT_EnableResetSystem</STRONG> (Thumb, 14 bytes, Stack size 0 bytes, c32f0xx_wdt.o(.text), UNUSED)

<P><STRONG><a name="[9d]"></a>WDT_ClearIntFlag</STRONG> (Thumb, 28 bytes, Stack size 0 bytes, c32f0xx_wdt.o(.text), UNUSED)

<P><STRONG><a name="[9e]"></a>WDT_GetCounterValue</STRONG> (Thumb, 6 bytes, Stack size 0 bytes, c32f0xx_wdt.o(.text), UNUSED)

<P><STRONG><a name="[9f]"></a>WDT_EnableLock</STRONG> (Thumb, 44 bytes, Stack size 0 bytes, c32f0xx_wdt.o(.text), UNUSED)

<P><STRONG><a name="[a0]"></a>__aeabi_uidiv</STRONG> (Thumb, 0 bytes, Stack size 12 bytes, uidiv.o(.text), UNUSED)

<P><STRONG><a name="[28]"></a>__aeabi_uidivmod</STRONG> (Thumb, 44 bytes, Stack size 12 bytes, uidiv.o(.text))
<BR><BR>[Stack]<UL><LI>Max Depth = 12<LI>Call Chain = __aeabi_uidivmod
</UL>
<BR>[Called By]<UL><LI><a href="#[3f]">&gt;&gt;</a>&nbsp;&nbsp;&nbsp;CT16B2_Init
<LI><a href="#[3e]">&gt;&gt;</a>&nbsp;&nbsp;&nbsp;CT16B0_Init
<LI><a href="#[39]">&gt;&gt;</a>&nbsp;&nbsp;&nbsp;SystemCoreClockUpdate
<LI><a href="#[35]">&gt;&gt;</a>&nbsp;&nbsp;&nbsp;WDT_SetIntervalinMiliSec
<LI><a href="#[23]">&gt;&gt;</a>&nbsp;&nbsp;&nbsp;UART_Open
<LI><a href="#[27]">&gt;&gt;</a>&nbsp;&nbsp;&nbsp;get_len
<LI><a href="#[1d]">&gt;&gt;</a>&nbsp;&nbsp;&nbsp;get_packet
<LI><a href="#[1e]">&gt;&gt;</a>&nbsp;&nbsp;&nbsp;get_data
</UL>

<P><STRONG><a name="[44]"></a>__aeabi_memset</STRONG> (Thumb, 14 bytes, Stack size 0 bytes, memseta.o(.text))
<BR><BR>[Called By]<UL><LI><a href="#[45]">&gt;&gt;</a>&nbsp;&nbsp;&nbsp;_memset$wrapper
<LI><a href="#[2a]">&gt;&gt;</a>&nbsp;&nbsp;&nbsp;__aeabi_memclr
</UL>

<P><STRONG><a name="[a1]"></a>__aeabi_memset4</STRONG> (Thumb, 0 bytes, Stack size 0 bytes, memseta.o(.text), UNUSED)

<P><STRONG><a name="[a2]"></a>__aeabi_memset8</STRONG> (Thumb, 0 bytes, Stack size 0 bytes, memseta.o(.text), UNUSED)

<P><STRONG><a name="[2a]"></a>__aeabi_memclr</STRONG> (Thumb, 4 bytes, Stack size 0 bytes, memseta.o(.text))
<BR><BR>[Calls]<UL><LI><a href="#[44]">&gt;&gt;</a>&nbsp;&nbsp;&nbsp;__aeabi_memset
</UL>
<BR>[Called By]<UL><LI><a href="#[1d]">&gt;&gt;</a>&nbsp;&nbsp;&nbsp;get_packet
<LI><a href="#[1e]">&gt;&gt;</a>&nbsp;&nbsp;&nbsp;get_data
</UL>

<P><STRONG><a name="[a3]"></a>__aeabi_memclr4</STRONG> (Thumb, 0 bytes, Stack size 0 bytes, memseta.o(.text), UNUSED)

<P><STRONG><a name="[a4]"></a>__aeabi_memclr8</STRONG> (Thumb, 0 bytes, Stack size 0 bytes, memseta.o(.text), UNUSED)

<P><STRONG><a name="[45]"></a>_memset$wrapper</STRONG> (Thumb, 18 bytes, Stack size 8 bytes, memseta.o(.text), UNUSED)
<BR><BR>[Calls]<UL><LI><a href="#[44]">&gt;&gt;</a>&nbsp;&nbsp;&nbsp;__aeabi_memset
</UL>

<P><STRONG><a name="[1b]"></a>__scatterload</STRONG> (Thumb, 28 bytes, Stack size 0 bytes, init.o(.text))
<BR><BR>[Calls]<UL><LI><a href="#[46]">&gt;&gt;</a>&nbsp;&nbsp;&nbsp;__main_after_scatterload
</UL>
<BR>[Called By]<UL><LI><a href="#[1a]">&gt;&gt;</a>&nbsp;&nbsp;&nbsp;_main_scatterload
</UL>

<P><STRONG><a name="[a5]"></a>__scatterload_rt2</STRONG> (Thumb, 0 bytes, Stack size 0 bytes, init.o(.text), UNUSED)

<P><STRONG><a name="[3d]"></a>__ARM_common_switch8</STRONG> (Thumb, 28 bytes, Stack size 8 bytes, c32f0xx_sys.o(i.__ARM_common_switch8), UNUSED)
<BR><BR>[Called By]<UL><LI><a href="#[3c]">&gt;&gt;</a>&nbsp;&nbsp;&nbsp;SYS_SelectClkOutSrc
</UL>

<P><STRONG><a name="[a6]"></a>__scatterload_copy</STRONG> (Thumb, 14 bytes, Stack size unknown bytes, handlers.o(i.__scatterload_copy), UNUSED)

<P><STRONG><a name="[a7]"></a>__scatterload_null</STRONG> (Thumb, 2 bytes, Stack size unknown bytes, handlers.o(i.__scatterload_null), UNUSED)

<P><STRONG><a name="[a8]"></a>__scatterload_zeroinit</STRONG> (Thumb, 14 bytes, Stack size unknown bytes, handlers.o(i.__scatterload_zeroinit), UNUSED)
<P>
<H3>
Local Symbols
</H3>
<P><STRONG><a name="[25]"></a>UART1_Init</STRONG> (Thumb, 38 bytes, Stack size 8 bytes, user_uart.o(.text), UNUSED)
<BR><BR>[Calls]<UL><LI><a href="#[26]">&gt;&gt;</a>&nbsp;&nbsp;&nbsp;get_adc_gpio
<LI><a href="#[23]">&gt;&gt;</a>&nbsp;&nbsp;&nbsp;UART_Open
<LI><a href="#[21]">&gt;&gt;</a>&nbsp;&nbsp;&nbsp;SYS_EnablePhrClk
</UL>

<P><STRONG><a name="[27]"></a>get_len</STRONG> (Thumb, 18 bytes, Stack size 8 bytes, user_uart.o(.text))
<BR><BR>[Stack]<UL><LI>Max Depth = 20<LI>Call Chain = get_len &rArr; __aeabi_uidivmod
</UL>
<BR>[Calls]<UL><LI><a href="#[28]">&gt;&gt;</a>&nbsp;&nbsp;&nbsp;__aeabi_uidivmod
</UL>
<BR>[Called By]<UL><LI><a href="#[d]">&gt;&gt;</a>&nbsp;&nbsp;&nbsp;UART0_IRQHandler
<LI><a href="#[29]">&gt;&gt;</a>&nbsp;&nbsp;&nbsp;get_buffer_data
<LI><a href="#[1d]">&gt;&gt;</a>&nbsp;&nbsp;&nbsp;get_packet
</UL>

<P><STRONG><a name="[29]"></a>get_buffer_data</STRONG> (Thumb, 36 bytes, Stack size 8 bytes, user_uart.o(.text))
<BR><BR>[Stack]<UL><LI>Max Depth = 28<LI>Call Chain = get_buffer_data &rArr; get_len &rArr; __aeabi_uidivmod
</UL>
<BR>[Calls]<UL><LI><a href="#[27]">&gt;&gt;</a>&nbsp;&nbsp;&nbsp;get_len
</UL>
<BR>[Called By]<UL><LI><a href="#[1d]">&gt;&gt;</a>&nbsp;&nbsp;&nbsp;get_packet
<LI><a href="#[1e]">&gt;&gt;</a>&nbsp;&nbsp;&nbsp;get_data
</UL>

<P><STRONG><a name="[24]"></a>NVIC_SetPriority</STRONG> (Thumb, 110 bytes, Stack size 8 bytes, user_uart.o(.text))
<BR><BR>[Stack]<UL><LI>Max Depth = 8<LI>Call Chain = NVIC_SetPriority
</UL>
<BR>[Called By]<UL><LI><a href="#[20]">&gt;&gt;</a>&nbsp;&nbsp;&nbsp;UART0_Init
</UL>

<P><STRONG><a name="[37]"></a>UART1_Init</STRONG> (Thumb, 38 bytes, Stack size 8 bytes, config.o(.text))
<BR><BR>[Stack]<UL><LI>Max Depth = 64<LI>Call Chain = UART1_Init &rArr; get_adc_gpio &rArr; SYS_IOCONInit
</UL>
<BR>[Calls]<UL><LI><a href="#[26]">&gt;&gt;</a>&nbsp;&nbsp;&nbsp;get_adc_gpio
<LI><a href="#[23]">&gt;&gt;</a>&nbsp;&nbsp;&nbsp;UART_Open
<LI><a href="#[21]">&gt;&gt;</a>&nbsp;&nbsp;&nbsp;SYS_EnablePhrClk
</UL>
<BR>[Called By]<UL><LI><a href="#[1c]">&gt;&gt;</a>&nbsp;&nbsp;&nbsp;sys_init
</UL>

<P><STRONG><a name="[40]"></a>NVIC_DisableIRQ</STRONG> (Thumb, 14 bytes, Stack size 0 bytes, c32f0xx_uart.o(.text))
<BR><BR>[Called By]<UL><LI><a href="#[41]">&gt;&gt;</a>&nbsp;&nbsp;&nbsp;UART_Close
<LI><a href="#[23]">&gt;&gt;</a>&nbsp;&nbsp;&nbsp;UART_Open
</UL>
<P>
<H3>
Undefined Global Symbols
</H3><HR></body></html>
