<html>
<body>
<pre>
<h1>礦ision Build Log</h1>
<h2>Tool Versions:</h2>
IDE-Version: μVision V5.15
Copyright (C) 2015 ARM Ltd and ARM Germany GmbH. All rights reserved.
License Information: xie Microsoft, Microsoft, LIC=CZLRA-158EM-LPSZV-PZWWY-L92MX-Q3GUS
 
Tool Versions:
Toolchain:       MDK-ARM Standard  Version: 5.15.0
Toolchain Path:  D:\Keil_v5\ARM\ARMCC\Bin
C Compiler:      Armcc.exe V5.05 update 2 (build 169)
Assembler:       Armasm.exe V5.05 update 2 (build 169)
Linker/Locator:  ArmLink.exe V5.05 update 2 (build 169)
Library Manager: ArmAr.exe V5.05 update 2 (build 169)
Hex Converter:   FromElf.exe V5.05 update 2 (build 169)
CPU DLL:         SARMCM3.DLL V5.15.0
Dialog DLL:      DARMCM1.DLL V1.12.0.0
Target DLL:      Segger\JL2CM3.dll V2.99.15.0
Dialog DLL:      TARMCM1.DLL V1.9.0.0
 
<h2>Project:</h2>
C:\Users\XieBin\Desktop\FangCloudV2\个人文件\KAR\KAR_SDK_20171013\project\KAR_v1.0.uvprojx
Project File Date:  10/27/2017

<h2>Output:</h2>
*** Using Compiler 'V5.05 update 2 (build 169)', folder: 'D:\Keil_v5\ARM\ARMCC\Bin'
Rebuild target 'KAR_v1.0'
compiling main.c...
compiling config.c...
compiling user_it.c...
compiling user_timer.c...
compiling user_uart.c...
compiling led.c...
compiling rtc.c...
compiling moto.c...
compiling power_management.c...
compiling Abnormal_Monitoring.c...
assembling startup_c32f0xx_s.s...
compiling system_c32f0xx.c...
compiling c32f0xx_sys.c...
compiling c32f0xx_gpio.c...
compiling c32f0xx_iap.c...
compiling c32f0xx_iic.c...
..\C32F0xx_library\Drivers\source\c32f0xx_iic.c(27): warning:  #550-D: variable "SelAddr" was set but never used
  static uint32_t SelAddr = 0;
..\C32F0xx_library\Drivers\source\c32f0xx_iic.c: 1 warning, 0 errors
compiling c32f0xx_pwm.c...
compiling c32f0xx_timer.c...
compiling c32f0xx_uart.c...
compiling c32f0xx_adc.c...
compiling c32f0xx_wdt.c...
linking...
Program Size: Code=17592 RO-data=224 RW-data=112 ZI-data=720  
FromELF: creating hex file...
After Build - User command #2: D:\Keil_v5\ARM\ARMCC\bin\fromelf.exe   ..\output\KAR_v1_0.axf --bin -o ..\Bin\KAR_v1_0.bin
"..\output\KAR_v1_2.axf" - 0 Error(s), 1 Warning(s).

<h2>Software Packages used:</h2>

Package Vendor: ARM
                http://www.keil.com/pack/ARM.CMSIS.4.5.0.pack
                ARM::CMSIS:CORE:4.3.0
                CMSIS (Cortex Microcontroller Software Interface Standard)
   * Component: CORE Version: 4.3.0

<h2>Collection of Component include folders:</h2>
  C:\Users\XieBin\Desktop\FangCloudV2\个人文件\KAR\KAR_SDK_20171013\project\RTE
  D:\Keil_v5\ARM\PACK\ARM\CMSIS\4.5.0\CMSIS\Include
  D:\Keil_v5\ARM\PACK\ARM\CMSIS\4.5.0\Device\ARM\ARMCM0\Include

<h2>Collection of Component Files used:</h2>

   * Component: ARM::CMSIS:CORE:4.3.0
</pre>
</body>
</html>
