<html>
<body>
<pre>
<h1>µVision Build Log</h1>
<h2>Project:</h2>
C:\Users\miaojl\Documents\GitHub\jy-zb-mcu\iap_proj\KAR_v1.0.uvprojx
Project File Date:  12/09/2017

<h2>Output:</h2>
Build target 'KAR_v1.0'
linking...
Program Size: Code=6396 RO-data=224 RW-data=48 ZI-data=3760  
FromELF: creating hex file...
After Build - User command #2: C:\Keil_v5\ARM\ARMCC\bin\fromelf.exe   ..\output\KAR_v1_0.axf --bin -o ..\Bin\KAR_v1_0.bin
"..\output\KAR_v1_0.axf" - 0 Error(s), 0 Warning(s).

<h2>Software Packages used:</h2>

Package Vendor: ARM
                http://www.keil.com/pack/ARM.CMSIS.4.1.0.pack
                ARM::CMSIS:CORE:3.30.0
                CMSIS (Cortex Microcontroller Software Interface Standard)
   * Component: CORE Version: 3.30.0

<h2>Collection of Component include folders:</h2>
  C:\Users\miaojl\Documents\GitHub\jy-zb-mcu\iap_proj\RTE
  C:\Keil_v5\ARM\PACK\ARM\CMSIS\4.1.0\CMSIS\Include
  C:\Keil_v5\ARM\PACK\ARM\CMSIS\4.1.0\Device\ARM\ARMCM0\Include

<h2>Collection of Component Files used:</h2>

   * Component: ARM::CMSIS:CORE:3.30.0
      Source file:   CMSIS\UserCodeTemplates\ARM\ITM_Retarget.c
Load "..\\output\\KAR_v1_0.axf" 
* JLink Info: Device "UNSPECIFIED" selected (0 KB flash, 0 KB RAM).
Set JLink Project File to "C:\Users\miaojl\Documents\GitHub\jy-zb-mcu\iap_proj\JLinkSettings.ini"
* JLink Info: Device "UNSPECIFIED" selected (0 KB flash, 0 KB RAM).
 
JLink info:
------------
DLL: V4.80g, compiled Feb 13 2014 20:50:02
Firmware: J-Link OB-STM32F072-CortexM compiled Mar  8 2016 11:15:54
Hardware: V1.00
 
* JLink Info: Found SWD-DP with ID 0x0BB11477
* JLink Info: Found Cortex-M0 r0p0, Little endian.
* JLink Info: FPUnit: 4 code (BP) slots and 0 literal slots
ROMTableAddr = 0xE00FF003
 
Target info:
------------
Device: ARMCM0
VTarget = 3.300V
State of Pins: 
TCK: 0, TDI: 0, TDO: 1, TMS: 1, TRES: 1, TRST: 1
Hardware-Breakpoints: 4
Software-Breakpoints: 8192
Watchpoints:          2
JTAG speed: 500 kHz
 
Erase Done.
Programming Done.
Verify OK.
Application running ...
ARM\ITM_Retarget.c
Load "..\\output\\KAR_v1_0.axf" 
* JLink Info: Device "UNSPECIFIED" selected (0 KB flash, 0 KB RAM).
Set JLink Project File to "C:\Users\miaojl\Documents\GitHub\jy-zb-mcu\iap_proj\JLinkSettings.ini"
* JLink Info: Device "UNSPECIFIED" selected (0 KB flash, 0 KB RAM).
 
JLink info:
------------
DLL: V4.80g, compiled Feb 13 2014 20:50:02
Firmware: J-Link OB-STM32F072-CortexM compiled Mar  8 2016 11:15:54
Hardware: V1.00
 
* JLink Info: Found SWD-DP with ID 0x0BB11477
* JLink Info: Found Cortex-M0 r0p0, Little endian.
* JLink Info: FPUnit: 4 code (BP) slots and 0 literal slots
ROMTableAddr = 0xE00FF003
**JLink Warning: CPU did not halt after bootloader.
**JLink Warning: CPU did not halt after bootloader.
 
Target info:
------------
Device: ARMCM0
VTarget = 3.300V
State of Pins: 
TCK: 0, TDI: 0, TDO: 1, TMS: 1, TRES: 1, TRST: 1
Hardware-Breakpoints: 4
Software-Breakpoints: 8192
Watchpoints:          2
JTAG speed: 500 kHz
 
Erase Done.
Programming Done.
Verify OK.
Application running ...
.axf" - 0 Error(s), 17 Warning(s).

<h2>Software Packages used:</h2>

Package Vendor: ARM
                http://www.keil.com/pack/ARM.CMSIS.4.1.0.pack
                ARM::CMSIS:CORE:3.30.0
                CMSIS (Cortex Microcontroller Software Interface Standard)
   * Component: CORE Version: 3.30.0

<h2>Collection of Component include folders:</h2>
  C:\Users\miaojl\Documents\GitHub\jy-zb-mcu\iap_proj\RTE
  C:\Keil_v5\ARM\PACK\ARM\CMSIS\4.1.0\CMSIS\Include
  C:\Keil_v5\ARM\PACK\ARM\CMSIS\4.1.0\Device\ARM\ARMCM0\Include

<h2>Collection of Component Files used:</h2>

   * Component: ARM::CMSIS:CORE:3.30.0
      Source file:   CMSIS\UserCodeTemplates\ARM\ITM_Retarget.c
g, compiled Feb 13 2014 20:50:02
Firmware: J-Link OB-STM32F072-CortexM compiled Mar  8 2016 11:15:54
Hardware: V1.00
 
* JLink Info: Found SWD-DP with ID 0x0BB11477
***JLink Error: Could not power up debug port: Control/Status register reads D0000000
Cortex A/R check: Could not power up debug port: Control/Status register reads D0000000
Error: Flash Download failed  -  Target DLL has been cancelled
