<html>
<body>
<pre>
<h1>µVision Build Log</h1>
<h2>Tool Versions:</h2>
IDE-Version: ¦ÌVision V5.20.0.0
Copyright (C) 2016 ARM Ltd and ARM Germany GmbH. All rights reserved.
License Information: Jacob Lui, Uni, LIC=----
 
Tool Versions:
Toolchain:       MDK-Lite  Version: 5.20
Toolchain Path:  C:\Keil_v5\ARM\ARMCC\Bin
C Compiler:      Armcc.exe V5.06 update 2 (build 183)
Assembler:       Armasm.exe V5.06 update 2 (build 183)
Linker/Locator:  ArmLink.exe V5.06 update 2 (build 183)
Library Manager: ArmAr.exe V5.06 update 2 (build 183)
Hex Converter:   FromElf.exe V5.06 update 2 (build 183)
CPU DLL:         SARMCM3.DLL V5.20
Dialog DLL:      DARMCM1.DLL V1.14.0.0
Target DLL:      Segger\JL2CM3.dll V2.99.20.0
Dialog DLL:      TARMCM1.DLL V1.10.0.0
 
<h2>Project:</h2>
Y:\iap_proj\KAR_v1.0.uvprojx
Project File Date:  12/09/2017

<h2>Output:</h2>
*** Using Compiler 'V5.06 update 2 (build 183)', folder: 'C:\Keil_v5\ARM\ARMCC\Bin'
Build target 'KAR_v1.0'
compiling user_timer.c...
compiling main.c...
..\iap\main.c(23): warning:  #111-D: statement is unreachable
      JumpAddress = *(__IO uint32_t*) (ApplicationAddress + 4);
..\iap\main.c: 1 warning, 0 errors
compiling user_uart.c...
..\iap\user_uart.c(216): warning:  #177-D: variable "len" was declared but never referenced
  	uint16_t 	len;
..\iap\user_uart.c(255): warning:  #177-D: variable "b" was declared but never referenced
  	uint8_t 	b = 1;
..\iap\user_uart.c(44): warning:  #177-D: function "UART1_Init" was declared but never referenced
  static void UART1_Init(void)
..\iap\user_uart.c: 3 warnings, 0 errors
assembling startup_c32f0xx_s.s...
compiling config.c...
compiling system_c32f0xx.c...
compiling c32f0xx_gpio.c...
compiling c32f0xx_iap.c...
compiling c32f0xx_sys.c...
compiling c32f0xx_timer.c...
compiling c32f0xx_uart.c...
compiling c32f0xx_wdt.c...
linking...
Program Size: Code=6164 RO-data=224 RW-data=40 ZI-data=2720  
FromELF: creating hex file...
After Build - User command #2: C:\Keil_v5\ARM\ARMCC\bin\fromelf.exe   ..\output\KAR_v1_0.axf --bin -o ..\Bin\KAR_v1_0.bin
"..\output\KAR_v1_0.axf" - 0 Error(s), 4 Warning(s).

<h2>Software Packages used:</h2>

Package Vendor: ARM
                http://www.keil.com/pack/ARM.CMSIS.4.5.0.pack
                ARM::CMSIS:CORE:4.3.0
                CMSIS (Cortex Microcontroller Software Interface Standard)
   * Component: CORE Version: 4.3.0

<h2>Collection of Component include folders:</h2>
  Y:\iap_proj\RTE
  C:\Keil_v5\ARM\PACK\ARM\CMSIS\4.5.0\CMSIS\Include
  C:\Keil_v5\ARM\PACK\ARM\CMSIS\4.5.0\Device\ARM\ARMCM0\Include

<h2>Collection of Component Files used:</h2>

   * Component: ARM::CMSIS:CORE:4.3.0
Build Time Elapsed:  00:00:06
</pre>
</body>
</html>
