Component: ARM Compiler 5.06 update 1 (build 61) Tool: armlink [4d35a8]

==============================================================================

Section Cross References

    config.o(.text) refers to mm32_config.o(.text) for clock_init
    config.o(.text) refers to user_uart.o(.text) for uni_UART_Init
    config.o(.text) refers to mm32_i2c.o(.text) for uni_i2c_init
    config.o(.text) refers to rtc.o(.text) for RTC_Start
    config.o(.text) refers to moto.o(.text) for moto_P
    main.o(.text) refers to mm32_hard_interface.o(.text) for adc_value_get
    main.o(.text) refers to user_timer.o(.text) for check_soft_timeout
    main.o(.text) refers to dfltui.o(.text) for __aeabi_ui2d
    main.o(.text) refers to dmul.o(.text) for __aeabi_dmul
    main.o(.text) refers to ddiv.o(.text) for __aeabi_ddiv
    main.o(.text) refers to cdrcmple.o(.text) for __aeabi_cdrcmple
    main.o(.text) refers to dadd.o(.text) for __aeabi_dsub
    main.o(.text) refers to dfixui.o(.text) for __aeabi_d2uiz
    main.o(.text) refers to idiv.o(.text) for __aeabi_idivmod
    main.o(.text) refers to moto.o(.text) for get_moto_current_state
    main.o(.text) refers to hal_gpio.o(.text) for GPIO_ResetBits
    main.o(.text) refers to led.o(.text) for aperture_all_off
    main.o(.text) refers to main.o(i.__ARM_common_switch8) for __ARM_common_switch8
    main.o(.text) refers to user_uart.o(.text) for WriteUartBuf
    main.o(.text) refers to main.o(.data) for .data
    main.o(.text) refers to main.o(.bss) for .bss
    main.o(.text) refers to user_it.o(.data) for Information_events
    main.o(.text) refers to user_it.o(.data) for all_event_flag
    main.o(.text) refers to rtc.o(.text) for Set_Alarm_Clock
    main.o(.text) refers to memseta.o(.text) for __aeabi_memclr
    main.o(.text) refers to config.o(.text) for uni_sys_init
    moto.o(.text) refers to hal_tim.o(.text) for TIM_Cmd
    moto.o(.text) refers to hal_gpio.o(.text) for GPIO_ResetBits
    moto.o(.text) refers to user_timer.o(.text) for set_soft_timer
    moto.o(.text) refers to memseta.o(.text) for __aeabi_memclr
    moto.o(.text) refers to main.o(i.__ARM_common_switch8) for __ARM_common_switch8
    moto.o(.text) refers to dfltui.o(.text) for __aeabi_ui2d
    moto.o(.text) refers to dflti.o(.text) for __aeabi_i2d
    moto.o(.text) refers to dmul.o(.text) for __aeabi_dmul
    moto.o(.text) refers to dadd.o(.text) for __aeabi_dadd
    moto.o(.text) refers to cdrcmple.o(.text) for __aeabi_cdrcmple
    moto.o(.text) refers to ffltui.o(.text) for __aeabi_ui2f
    moto.o(.text) refers to cfrcmple.o(.text) for __aeabi_cfrcmple
    moto.o(.text) refers to moto.o(.data) for .data
    moto.o(.text) refers to moto.o(.bss) for .bss
    led.o(.text) refers to hal_gpio.o(.text) for GPIO_Init
    led.o(.text) refers to main.o(i.__ARM_common_switch8) for __ARM_common_switch8
    led.o(.text) refers to user_timer.o(.text) for check_soft_timeout
    led.o(.text) refers to uidiv.o(.text) for __aeabi_uidivmod
    led.o(.text) refers to hal_tim.o(.text) for TIM_SetCompare2
    led.o(.text) refers to led.o(.data) for .data
    rtc.o(.text) refers to mm32_i2c.o(.text) for IIC_WriteByte
    rtc.o(.text) refers to user_uart.o(.text) for WriteUartBuf
    rtc.o(.text) refers to printf8.o(i.__0printf$8) for __2printf
    rtc.o(.text) refers to rtc.o(.data) for .data
    user_it.o(.text) refers to hal_exti.o(.text) for EXTI_GetITStatus
    user_it.o(.text) refers to user_it.o(.data) for .data
    user_timer.o(.text) refers to hal_tim.o(.text) for TIM_ClearITPendingBit
    user_timer.o(.text) refers to user_timer.o(.bss) for .bss
    user_uart.o(.text) refers to mm32_config.o(.text) for _uart_init
    user_uart.o(.text) refers to memseta.o(.text) for __aeabi_memclr
    user_uart.o(.text) refers to hal_uart.o(.text) for UART_SendData
    user_uart.o(.text) refers to idiv.o(.text) for __aeabi_idivmod
    user_uart.o(.text) refers to uidiv.o(.text) for __aeabi_uidivmod
    user_uart.o(.text) refers to user_uart.o(.bss) for .bss
    mm32_config.o(.text) refers to hal_rcc.o(.text) for RCC_APB2PeriphClockCmd
    mm32_config.o(.text) refers to hal_gpio.o(.text) for GPIO_PinAFConfig
    mm32_config.o(.text) refers to hal_tim.o(.text) for TIM_TimeBaseInit
    mm32_config.o(.text) refers to hal_adc.o(.text) for ADC_Init
    mm32_config.o(.text) refers to mm32_hard_interface.o(.text) for Write_Iwdg_ON
    mm32_config.o(.text) refers to hal_misc.o(.text) for NVIC_Init
    mm32_config.o(.text) refers to hal_uart.o(.text) for UART_Init
    mm32_config.o(.text) refers to uidiv.o(.text) for __aeabi_uidivmod
    mm32_config.o(.text) refers to hal_syscfg.o(.text) for SYSCFG_EXTILineConfig
    mm32_config.o(.text) refers to system_mm32f031x8.o(.data) for SystemCoreClock
    mm32_config.o(.text) refers to hal_exti.o(.text) for EXTI_Init
    mm32_hard_interface.o(.text) refers to hal_adc.o(.text) for ADC_SoftwareStartConvCmd
[...]
    printfa.o(i.__0printf) refers to printfa.o(i._printf_core) for _printf_core
    printfa.o(i.__0printf) refers to user_uart.o(.text) for fputc
    printfa.o(i.__0printf) refers to stdout.o(.data) for __stdout
    printfa.o(i.__0snprintf) refers (Special) to iusefp.o(.text) for __I$use$fp
    printfa.o(i.__0snprintf) refers to printfa.o(i._printf_core) for _printf_core
    printfa.o(i.__0snprintf) refers to printfa.o(i._snputc) for _snputc
    printfa.o(i.__0sprintf) refers (Special) to iusefp.o(.text) for __I$use$fp
    printfa.o(i.__0sprintf) refers to printfa.o(i._printf_core) for _printf_core
    printfa.o(i.__0sprintf) refers to printfa.o(i._sputc) for _sputc
    printfa.o(i.__0vfprintf) refers (Special) to iusefp.o(.text) for __I$use$fp
    printfa.o(i.__0vfprintf) refers to printfa.o(i._printf_core) for _printf_core
    printfa.o(i.__0vfprintf) refers to user_uart.o(.text) for fputc
    printfa.o(i.__0vprintf) refers (Special) to iusefp.o(.text) for __I$use$fp
    printfa.o(i.__0vprintf) refers to printfa.o(i._printf_core) for _printf_core
    printfa.o(i.__0vprintf) refers to user_uart.o(.text) for fputc
    printfa.o(i.__0vprintf) refers to stdout.o(.data) for __stdout
    printfa.o(i.__0vsnprintf) refers (Special) to iusefp.o(.text) for __I$use$fp
    printfa.o(i.__0vsnprintf) refers to printfa.o(i._printf_core) for _printf_core
    printfa.o(i.__0vsnprintf) refers to printfa.o(i._snputc) for _snputc
    printfa.o(i.__0vsprintf) refers (Special) to iusefp.o(.text) for __I$use$fp
    printfa.o(i.__0vsprintf) refers to printfa.o(i._printf_core) for _printf_core
    printfa.o(i.__0vsprintf) refers to printfa.o(i._sputc) for _sputc
    printfa.o(i._fp_digits) refers (Special) to iusefp.o(.text) for __I$use$fp
    printfa.o(i._fp_digits) refers to dmul.o(.text) for __aeabi_dmul
    printfa.o(i._fp_digits) refers to ddiv.o(.text) for __aeabi_ddiv
    printfa.o(i._fp_digits) refers to cdrcmple.o(.text) for __aeabi_cdrcmple
    printfa.o(i._fp_digits) refers to dadd.o(.text) for __aeabi_dadd
    printfa.o(i._fp_digits) refers to dfixul.o(.text) for __aeabi_d2ulz
    printfa.o(i._fp_digits) refers to uldiv.o(.text) for __aeabi_uldivmod
    printfa.o(i._printf_core) refers (Special) to iusefp.o(.text) for __I$use$fp
    printfa.o(i._printf_core) refers to printfa.o(i._printf_pre_padding) for _printf_pre_padding
    printfa.o(i._printf_core) refers to uldiv.o(.text) for __aeabi_uldivmod
    printfa.o(i._printf_core) refers to printfa.o(i._printf_post_padding) for _printf_post_padding
    printfa.o(i._printf_core) refers to printfa.o(i._fp_digits) for _fp_digits
    printfa.o(i._printf_core) refers to uidiv.o(.text) for __aeabi_uidivmod
    printfa.o(i._printf_post_padding) refers (Special) to iusefp.o(.text) for __I$use$fp
    printfa.o(i._printf_pre_padding) refers (Special) to iusefp.o(.text) for __I$use$fp
    printfa.o(i._snputc) refers (Special) to iusefp.o(.text) for __I$use$fp
    printfa.o(i._sputc) refers (Special) to iusefp.o(.text) for __I$use$fp
    dadd.o(.text) refers (Special) to iusefp.o(.text) for __I$use$fp
    dadd.o(.text) refers to llshl.o(.text) for __aeabi_llsl
    dadd.o(.text) refers to llsshr.o(.text) for __aeabi_lasr
    dadd.o(.text) refers to depilogue.o(.text) for _double_epilogue
    dmul.o(.text) refers (Special) to iusefp.o(.text) for __I$use$fp
    dmul.o(.text) refers to depilogue.o(.text) for _double_epilogue
    ddiv.o(.text) refers (Special) to iusefp.o(.text) for __I$use$fp
    ddiv.o(.text) refers to depilogue.o(.text) for _double_round
    ffltui.o(.text) refers (Special) to iusefp.o(.text) for __I$use$fp
    ffltui.o(.text) refers to fepilogue.o(.text) for _float_epilogue
    dflti.o(.text) refers (Special) to iusefp.o(.text) for __I$use$fp
    dflti.o(.text) refers to depilogue.o(.text) for _double_epilogue
    dfltui.o(.text) refers (Special) to iusefp.o(.text) for __I$use$fp
    dfltui.o(.text) refers to depilogue.o(.text) for _double_epilogue
    dfixui.o(.text) refers (Special) to iusefp.o(.text) for __I$use$fp
    dfixui.o(.text) refers to llushr.o(.text) for __aeabi_llsr
    cdrcmple.o(.text) refers (Special) to iusefp.o(.text) for __I$use$fp
    cfrcmple.o(.text) refers (Special) to iusefp.o(.text) for __I$use$fp
    entry2.o(.ARM.Collect$$$$00000001) refers to entry2.o(.ARM.Collect$$$$00002712) for __lit__00000000
    entry2.o(.ARM.Collect$$$$00002712) refers to startup_mm32f031x8.o(STACK) for __initial_sp
    entry2.o(__vectab_stack_and_reset_area) refers to startup_mm32f031x8.o(STACK) for __initial_sp
    entry2.o(__vectab_stack_and_reset_area) refers to entry.o(.ARM.Collect$$$$00000000) for __main
    entry5.o(.ARM.Collect$$$$00000004) refers to init.o(.text) for __scatterload
    entry9a.o(.ARM.Collect$$$$0000000B) refers to main.o(.text) for main
    entry9b.o(.ARM.Collect$$$$0000000C) refers to main.o(.text) for main
    uldiv.o(.text) refers to llushr.o(.text) for __aeabi_llsr
    uldiv.o(.text) refers to llshl.o(.text) for __aeabi_llsl
    depilogue.o(.text) refers to depilogue.o(i.__ARM_clz) for __ARM_clz
    depilogue.o(.text) refers to llshl.o(.text) for __aeabi_llsl
    depilogue.o(.text) refers to llushr.o(.text) for __aeabi_llsr
    dfixul.o(.text) refers to llushr.o(.text) for __aeabi_llsr
    dfixul.o(.text) refers to llshl.o(.text) for __aeabi_llsl
    init.o(.text) refers to entry5.o(.ARM.Collect$$$$00000004) for __main_after_scatterload


==============================================================================

Removing Unused input sections from the image.

    Removing config.o(.rev16_text), (4 bytes).
    Removing config.o(.revsh_text), (4 bytes).
    Removing main.o(.rev16_text), (4 bytes).
    Removing main.o(.revsh_text), (4 bytes).
    Removing main.o(.data), (1 bytes).
    Removing moto.o(.rev16_text), (4 bytes).
    Removing moto.o(.revsh_text), (4 bytes).
    Removing led.o(.rev16_text), (4 bytes).
    Removing led.o(.revsh_text), (4 bytes).
    Removing rtc.o(.rev16_text), (4 bytes).
    Removing rtc.o(.revsh_text), (4 bytes).
    Removing user_it.o(.rev16_text), (4 bytes).
    Removing user_it.o(.revsh_text), (4 bytes).
    Removing user_timer.o(.rev16_text), (4 bytes).
    Removing user_timer.o(.revsh_text), (4 bytes).
    Removing user_uart.o(.rev16_text), (4 bytes).
    Removing user_uart.o(.revsh_text), (4 bytes).
    Removing mm32_config.o(.rev16_text), (4 bytes).
    Removing mm32_config.o(.revsh_text), (4 bytes).
    Removing mm32_hard_interface.o(.rev16_text), (4 bytes).
    Removing mm32_hard_interface.o(.revsh_text), (4 bytes).
    Removing mm32_i2c.o(.rev16_text), (4 bytes).
    Removing mm32_i2c.o(.revsh_text), (4 bytes).
    Removing mm32_i2c.o(.data), (1 bytes).
    Removing mm32_i2c.o(.data), (1 bytes).
    Removing startup_mm32f031x8.o(HEAP), (512 bytes).
    Removing system_mm32f031x8.o(.rev16_text), (4 bytes).
    Removing system_mm32f031x8.o(.revsh_text), (4 bytes).
    Removing system_mm32f031x8.o(.data), (16 bytes).
    Removing hal_adc.o(.rev16_text), (4 bytes).
    Removing hal_adc.o(.revsh_text), (4 bytes).
    Removing hal_bkp.o(.rev16_text), (4 bytes).
    Removing hal_bkp.o(.revsh_text), (4 bytes).
    Removing hal_bkp.o(.text), (20 bytes).
    Removing hal_dma.o(.rev16_text), (4 bytes).
    Removing hal_dma.o(.revsh_text), (4 bytes).
    Removing hal_dma.o(.text), (280 bytes).
    Removing hal_exti.o(.rev16_text), (4 bytes).
    Removing hal_exti.o(.revsh_text), (4 bytes).
    Removing hal_flash.o(.rev16_text), (4 bytes).
    Removing hal_flash.o(.revsh_text), (4 bytes).
    Removing hal_gpio.o(.rev16_text), (4 bytes).
    Removing hal_gpio.o(.revsh_text), (4 bytes).
    Removing hal_i2c.o(.rev16_text), (4 bytes).
    Removing hal_i2c.o(.revsh_text), (4 bytes).
    Removing hal_iwdg.o(.rev16_text), (4 bytes).
    Removing hal_iwdg.o(.revsh_text), (4 bytes).
    Removing hal_misc.o(.rev16_text), (4 bytes).
    Removing hal_misc.o(.revsh_text), (4 bytes).
    Removing hal_pwr.o(.rev16_text), (4 bytes).
    Removing hal_pwr.o(.revsh_text), (4 bytes).
    Removing hal_rcc.o(.rev16_text), (4 bytes).
    Removing hal_rcc.o(.revsh_text), (4 bytes).
    Removing hal_spi.o(.rev16_text), (4 bytes).
    Removing hal_spi.o(.revsh_text), (4 bytes).
    Removing hal_spi.o(.text), (588 bytes).
    Removing hal_syscfg.o(.rev16_text), (4 bytes).
    Removing hal_syscfg.o(.revsh_text), (4 bytes).
    Removing hal_tim.o(.rev16_text), (4 bytes).
    Removing hal_tim.o(.revsh_text), (4 bytes).
    Removing hal_uart.o(.rev16_text), (4 bytes).
    Removing hal_uart.o(.revsh_text), (4 bytes).
    Removing hal_wwdg.o(.rev16_text), (4 bytes).
    Removing hal_wwdg.o(.revsh_text), (4 bytes).
    Removing hal_wwdg.o(.text), (108 bytes).
    Removing dfixul.o(.text), (64 bytes).

66 unused section(s) (total 1815 bytes) removed from the image.

==============================================================================

Image Symbol Table

    Local Symbols

    Symbol Name                              Value     Ov Type        Size  Object(Section)

    ../clib/microlib/division.c              0x00000000   Number         0  uidiv.o ABSOLUTE
    ../clib/microlib/division.c              0x00000000   Number         0  idiv.o ABSOLUTE
    ../clib/microlib/division.c              0x00000000   Number         0  uldiv.o ABSOLUTE
    ../clib/microlib/init/entry.s            0x00000000   Number         0  entry11a.o ABSOLUTE
    ../clib/microlib/init/entry.s            0x00000000   Number         0  entry7b.o ABSOLUTE
    ../clib/microlib/init/entry.s            0x00000000   Number         0  entry8a.o ABSOLUTE
    ../clib/microlib/init/entry.s            0x00000000   Number         0  entry8b.o ABSOLUTE
    ../clib/microlib/init/entry.s            0x00000000   Number         0  entry10b.o ABSOLUTE
    ../clib/microlib/init/entry.s            0x00000000   Number         0  entry.o ABSOLUTE
    ../clib/microlib/init/entry.s            0x00000000   Number         0  entry11b.o ABSOLUTE
    ../clib/microlib/init/entry.s            0x00000000   Number         0  entry9b.o ABSOLUTE
    ../clib/microlib/init/entry.s            0x00000000   Number         0  entry10a.o ABSOLUTE
    ../clib/microlib/init/entry.s            0x00000000   Number         0  entry9a.o ABSOLUTE
    ../clib/microlib/init/entry.s            0x00000000   Number         0  entry2.o ABSOLUTE
    ../clib/microlib/init/entry.s            0x00000000   Number         0  entry5.o ABSOLUTE
    ../clib/microlib/init/entry.s            0x00000000   Number         0  entry7a.o ABSOLUTE
    ../clib/microlib/longlong.c              0x00000000   Number         0  llsshr.o ABSOLUTE
    ../clib/microlib/longlong.c              0x00000000   Number         0  llushr.o ABSOLUTE
    ../clib/microlib/longlong.c              0x00000000   Number         0  llshl.o ABSOLUTE
    ../clib/microlib/printf/printf.c         0x00000000   Number         0  printf3.o ABSOLUTE
    ../clib/microlib/printf/printf.c         0x00000000   Number         0  printfb.o ABSOLUTE
    ../clib/microlib/printf/printf.c         0x00000000   Number         0  printf0.o ABSOLUTE
    ../clib/microlib/printf/printf.c         0x00000000   Number         0  printf1.o ABSOLUTE
    ../clib/microlib/printf/printf.c         0x00000000   Number         0  printf5.o ABSOLUTE
    ../clib/microlib/printf/printf.c         0x00000000   Number         0  printf6.o ABSOLUTE
    ../clib/microlib/printf/printf.c         0x00000000   Number         0  printfa.o ABSOLUTE
    ../clib/microlib/printf/printf.c         0x00000000   Number         0  printf7.o ABSOLUTE
    ../clib/microlib/printf/printf.c         0x00000000   Number         0  printf8.o ABSOLUTE
    ../clib/microlib/printf/printf.c         0x00000000   Number         0  printf4.o ABSOLUTE
    ../clib/microlib/printf/printf.c         0x00000000   Number         0  printf2.o ABSOLUTE
    ../clib/microlib/printf/stubs.s          0x00000000   Number         0  stubs.o ABSOLUTE
    ../clib/microlib/stdio/streams.c         0x00000000   Number         0  stdout.o ABSOLUTE
    ../clib/microlib/string/memcpy.c         0x00000000   Number         0  memcpya.o ABSOLUTE
    ../clib/microlib/string/memcpy.c         0x00000000   Number         0  memcpyb.o ABSOLUTE
    ../clib/microlib/string/memset.c         0x00000000   Number         0  memseta.o ABSOLUTE
    ../clib/microlib/stubs.s                 0x00000000   Number         0  iusefp.o ABSOLUTE
    ../fplib/microlib/fpadd.c                0x00000000   Number         0  dadd.o ABSOLUTE
    ../fplib/microlib/fpdiv.c                0x00000000   Number         0  ddiv.o ABSOLUTE
    ../fplib/microlib/fpepilogue.c           0x00000000   Number         0  fepilogue.o ABSOLUTE
    ../fplib/microlib/fpepilogue.c           0x00000000   Number         0  depilogue.o ABSOLUTE
    ../fplib/microlib/fpfix.c                0x00000000   Number         0  dfixul.o ABSOLUTE
    ../fplib/microlib/fpfix.c                0x00000000   Number         0  dfixui.o ABSOLUTE
    ../fplib/microlib/fpflt.c                0x00000000   Number         0  dflti.o ABSOLUTE
    ../fplib/microlib/fpflt.c                0x00000000   Number         0  ffltui.o ABSOLUTE
    ../fplib/microlib/fpflt.c                0x00000000   Number         0  dfltui.o ABSOLUTE
    ../fplib/microlib/fpmul.c                0x00000000   Number         0  dmul.o ABSOLUTE
    ..\MM32F0xx_library\MM32F031x8\HAL_lib\src\HAL_adc.c 0x00000000   Number         0  hal_adc.o ABSOLUTE
    ..\MM32F0xx_library\MM32F031x8\HAL_lib\src\HAL_bkp.c 0x00000000   Number         0  hal_bkp.o ABSOLUTE
    ..\MM32F0xx_library\MM32F031x8\HAL_lib\src\HAL_dma.c 0x00000000   Number         0  hal_dma.o ABSOLUTE
    ..\MM32F0xx_library\MM32F031x8\HAL_lib\src\HAL_exti.c 0x00000000   Number         0  hal_exti.o ABSOLUTE
    ..\MM32F0xx_library\MM32F031x8\HAL_lib\src\HAL_flash.c 0x00000000   Number         0  hal_flash.o ABSOLUTE
    ..\MM32F0xx_library\MM32F031x8\HAL_lib\src\HAL_gpio.c 0x00000000   Number         0  hal_gpio.o ABSOLUTE
    ..\MM32F0xx_library\MM32F031x8\HAL_lib\src\HAL_i2c.c 0x00000000   Number         0  hal_i2c.o ABSOLUTE
    ..\MM32F0xx_library\MM32F031x8\HAL_lib\src\HAL_iwdg.c 0x00000000   Number         0  hal_iwdg.o ABSOLUTE
    ..\MM32F0xx_library\MM32F031x8\HAL_lib\src\HAL_misc.c 0x00000000   Number         0  hal_misc.o ABSOLUTE
    ..\MM32F0xx_library\MM32F031x8\HAL_lib\src\HAL_pwr.c 0x00000000   Number         0  hal_pwr.o ABSOLUTE
    ..\MM32F0xx_library\MM32F031x8\HAL_lib\src\HAL_rcc.c 0x00000000   Number         0  hal_rcc.o ABSOLUTE
    ..\MM32F0xx_library\MM32F031x8\HAL_lib\src\HAL_spi.c 0x00000000   Number         0  hal_spi.o ABSOLUTE
    ..\MM32F0xx_library\MM32F031x8\HAL_lib\src\HAL_syscfg.c 0x00000000   Number         0  hal_syscfg.o ABSOLUTE
    ..\MM32F0xx_library\MM32F031x8\HAL_lib\src\HAL_tim.c 0x00000000   Number         0  hal_tim.o ABSOLUTE
    ..\MM32F0xx_library\MM32F031x8\HAL_lib\src\HAL_uart.c 0x00000000   Number         0  hal_uart.o ABSOLUTE
    ..\MM32F0xx_library\MM32F031x8\HAL_lib\src\HAL_wwdg.c 0x00000000   Number         0  hal_wwdg.o ABSOLUTE
    ..\MM32F0xx_library\MM32F031x8\Source\KEIL_StartAsm\startup_MM32F031x8.s 0x00000000   Number         0  startup_mm32f031x8.o ABSOLUTE
    ..\MM32F0xx_library\MM32F031x8\Source\system_MM32F031x8.c 0x00000000   Number         0  system_mm32f031x8.o ABSOLUTE
    ..\\MM32F0xx_library\\MM32F031x8\\HAL_lib\\src\\HAL_adc.c 0x00000000   Number         0  hal_adc.o ABSOLUTE
    ..\\MM32F0xx_library\\MM32F031x8\\HAL_lib\\src\\HAL_bkp.c 0x00000000   Number         0  hal_bkp.o ABSOLUTE
    ..\\MM32F0xx_library\\MM32F031x8\\HAL_lib\\src\\HAL_dma.c 0x00000000   Number         0  hal_dma.o ABSOLUTE
    ..\\MM32F0xx_library\\MM32F031x8\\HAL_lib\\src\\HAL_exti.c 0x00000000   Number         0  hal_exti.o ABSOLUTE
    ..\\MM32F0xx_library\\MM32F031x8\\HAL_lib\\src\\HAL_flash.c 0x00000000   Number         0  hal_flash.o ABSOLUTE
    ..\\MM32F0xx_library\\MM32F031x8\\HAL_lib\\src\\HAL_gpio.c 0x00000000   Number         0  hal_gpio.o ABSOLUTE
    ..\\MM32F0xx_library\\MM32F031x8\\HAL_lib\\src\\HAL_i2c.c 0x00000000   Number         0  hal_i2c.o ABSOLUTE
    ..\\MM32F0xx_library\\MM32F031x8\\HAL_lib\\src\\HAL_iwdg.c 0x00000000   Number         0  hal_iwdg.o ABSOLUTE
    ..\\MM32F0xx_library\\MM32F031x8\\HAL_lib\\src\\HAL_misc.c 0x00000000   Number         0  hal_misc.o ABSOLUTE
    ..\\MM32F0xx_library\\MM32F031x8\\HAL_lib\\src\\HAL_pwr.c 0x00000000   Number         0  hal_pwr.o ABSOLUTE
    ..\\MM32F0xx_library\\MM32F031x8\\HAL_lib\\src\\HAL_rcc.c 0x00000000   Number         0  hal_rcc.o ABSOLUTE
    ..\\MM32F0xx_library\\MM32F031x8\\HAL_lib\\src\\HAL_spi.c 0x00000000   Number         0  hal_spi.o ABSOLUTE
    ..\\MM32F0xx_library\\MM32F031x8\\HAL_lib\\src\\HAL_syscfg.c 0x00000000   Number         0  hal_syscfg.o ABSOLUTE
    ..\\MM32F0xx_library\\MM32F031x8\\HAL_lib\\src\\HAL_tim.c 0x00000000   Number         0  hal_tim.o ABSOLUTE
    ..\\MM32F0xx_library\\MM32F031x8\\HAL_lib\\src\\HAL_uart.c 0x00000000   Number         0  hal_uart.o ABSOLUTE
    ..\\MM32F0xx_library\\MM32F031x8\\HAL_lib\\src\\HAL_wwdg.c 0x00000000   Number         0  hal_wwdg.o ABSOLUTE
    ..\\MM32F0xx_library\\MM32F031x8\\Source\\system_MM32F031x8.c 0x00000000   Number         0  system_mm32f031x8.o ABSOLUTE
    ..\\app\\config.c                        0x00000000   Number         0  config.o ABSOLUTE
    ..\\app\\led.c                           0x00000000   Number         0  led.o ABSOLUTE
    ..\\app\\main.c                          0x00000000   Number         0  main.o ABSOLUTE
    ..\\app\\mm32\\mm32_config.c             0x00000000   Number         0  mm32_config.o ABSOLUTE
    ..\\app\\mm32\\mm32_hard_interface.c     0x00000000   Number         0  mm32_hard_interface.o ABSOLUTE
    ..\\app\\mm32\\mm32_i2c.c                0x00000000   Number         0  mm32_i2c.o ABSOLUTE
    ..\\app\\moto.c                          0x00000000   Number         0  moto.o ABSOLUTE
    ..\\app\\rtc.c                           0x00000000   Number         0  rtc.o ABSOLUTE
    ..\\app\\user_it.c                       0x00000000   Number         0  user_it.o ABSOLUTE
    ..\\app\\user_timer.c                    0x00000000   Number         0  user_timer.o ABSOLUTE
    ..\\app\\user_uart.c                     0x00000000   Number         0  user_uart.o ABSOLUTE
    ..\app\config.c                          0x00000000   Number         0  config.o ABSOLUTE
    ..\app\led.c                             0x00000000   Number         0  led.o ABSOLUTE
    ..\app\main.c                            0x00000000   Number         0  main.o ABSOLUTE
    ..\app\mm32\mm32_config.c                0x00000000   Number         0  mm32_config.o ABSOLUTE
    ..\app\mm32\mm32_hard_interface.c        0x00000000   Number         0  mm32_hard_interface.o ABSOLUTE
    ..\app\mm32\mm32_i2c.c                   0x00000000   Number         0  mm32_i2c.o ABSOLUTE
    ..\app\moto.c                            0x00000000   Number         0  moto.o ABSOLUTE
    ..\app\rtc.c                             0x00000000   Number         0  rtc.o ABSOLUTE
    ..\app\user_it.c                         0x00000000   Number         0  user_it.o ABSOLUTE
    ..\app\user_timer.c                      0x00000000   Number         0  user_timer.o ABSOLUTE
    ..\app\user_uart.c                       0x00000000   Number         0  user_uart.o ABSOLUTE
    cdrcmple.s                               0x00000000   Number         0  cdrcmple.o ABSOLUTE
    cfrcmple.s                               0x00000000   Number         0  cfrcmple.o ABSOLUTE
    dc.s                                     0x00000000   Number         0  dc.o ABSOLUTE
    handlers.s                               0x00000000   Number         0  handlers.o ABSOLUTE
    init.s                                   0x00000000   Number         0  init.o ABSOLUTE
    RESET                                    0x08001800   Section      180  startup_mm32f031x8.o(RESET)
    .ARM.Collect$$$$00000000                 0x080018b4   Section        0  entry.o(.ARM.Collect$$$$00000000)
    .ARM.Collect$$$$00000001                 0x080018b4   Section        4  entry2.o(.ARM.Collect$$$$00000001)
    .ARM.Collect$$$$00000004                 0x080018b8   Section        4  entry5.o(.ARM.Collect$$$$00000004)
    .ARM.Collect$$$$00000008                 0x080018bc   Section        0  entry7b.o(.ARM.Collect$$$$00000008)
    .ARM.Collect$$$$0000000A                 0x080018bc   Section        0  entry8b.o(.ARM.Collect$$$$0000000A)
    .ARM.Collect$$$$0000000B                 0x080018bc   Section        8  entry9a.o(.ARM.Collect$$$$0000000B)
    .ARM.Collect$$$$0000000D                 0x080018c4   Section        0  entry10a.o(.ARM.Collect$$$$0000000D)
    .ARM.Collect$$$$0000000F                 0x080018c4   Section        0  entry11a.o(.ARM.Collect$$$$0000000F)
    .ARM.Collect$$$$00002712                 0x080018c4   Section        4  entry2.o(.ARM.Collect$$$$00002712)
    __lit__00000000                          0x080018c4   Data           4  entry2.o(.ARM.Collect$$$$00002712)
    .text                                    0x080018c8   Section        0  config.o(.text)
    .text                                    0x080018f4   Section        0  main.o(.text)
    get_adc_value                            0x080018f5   Thumb Code   334  main.o(.text)
    power_key_event                          0x08001a8b   Thumb Code   102  main.o(.text)
    power_OFF_ON                             0x08001af1   Thumb Code   162  main.o(.text)
    Handler_event                            0x08001b93   Thumb Code   206  main.o(.text)
    state_run_monitoring                     0x08001c61   Thumb Code   280  main.o(.text)
    kar_connect                              0x08001d79   Thumb Code   262  main.o(.text)
    kar_on                                   0x08001eb5   Thumb Code   106  main.o(.text)
    get_kar_run_state                        0x08001f1f   Thumb Code    58  main.o(.text)
    .text                                    0x08001f70   Section        0  moto.o(.text)
    moto_set_model                           0x0800203b   Thumb Code   182  moto.o(.text)
    .text                                    0x080023ac   Section        0  led.o(.text)
    led_set_x                                0x080023ad   Thumb Code   176  led.o(.text)
    led_set_y                                0x0800245d   Thumb Code   284  led.o(.text)
    aperture_all_breathe                     0x08002579   Thumb Code   114  led.o(.text)
    aperture_double_run                      0x08002639   Thumb Code   114  led.o(.text)
    led_set_x_pwm                            0x08002749   Thumb Code   152  led.o(.text)
    aperture_clockwise_run                   0x080027e1   Thumb Code    92  led.o(.text)
    aperture_anticlockwise_run               0x0800283d   Thumb Code    92  led.o(.text)
    aperture_all_blink                       0x08002899   Thumb Code    86  led.o(.text)
    .text                                    0x080028f4   Section        0  rtc.o(.text)
    RTC_BinToBcd2                            0x08002d93   Thumb Code    24  rtc.o(.text)
    RTC_Bcd2ToBin                            0x08002dab   Thumb Code    16  rtc.o(.text)
    RTC_Write_nByte                          0x08002dbb   Thumb Code    46  rtc.o(.text)
    .text                                    0x08002de8   Section        0  user_it.o(.text)
    .text                                    0x08002e70   Section        0  user_timer.o(.text)
    .text                                    0x08002ef4   Section        0  user_uart.o(.text)
    get_buffer_data                          0x08002fb7   Thumb Code    26  user_uart.o(.text)
    get_len                                  0x0800308f   Thumb Code    14  user_uart.o(.text)
    get_head                                 0x0800309d   Thumb Code    74  user_uart.o(.text)
    .text                                    0x080030f0   Section        0  mm32_config.o(.text)
    mm32_gpio_init_t                         0x0800330b   Thumb Code   138  mm32_config.o(.text)
    UART2_Init                               0x08003395   Thumb Code   156  mm32_config.o(.text)
    Tim16_Init                               0x08003431   Thumb Code    96  mm32_config.o(.text)
    mm32_led_gpio_init                       0x08003491   Thumb Code    94  mm32_config.o(.text)
    exit_irq_init                            0x080034ef   Thumb Code   200  mm32_config.o(.text)
    .text                                    0x080035b8   Section        0  mm32_hard_interface.o(.text)
    app_MAL_Erase                            0x0800360d   Thumb Code    42  mm32_hard_interface.o(.text)
    .text                                    0x08003818   Section        0  mm32_i2c.o(.text)
    .text                                    0x08003b70   Section       88  startup_mm32f031x8.o(.text)
    .text                                    0x08003bc8   Section        0  system_mm32f031x8.o(.text)
    SetSysClockTo48_HSI                      0x08003c0f   Thumb Code   114  system_mm32f031x8.o(.text)
    .text                                    0x08003c98   Section        0  hal_adc.o(.text)
    .text                                    0x08003ef4   Section        0  hal_exti.o(.text)
    .text                                    0x08003fc0   Section        0  hal_flash.o(.text)
    .text                                    0x0800438c   Section        0  hal_gpio.o(.text)
    .text                                    0x080044f0   Section        0  hal_i2c.o(.text)
    .text                                    0x080047b4   Section        0  hal_iwdg.o(.text)
    .text                                    0x080047f4   Section        0  hal_misc.o(.text)
    .text                                    0x08004874   Section        0  hal_pwr.o(.text)
    .text                                    0x0800493c   Section        0  hal_rcc.o(.text)
    .text                                    0x08004d58   Section        0  hal_syscfg.o(.text)
    .text                                    0x08004db4   Section        0  hal_tim.o(.text)
    TI2_Config                               0x080053dd   Thumb Code    56  hal_tim.o(.text)
    TI1_Config                               0x08005427   Thumb Code    46  hal_tim.o(.text)
    .text                                    0x0800575c   Section        0  hal_uart.o(.text)
    .text                                    0x08005868   Section        0  uidiv.o(.text)
    .text                                    0x08005894   Section        0  idiv.o(.text)
    .text                                    0x080058bc   Section        0  memcpya.o(.text)
    .text                                    0x080058e0   Section        0  memseta.o(.text)
    .text                                    0x08005904   Section        0  dadd.o(.text)
    .text                                    0x08005a68   Section        0  dmul.o(.text)
    .text                                    0x08005b38   Section        0  ddiv.o(.text)
    .text                                    0x08005c28   Section        0  ffltui.o(.text)
    .text                                    0x08005c38   Section        0  dflti.o(.text)
    .text                                    0x08005c60   Section        0  dfltui.o(.text)
    .text                                    0x08005c7c   Section        0  dfixui.o(.text)
    .text                                    0x08005cb8   Section       40  cdrcmple.o(.text)
    .text                                    0x08005ce0   Section       20  cfrcmple.o(.text)
    .text                                    0x08005cf4   Section        0  uldiv.o(.text)
    .text                                    0x08005d54   Section        0  llshl.o(.text)
    .text                                    0x08005d74   Section        0  llushr.o(.text)
    .text                                    0x08005d96   Section        0  llsshr.o(.text)
    .text                                    0x08005dbc   Section        0  iusefp.o(.text)
    .text                                    0x08005dbc   Section        0  fepilogue.o(.text)
    .text                                    0x08005e3e   Section        0  depilogue.o(.text)
    .text                                    0x08005efc   Section       36  init.o(.text)
    i.__0printf$8                            0x08005f20   Section        0  printf8.o(i.__0printf$8)
    i.__ARM_clz                              0x08005f40   Section        0  depilogue.o(i.__ARM_clz)
    i.__ARM_common_switch8                   0x08005f6e   Section        0  main.o(i.__ARM_common_switch8)
    i.__scatterload_copy                     0x08005f88   Section       14  handlers.o(i.__scatterload_copy)
    i.__scatterload_null                     0x08005f96   Section        2  handlers.o(i.__scatterload_null)
    i.__scatterload_zeroinit                 0x08005f98   Section       14  handlers.o(i.__scatterload_zeroinit)
    i._printf_core                           0x08005fa8   Section        0  printf8.o(i._printf_core)
    _printf_core                             0x08005fa9   Thumb Code  1020  printf8.o(i._printf_core)
    i._printf_post_padding                   0x080063d0   Section        0  printf8.o(i._printf_post_padding)
    _printf_post_padding                     0x080063d1   Thumb Code    32  printf8.o(i._printf_post_padding)
    i._printf_pre_padding                    0x080063f0   Section        0  printf8.o(i._printf_pre_padding)
    _printf_pre_padding                      0x080063f1   Thumb Code    44  printf8.o(i._printf_pre_padding)
    .data                                    0x200000c0   Section       40  main.o(.data)
    key_event                                0x200000c2   Data           1  main.o(.data)
    bat_value                                0x200000c3   Data           1  main.o(.data)
    touch_key_time                           0x200000c4   Data           1  main.o(.data)
    bat_flag                                 0x200000c5   Data           1  main.o(.data)
    bat_alarm_timer                          0x200000c6   Data           1  main.o(.data)
    bat_alarm_timer_t                        0x200000c7   Data           1  main.o(.data)
    get_sleep_timer_t                        0x200000c8   Data           1  main.o(.data)
    key_timer                                0x200000ca   Data           2  main.o(.data)
    sleep_off_timer                          0x200000cc   Data           2  main.o(.data)
    moto_R_state_flag                        0x200000ce   Data           2  main.o(.data)
    moto_L_state_flag                        0x200000d0   Data           2  main.o(.data)
    get_sleep_timer                          0x200000d2   Data           2  main.o(.data)
    FIRMWARE_VERSION                         0x200000d4   Data           3  main.o(.data)
    iap_version_addr                         0x200000e0   Data           4  main.o(.data)
    DRV_flag                                 0x200000e4   Data           4  main.o(.data)
    .data                                    0x200000e8   Section       16  moto.o(.data)
    moto_flag                                0x200000e8   Data           1  moto.o(.data)
    moto_R_current_state                     0x200000e9   Data           1  moto.o(.data)
    moto_L_current_state                     0x200000ea   Data           1  moto.o(.data)
    pwm_flag                                 0x200000ec   Data           2  moto.o(.data)
    R_count                                  0x200000f0   Data           4  moto.o(.data)
    L_count                                  0x200000f4   Data           4  moto.o(.data)
    .data                                    0x200000f8   Section       16  led.o(.data)
    led_x                                    0x200000f8   Data           1  led.o(.data)
    led_y                                    0x200000f9   Data           1  led.o(.data)
    pwm_duty                                 0x200000fa   Data           1  led.o(.data)
    PWM_flag                                 0x200000fb   Data           1  led.o(.data)
    led_flag                                 0x200000fc   Data           1  led.o(.data)
    .data                                    0x20000108   Section        4  rtc.o(.data)
    .data                                    0x2000010c   Section        2  user_it.o(.data)
    .data                                    0x2000010e   Section        1  user_it.o(.data)
    .data                                    0x2000010f   Section       16  mm32_i2c.o(.data)
    .data                                    0x20000120   Section        4  system_mm32f031x8.o(.data)
    .data                                    0x20000124   Section        4  hal_i2c.o(.data)
    I2C_CMD_DIR                              0x20000124   Data           1  hal_i2c.o(.data)
    .data                                    0x20000128   Section       16  hal_rcc.o(.data)
    APBAHBPrescTable                         0x20000128   Data          16  hal_rcc.o(.data)
    .data                                    0x20000138   Section        4  stdout.o(.data)
    .bss                                     0x2000013c   Section       64  main.o(.bss)
    get_Com                                  0x2000013c   Data          10  main.o(.bss)
    adc_typedef                              0x20000146   Data          54  main.o(.bss)
    .bss                                     0x2000017c   Section       86  moto.o(.bss)
    .bss                                     0x200001d2   Section       64  user_timer.o(.bss)
    .bss                                     0x20000212   Section      284  user_uart.o(.bss)
    Buffer_t                                 0x2000022a   Data         260  user_uart.o(.bss)
    .bss                                     0x2000032e   Section       16  mm32_i2c.o(.bss)
    STACK                                    0x20000340   Section     1024  startup_mm32f031x8.o(STACK)

    Global Symbols

    Symbol Name                              Value     Ov Type        Size  Object(Section)

    BuildAttributes$$THM_ISAv3M$S$PE$A:L22$X:L11$S22$IEEE1$IW$USESV6$~STKCKD$USESV7$~SHL$OTIME$ROPI$EBA8$MICROLIB$REQ8$PRES8$EABIv2 0x00000000   Number         0  anon$$obj.o ABSOLUTE
    __ARM_use_no_argv                        0x00000000   Number         0  main.o ABSOLUTE
    _printf_a                                0x00000000   Number         0  stubs.o ABSOLUTE
    _printf_c                                0x00000000   Number         0  stubs.o ABSOLUTE
    _printf_charcount                        0x00000000   Number         0  stubs.o ABSOLUTE
    _printf_d                                0x00000000   Number         0  stubs.o ABSOLUTE
    _printf_e                                0x00000000   Number         0  stubs.o ABSOLUTE
    _printf_f                                0x00000000   Number         0  stubs.o ABSOLUTE
    _printf_flags                            0x00000000   Number         0  stubs.o ABSOLUTE
    _printf_fp_dec                           0x00000000   Number         0  stubs.o ABSOLUTE
    _printf_fp_hex                           0x00000000   Number         0  stubs.o ABSOLUTE
    _printf_g                                0x00000000   Number         0  stubs.o ABSOLUTE
    _printf_i                                0x00000000   Number         0  stubs.o ABSOLUTE
    _printf_int_dec                          0x00000000   Number         0  stubs.o ABSOLUTE
    _printf_l                                0x00000000   Number         0  stubs.o ABSOLUTE
    _printf_lc                               0x00000000   Number         0  stubs.o ABSOLUTE
    _printf_ll                               0x00000000   Number         0  stubs.o ABSOLUTE
    _printf_lld                              0x00000000   Number         0  stubs.o ABSOLUTE
    _printf_lli                              0x00000000   Number         0  stubs.o ABSOLUTE
    _printf_llo                              0x00000000   Number         0  stubs.o ABSOLUTE
    _printf_llu                              0x00000000   Number         0  stubs.o ABSOLUTE
    _printf_llx                              0x00000000   Number         0  stubs.o ABSOLUTE
    _printf_longlong_dec                     0x00000000   Number         0  stubs.o ABSOLUTE
    _printf_longlong_hex                     0x00000000   Number         0  stubs.o ABSOLUTE
    _printf_longlong_oct                     0x00000000   Number         0  stubs.o ABSOLUTE
    _printf_ls                               0x00000000   Number         0  stubs.o ABSOLUTE
    _printf_mbtowc                           0x00000000   Number         0  stubs.o ABSOLUTE
    _printf_n                                0x00000000   Number         0  stubs.o ABSOLUTE
    _printf_o                                0x00000000   Number         0  stubs.o ABSOLUTE
    _printf_p                                0x00000000   Number         0  stubs.o ABSOLUTE
    _printf_percent                          0x00000000   Number         0  stubs.o ABSOLUTE
    _printf_pre_padding                      0x00000000   Number         0  stubs.o ABSOLUTE
    _printf_return_value                     0x00000000   Number         0  stubs.o ABSOLUTE
    _printf_s                                0x00000000   Number         0  stubs.o ABSOLUTE
    _printf_sizespec                         0x00000000   Number         0  stubs.o ABSOLUTE
    _printf_str                              0x00000000   Number         0  stubs.o ABSOLUTE
    _printf_truncate_signed                  0x00000000   Number         0  stubs.o ABSOLUTE
    _printf_truncate_unsigned                0x00000000   Number         0  stubs.o ABSOLUTE
    _printf_u                                0x00000000   Number         0  stubs.o ABSOLUTE
    _printf_wc                               0x00000000   Number         0  stubs.o ABSOLUTE
    _printf_wctomb                           0x00000000   Number         0  stubs.o ABSOLUTE
    _printf_widthprec                        0x00000000   Number         0  stubs.o ABSOLUTE
    _printf_x                                0x00000000   Number         0  stubs.o ABSOLUTE
    __cpp_initialize__aeabi_                  - Undefined Weak Reference
    __cxa_finalize                            - Undefined Weak Reference
    __decompress                              - Undefined Weak Reference
    _clock_init                               - Undefined Weak Reference
    _microlib_exit                            - Undefined Weak Reference
    __Vectors_Size                           0x000000b4   Number         0  startup_mm32f031x8.o ABSOLUTE
    __Vectors                                0x08001800   Data           4  startup_mm32f031x8.o(RESET)
    __Vectors_End                            0x080018b4   Data           0  startup_mm32f031x8.o(RESET)
    __main                                   0x080018b5   Thumb Code     0  entry.o(.ARM.Collect$$$$00000000)
    _main_stk                                0x080018b5   Thumb Code     0  entry2.o(.ARM.Collect$$$$00000001)
    _main_scatterload                        0x080018b9   Thumb Code     0  entry5.o(.ARM.Collect$$$$00000004)
    __main_after_scatterload                 0x080018bd   Thumb Code     0  entry5.o(.ARM.Collect$$$$00000004)
    _main_clock                              0x080018bd   Thumb Code     0  entry7b.o(.ARM.Collect$$$$00000008)
    _main_cpp_init                           0x080018bd   Thumb Code     0  entry8b.o(.ARM.Collect$$$$0000000A)
    _main_init                               0x080018bd   Thumb Code     0  entry9a.o(.ARM.Collect$$$$0000000B)
    __rt_final_cpp                           0x080018c5   Thumb Code     0  entry10a.o(.ARM.Collect$$$$0000000D)
    __rt_final_exit                          0x080018c5   Thumb Code     0  entry11a.o(.ARM.Collect$$$$0000000F)
    uni_sys_init                             0x080018c9   Thumb Code    44  config.o(.text)
    kar_off                                  0x08001a43   Thumb Code    72  main.o(.text)
    main                                     0x08001e7f   Thumb Code    54  main.o(.text)
    moto_P                                   0x08001f71   Thumb Code    96  moto.o(.text)
    moto_dealy_P                             0x08001fd1   Thumb Code    74  moto.o(.text)
    moto_D                                   0x0800201b   Thumb Code    32  moto.o(.text)
    GetMotoCom                               0x080020f1   Thumb Code   150  moto.o(.text)
    motor_test                               0x08002187   Thumb Code    28  moto.o(.text)
    get_moto_current_state                   0x080021a3   Thumb Code   270  moto.o(.text)
    moto_run_task                            0x080022b1   Thumb Code   108  moto.o(.text)
    moto_timer_handler                       0x0800231d   Thumb Code   144  moto.o(.text)
    aperture_all_on                          0x080025eb   Thumb Code    16  led.o(.text)
    led_mode_get_t                           0x080025fb   Thumb Code    36  led.o(.text)
    aperture_all_off                         0x0800261f   Thumb Code    26  led.o(.text)
    led_run_task                             0x080026ab   Thumb Code    66  led.o(.text)
    led_mode_get_tt                          0x080026ed   Thumb Code    44  led.o(.text)
    led_mode_get                             0x08002719   Thumb Code    48  led.o(.text)
    RTC_Write_Byte                           0x080028f5   Thumb Code    14  rtc.o(.text)
    RTC_Read_Byte                            0x08002903   Thumb Code    22  rtc.o(.text)
    RTC_Read_nByte                           0x08002919   Thumb Code    30  rtc.o(.text)
    RTC_Start                                0x08002937   Thumb Code    66  rtc.o(.text)
    RTC_SetTimeDate                          0x08002979   Thumb Code   178  rtc.o(.text)
    RTC_GetTimeDate                          0x08002a2b   Thumb Code   138  rtc.o(.text)
    RTC_SetAlarm                             0x08002ab5   Thumb Code   208  rtc.o(.text)
    RTC_GetAlarm                             0x08002b85   Thumb Code    88  rtc.o(.text)
    RTC_Clear_GetControlStatus_2             0x08002bdd   Thumb Code    32  rtc.o(.text)
    RTC_Close_Alarm                          0x08002bfd   Thumb Code    28  rtc.o(.text)
    get_Alarm_Int_state                      0x08002c19   Thumb Code    34  rtc.o(.text)
    Set_Alarm_Clock                          0x08002c3b   Thumb Code    86  rtc.o(.text)
    Set_date_timer                           0x08002c91   Thumb Code   102  rtc.o(.text)
    Get_date_timer                           0x08002cf7   Thumb Code    80  rtc.o(.text)
    Rtc_Check                                0x08002d47   Thumb Code    38  rtc.o(.text)
    rtc_test                                 0x08002d6d   Thumb Code    38  rtc.o(.text)
    clear_all_event                          0x08002de9   Thumb Code    16  user_it.o(.text)
    EXTI0_1_IRQHandler                       0x08002df9   Thumb Code    30  user_it.o(.text)
    EXTI4_15_IRQHandler                      0x08002e17   Thumb Code    86  user_it.o(.text)
    set_soft_timer                           0x08002e71   Thumb Code    12  user_timer.o(.text)
    check_soft_timeout                       0x08002e7d   Thumb Code    32  user_timer.o(.text)
    check_soft_timeout_PWM                   0x08002e9d   Thumb Code    22  user_timer.o(.text)
    timer_delay_ms                           0x08002eb3   Thumb Code    22  user_timer.o(.text)
    TIM16_IRQHandler                         0x08002ec9   Thumb Code    34  user_timer.o(.text)
    udly1us                                  0x08002ef5   Thumb Code     6  user_uart.o(.text)
    uni_UART_Init                            0x08002efb   Thumb Code    18  user_uart.o(.text)
    fputc                                    0x08002f0d   Thumb Code    14  user_uart.o(.text)
    UART2_Send_BUFF                          0x08002f1b   Thumb Code    42  user_uart.o(.text)
    WriteUartBuf                             0x08002f45   Thumb Code    18  user_uart.o(.text)
    UART_Send_t                              0x08002f57   Thumb Code    96  user_uart.o(.text)
    uart0_get_cmd                            0x08002fd1   Thumb Code   142  user_uart.o(.text)
    UART2_IRQHandler                         0x0800305f   Thumb Code    48  user_uart.o(.text)
    gpio_init                                0x080030f1   Thumb Code     8  mm32_config.o(.text)
    uni_pwm_init                             0x080030f9   Thumb Code   322  mm32_config.o(.text)
    uni_adc_init                             0x0800323b   Thumb Code   100  mm32_config.o(.text)
    _uart_init                               0x0800329f   Thumb Code     8  mm32_config.o(.text)
    clock_init                               0x080032a7   Thumb Code     2  mm32_config.o(.text)
    uni_wdg_init                             0x080032a9   Thumb Code    12  mm32_config.o(.text)
    uni_timer_init                           0x080032b5   Thumb Code    86  mm32_config.o(.text)
    adc_value_get                            0x080035b9   Thumb Code    84  mm32_hard_interface.o(.text)
    sys_start                                0x08003637   Thumb Code   156  mm32_hard_interface.o(.text)
    update_flash_flag_set                    0x080036d3   Thumb Code    32  mm32_hard_interface.o(.text)
    PVU_CheckStatus                          0x080036f3   Thumb Code    14  mm32_hard_interface.o(.text)
    RVU_CheckStatus                          0x08003701   Thumb Code    14  mm32_hard_interface.o(.text)
    Write_Iwdg_ON                            0x0800370f   Thumb Code    68  mm32_hard_interface.o(.text)
    uni_wdt_reload                           0x08003753   Thumb Code     8  mm32_hard_interface.o(.text)
    LowPowerConsumptionConfig                0x0800375b   Thumb Code    90  mm32_hard_interface.o(.text)
    app_iap_init                             0x080037b5   Thumb Code    34  mm32_hard_interface.o(.text)
    TIM2_IRQHandler                          0x080037d7   Thumb Code    16  mm32_hard_interface.o(.text)
    I2CInitMasterMode                        0x08003819   Thumb Code   102  mm32_i2c.o(.text)
    uni_i2c_init                             0x0800387f   Thumb Code   120  mm32_i2c.o(.text)
    I2CTXEmptyCheck                          0x080038f7   Thumb Code    18  mm32_i2c.o(.text)
    I2CRXFullCheck                           0x08003909   Thumb Code    18  mm32_i2c.o(.text)
    I2CTXByte                                0x0800391b   Thumb Code    18  mm32_i2c.o(.text)
    I2CRXByte                                0x0800392d   Thumb Code    16  mm32_i2c.o(.text)
    I2CMasterWrite                           0x0800393d   Thumb Code   112  mm32_i2c.o(.text)
    I2CMasterRead                            0x080039ad   Thumb Code    66  mm32_i2c.o(.text)
    IIC_WriteByte                            0x080039ef   Thumb Code    68  mm32_i2c.o(.text)
    IIC_ReadByte                             0x08003a33   Thumb Code    54  mm32_i2c.o(.text)
    IIC_WriteArray                           0x08003a69   Thumb Code   112  mm32_i2c.o(.text)
    IIC_ReadArray                            0x08003ad9   Thumb Code    80  mm32_i2c.o(.text)
    I2CMasterTest                            0x08003b29   Thumb Code    46  mm32_i2c.o(.text)
    Reset_Handler                            0x08003b71   Thumb Code    38  startup_mm32f031x8.o(.text)
    NMI_Handler                              0x08003b97   Thumb Code     2  startup_mm32f031x8.o(.text)
    HardFault_Handler                        0x08003b99   Thumb Code     2  startup_mm32f031x8.o(.text)
    SVC_Handler                              0x08003b9b   Thumb Code     2  startup_mm32f031x8.o(.text)
    PendSV_Handler                           0x08003b9d   Thumb Code     2  startup_mm32f031x8.o(.text)
    SysTick_Handler                          0x08003b9f   Thumb Code     2  startup_mm32f031x8.o(.text)
    ADC_COMP_IRQHandler                      0x08003ba1   Thumb Code     0  startup_mm32f031x8.o(.text)
    DMA1_Channel1_IRQHandler                 0x08003ba1   Thumb Code     0  startup_mm32f031x8.o(.text)
    DMA1_Channel2_3_IRQHandler               0x08003ba1   Thumb Code     0  startup_mm32f031x8.o(.text)
    DMA1_Channel4_5_IRQHandler               0x08003ba1   Thumb Code     0  startup_mm32f031x8.o(.text)
    EXTI2_3_IRQHandler                       0x08003ba1   Thumb Code     0  startup_mm32f031x8.o(.text)
    FLASH_IRQHandler                         0x08003ba1   Thumb Code     0  startup_mm32f031x8.o(.text)
    I2C1_IRQHandler                          0x08003ba1   Thumb Code     0  startup_mm32f031x8.o(.text)
    PVD_IRQHandler                           0x08003ba1   Thumb Code     0  startup_mm32f031x8.o(.text)
    RCC_CRS_IRQHandler                       0x08003ba1   Thumb Code     0  startup_mm32f031x8.o(.text)
    RTC_IRQHandler                           0x08003ba1   Thumb Code     0  startup_mm32f031x8.o(.text)
    SPI1_IRQHandler                          0x08003ba1   Thumb Code     0  startup_mm32f031x8.o(.text)
    SPI2_IRQHandler                          0x08003ba1   Thumb Code     0  startup_mm32f031x8.o(.text)
    TIM14_IRQHandler                         0x08003ba1   Thumb Code     0  startup_mm32f031x8.o(.text)
    TIM17_IRQHandler                         0x08003ba1   Thumb Code     0  startup_mm32f031x8.o(.text)
    TIM1_BRK_UP_TRG_COM_IRQHandler           0x08003ba1   Thumb Code     0  startup_mm32f031x8.o(.text)
    TIM1_CC_IRQHandler                       0x08003ba1   Thumb Code     0  startup_mm32f031x8.o(.text)
    TIM3_IRQHandler                          0x08003ba1   Thumb Code     0  startup_mm32f031x8.o(.text)
    UART1_IRQHandler                         0x08003ba1   Thumb Code     0  startup_mm32f031x8.o(.text)
    WWDG_IRQHandler                          0x08003ba1   Thumb Code     0  startup_mm32f031x8.o(.text)
    SystemInit                               0x08003bc9   Thumb Code    70  system_mm32f031x8.o(.text)
    ADC_DeInit                               0x08003c99   Thumb Code    28  hal_adc.o(.text)
    ADC_Init                                 0x08003cb5   Thumb Code    36  hal_adc.o(.text)
    ADC_StructInit                           0x08003cd9   Thumb Code    18  hal_adc.o(.text)
    ADC_Cmd                                  0x08003ceb   Thumb Code    20  hal_adc.o(.text)
    ADC_DMACmd                               0x08003cff   Thumb Code    18  hal_adc.o(.text)
    ADC_ITConfig                             0x08003d11   Thumb Code    16  hal_adc.o(.text)
    ADC_SoftwareStartConvCmd                 0x08003d21   Thumb Code    20  hal_adc.o(.text)
    ADC_GetSoftwareStartConvStatus           0x08003d35   Thumb Code    14  hal_adc.o(.text)
    ADC_RegularChannelConfig                 0x08003d43   Thumb Code   140  hal_adc.o(.text)
    ADC_ExternalTrigConvCmd                  0x08003dcf   Thumb Code    18  hal_adc.o(.text)
    ADC_GetConversionValue                   0x08003de1   Thumb Code    80  hal_adc.o(.text)
    ADC_ExternalTrigInjectedConvConfig       0x08003e31   Thumb Code    12  hal_adc.o(.text)
    ADC_ExternalTrigInjectedConvCmd          0x08003e3d   Thumb Code    18  hal_adc.o(.text)
    ADC_AnalogWatchdogCmd                    0x08003e4f   Thumb Code    18  hal_adc.o(.text)
    ADC_AnalogWatchdogThresholdsConfig       0x08003e61   Thumb Code     8  hal_adc.o(.text)
    ADC_AnalogWatchdogSingleChannelConfig    0x08003e69   Thumb Code    16  hal_adc.o(.text)
    ADC_TempSensorCmd                        0x08003e79   Thumb Code    36  hal_adc.o(.text)
    ADC_VrefintCmd                           0x08003e9d   Thumb Code    36  hal_adc.o(.text)
    ADC_GetFlagStatus                        0x08003ec1   Thumb Code    14  hal_adc.o(.text)
    ADC_ClearFlag                            0x08003ecf   Thumb Code     8  hal_adc.o(.text)
    ADC_GetITStatus                          0x08003ed7   Thumb Code    14  hal_adc.o(.text)
    ADC_ClearITPendingBit                    0x08003ee5   Thumb Code     4  hal_adc.o(.text)
    EXTI_DeInit                              0x08003ef5   Thumb Code    18  hal_exti.o(.text)
    EXTI_Init                                0x08003f07   Thumb Code   102  hal_exti.o(.text)
    EXTI_StructInit                          0x08003f6d   Thumb Code    14  hal_exti.o(.text)
    EXTI_GenerateSWInterrupt                 0x08003f7b   Thumb Code    10  hal_exti.o(.text)
    EXTI_GetFlagStatus                       0x08003f85   Thumb Code    16  hal_exti.o(.text)
    EXTI_ClearFlag                           0x08003f95   Thumb Code     6  hal_exti.o(.text)
    EXTI_GetITStatus                         0x08003f9b   Thumb Code    24  hal_exti.o(.text)
    EXTI_ClearITPendingBit                   0x08003fb3   Thumb Code     6  hal_exti.o(.text)
    FLASH_SetLatency                         0x08003fc1   Thumb Code    14  hal_flash.o(.text)
    FLASH_HalfCycleAccessCmd                 0x08003fcf   Thumb Code    18  hal_flash.o(.text)
    FLASH_PrefetchBufferCmd                  0x08003fe1   Thumb Code    18  hal_flash.o(.text)
    FLASH_Unlock                             0x08003ff3   Thumb Code    12  hal_flash.o(.text)
    FLASH_Lock                               0x08003fff   Thumb Code    12  hal_flash.o(.text)
    FLASH_GetStatus                          0x0800400b   Thumb Code    34  hal_flash.o(.text)
    FLASH_WaitForLastOperation               0x0800402d   Thumb Code    46  hal_flash.o(.text)
    FLASH_ErasePage                          0x0800405b   Thumb Code    56  hal_flash.o(.text)
    FLASH_EraseAllPages                      0x08004093   Thumb Code    54  hal_flash.o(.text)
    FLASH_EraseOptionBytes                   0x080040c9   Thumb Code    98  hal_flash.o(.text)
    FLASH_ProgramWord                        0x0800412b   Thumb Code    64  hal_flash.o(.text)
    FLASH_ProgramHalfWord                    0x0800416b   Thumb Code    50  hal_flash.o(.text)
    FLASH_ProgramOptionByteData              0x0800419d   Thumb Code    58  hal_flash.o(.text)
    FLASH_EnableWriteProtection              0x080041d7   Thumb Code   130  hal_flash.o(.text)
    FLASH_ReadOutProtection                  0x08004259   Thumb Code   118  hal_flash.o(.text)
    FLASH_UserOptionByteConfig               0x080042cf   Thumb Code    70  hal_flash.o(.text)
    FLASH_GetUserOptionByte                  0x08004315   Thumb Code     8  hal_flash.o(.text)
    FLASH_GetWriteProtectionOptionByte       0x0800431d   Thumb Code     6  hal_flash.o(.text)
    FLASH_GetReadOutProtectionStatus         0x08004323   Thumb Code    14  hal_flash.o(.text)
    FLASH_GetPrefetchBufferStatus            0x08004331   Thumb Code    14  hal_flash.o(.text)
    FLASH_ITConfig                           0x0800433f   Thumb Code    18  hal_flash.o(.text)
    FLASH_GetFlagStatus                      0x08004351   Thumb Code    28  hal_flash.o(.text)
    FLASH_ClearFlag                          0x0800436d   Thumb Code     6  hal_flash.o(.text)
    GPIO_DeInit                              0x0800438d   Thumb Code    64  hal_gpio.o(.text)
    GPIO_Init                                0x080043cd   Thumb Code   146  hal_gpio.o(.text)
    GPIO_StructInit                          0x0800445f   Thumb Code    16  hal_gpio.o(.text)
    GPIO_ReadInputDataBit                    0x0800446f   Thumb Code    14  hal_gpio.o(.text)
    GPIO_ReadInputData                       0x0800447d   Thumb Code     6  hal_gpio.o(.text)
    GPIO_ReadOutputDataBit                   0x08004483   Thumb Code    14  hal_gpio.o(.text)
    GPIO_ReadOutputData                      0x08004491   Thumb Code     6  hal_gpio.o(.text)
    GPIO_SetBits                             0x08004497   Thumb Code     4  hal_gpio.o(.text)
    GPIO_ResetBits                           0x0800449b   Thumb Code     4  hal_gpio.o(.text)
    GPIO_WriteBit                            0x0800449f   Thumb Code    12  hal_gpio.o(.text)
    GPIO_Write                               0x080044ab   Thumb Code     4  hal_gpio.o(.text)
    GPIO_PinLockConfig                       0x080044af   Thumb Code    18  hal_gpio.o(.text)
    GPIO_PinAFConfig                         0x080044c1   Thumb Code    46  hal_gpio.o(.text)
    I2C_DeInit                               0x080044f1   Thumb Code    28  hal_i2c.o(.text)
    I2C_Init                                 0x0800450d   Thumb Code   148  hal_i2c.o(.text)
    I2C_StructInit                           0x080045a1   Thumb Code    18  hal_i2c.o(.text)
    I2C_Cmd                                  0x080045b3   Thumb Code    22  hal_i2c.o(.text)
    I2C_DMACmd                               0x080045c9   Thumb Code    44  hal_i2c.o(.text)
    I2C_GenerateSTART                        0x080045f5   Thumb Code    18  hal_i2c.o(.text)
    I2C_GenerateSTOP                         0x08004607   Thumb Code    20  hal_i2c.o(.text)
    I2C_OwnAddress2Config                    0x0800461b   Thumb Code    14  hal_i2c.o(.text)
    I2C_DualAddressCmd                       0x08004629   Thumb Code    22  hal_i2c.o(.text)
    I2C_GeneralCallCmd                       0x0800463f   Thumb Code    22  hal_i2c.o(.text)
    I2C_ITConfig                             0x08004655   Thumb Code    24  hal_i2c.o(.text)
    I2C_SendData                             0x0800466d   Thumb Code     4  hal_i2c.o(.text)
    I2C_SendLastDataOrStop                   0x08004671   Thumb Code    10  hal_i2c.o(.text)
    I2C_ReadLastDataOrStop                   0x0800467b   Thumb Code    10  hal_i2c.o(.text)
    I2C_ReadCmd                              0x08004685   Thumb Code     8  hal_i2c.o(.text)
    I2C_ReceiveData                          0x0800468d   Thumb Code    12  hal_i2c.o(.text)
    I2C_Send7bitAddress                      0x08004699   Thumb Code     6  hal_i2c.o(.text)
    I2C_ReadRegister                         0x0800469f   Thumb Code     4  hal_i2c.o(.text)
    I2C_GetLastEvent                         0x080046a3   Thumb Code     8  hal_i2c.o(.text)
    I2C_CheckEvent                           0x080046ab   Thumb Code    38  hal_i2c.o(.text)
    I2C_GetFlagStatus                        0x080046d1   Thumb Code    50  hal_i2c.o(.text)
    I2C_ClearFlag                            0x08004703   Thumb Code    66  hal_i2c.o(.text)
    I2C_GetITStatus                          0x08004745   Thumb Code    14  hal_i2c.o(.text)
    I2C_ClearITPendingBit                    0x08004753   Thumb Code    66  hal_i2c.o(.text)
    IWDG_WriteAccessCmd                      0x080047b5   Thumb Code     6  hal_iwdg.o(.text)
    IWDG_SetPrescaler                        0x080047bb   Thumb Code     6  hal_iwdg.o(.text)
    IWDG_SetReload                           0x080047c1   Thumb Code     6  hal_iwdg.o(.text)
    IWDG_ReloadCounter                       0x080047c7   Thumb Code     8  hal_iwdg.o(.text)
    IWDG_Enable                              0x080047cf   Thumb Code     8  hal_iwdg.o(.text)
    IWDG_GetFlagStatus                       0x080047d7   Thumb Code    16  hal_iwdg.o(.text)
    NVIC_Init                                0x080047f5   Thumb Code    70  hal_misc.o(.text)
    NVIC_SetVectorTable                      0x0800483b   Thumb Code     2  hal_misc.o(.text)
    NVIC_SystemLPConfig                      0x0800483d   Thumb Code    18  hal_misc.o(.text)
    SysTick_CLKSourceConfig                  0x0800484f   Thumb Code    20  hal_misc.o(.text)
    PWR_DeInit                               0x08004875   Thumb Code    22  hal_pwr.o(.text)
    PWR_BackupAccessCmd                      0x0800488b   Thumb Code    20  hal_pwr.o(.text)
    PWR_PVDCmd                               0x0800489f   Thumb Code    20  hal_pwr.o(.text)
    PWR_PVDLevelConfig                       0x080048b3   Thumb Code    16  hal_pwr.o(.text)
    PWR_WakeUpPinCmd                         0x080048c3   Thumb Code    20  hal_pwr.o(.text)
    PWR_EnterSTOPMode                        0x080048d7   Thumb Code    34  hal_pwr.o(.text)
    PWR_EnterSTANDBYMode                     0x080048f9   Thumb Code    30  hal_pwr.o(.text)
    PWR_GetFlagStatus                        0x08004917   Thumb Code    16  hal_pwr.o(.text)
    PWR_ClearFlag                            0x08004927   Thumb Code    12  hal_pwr.o(.text)
    RCC_DeInit                               0x0800493d   Thumb Code    64  hal_rcc.o(.text)
    RCC_HSEConfig                            0x0800497d   Thumb Code    62  hal_rcc.o(.text)
    RCC_GetFlagStatus                        0x080049bb   Thumb Code    34  hal_rcc.o(.text)
    RCC_WaitForHSEStartUp                    0x080049dd   Thumb Code    44  hal_rcc.o(.text)
    RCC_AdjustHSICalibrationValue            0x08004a09   Thumb Code    20  hal_rcc.o(.text)
    RCC_HSICmd                               0x08004a1d   Thumb Code    22  hal_rcc.o(.text)
    RCC_PLLDMDNConfig                        0x08004a33   Thumb Code    22  hal_rcc.o(.text)
    RCC_PLLConfig                            0x08004a49   Thumb Code   288  hal_rcc.o(.text)
    RCC_PLLCmd                               0x08004b69   Thumb Code    22  hal_rcc.o(.text)
    RCC_SYSCLKConfig                         0x08004b7f   Thumb Code    14  hal_rcc.o(.text)
    RCC_GetSYSCLKSource                      0x08004b8d   Thumb Code    10  hal_rcc.o(.text)
    RCC_HCLKConfig                           0x08004b97   Thumb Code    14  hal_rcc.o(.text)
    RCC_PCLK1Config                          0x08004ba5   Thumb Code    16  hal_rcc.o(.text)
    RCC_PCLK2Config                          0x08004bb5   Thumb Code    18  hal_rcc.o(.text)
    RCC_ITConfig                             0x08004bc7   Thumb Code    20  hal_rcc.o(.text)
    RCC_USBCLKConfig                         0x08004bdb   Thumb Code    20  hal_rcc.o(.text)
    RCC_LSICmd                               0x08004bef   Thumb Code    22  hal_rcc.o(.text)
    RCC_GetClocksFreq                        0x08004c05   Thumb Code   120  hal_rcc.o(.text)
    RCC_AHBPeriphClockCmd                    0x08004c7d   Thumb Code    18  hal_rcc.o(.text)
    RCC_APB2PeriphClockCmd                   0x08004c8f   Thumb Code    18  hal_rcc.o(.text)
    RCC_APB1PeriphClockCmd                   0x08004ca1   Thumb Code    18  hal_rcc.o(.text)
    RCC_APB2PeriphResetCmd                   0x08004cb3   Thumb Code    18  hal_rcc.o(.text)
    RCC_APB1PeriphResetCmd                   0x08004cc5   Thumb Code    18  hal_rcc.o(.text)
    RCC_ClockSecuritySystemCmd               0x08004cd7   Thumb Code    22  hal_rcc.o(.text)
    RCC_MCOConfig                            0x08004ced   Thumb Code    22  hal_rcc.o(.text)
    RCC_ClearFlag                            0x08004d03   Thumb Code    14  hal_rcc.o(.text)
    RCC_GetITStatus                          0x08004d11   Thumb Code    56  hal_rcc.o(.text)
    RCC_ClearITPendingBit                    0x08004d49   Thumb Code    12  hal_rcc.o(.text)
    SYSCFG_DeInit                            0x08004d59   Thumb Code    22  hal_syscfg.o(.text)
    SYSCFG_MemoryRemapConfig                 0x08004d6f   Thumb Code    14  hal_syscfg.o(.text)
    SYSCFG_DMAChannelRemapConfig             0x08004d7d   Thumb Code    18  hal_syscfg.o(.text)
    SYSCFG_EXTILineConfig                    0x08004d8f   Thumb Code    34  hal_syscfg.o(.text)
    TIM_DeInit                               0x08004db5   Thumb Code   120  hal_tim.o(.text)
    TIM_TimeBaseInit                         0x08004e2d   Thumb Code    72  hal_tim.o(.text)
    TIM_TimeBaseStructInit                   0x08004e75   Thumb Code    16  hal_tim.o(.text)
    TIM_PrescalerConfig                      0x08004e85   Thumb Code     6  hal_tim.o(.text)
    TIM_CounterModeConfig                    0x08004e8b   Thumb Code    14  hal_tim.o(.text)
    TIM_SetCounter                           0x08004e99   Thumb Code     4  hal_tim.o(.text)
    TIM_SetAutoreload                        0x08004e9d   Thumb Code     4  hal_tim.o(.text)
    TIM_GetCounter                           0x08004ea1   Thumb Code     4  hal_tim.o(.text)
    TIM_GetPrescaler                         0x08004ea5   Thumb Code     6  hal_tim.o(.text)
    TIM_UpdateDisableConfig                  0x08004eab   Thumb Code    22  hal_tim.o(.text)
    TIM_UpdateRequestConfig                  0x08004ec1   Thumb Code    22  hal_tim.o(.text)
    TIM_ARRPreloadConfig                     0x08004ed7   Thumb Code    22  hal_tim.o(.text)
    TIM_SelectOnePulseMode                   0x08004eed   Thumb Code    18  hal_tim.o(.text)
    TIM_SetClockDivision                     0x08004eff   Thumb Code    16  hal_tim.o(.text)
    TIM_Cmd                                  0x08004f0f   Thumb Code    22  hal_tim.o(.text)
    TIM_BDTRConfig                           0x08004f25   Thumb Code    32  hal_tim.o(.text)
    TIM_BDTRStructInit                       0x08004f45   Thumb Code    18  hal_tim.o(.text)
    TIM_CtrlPWMOutputs                       0x08004f57   Thumb Code    22  hal_tim.o(.text)
    TIM_OC1Init                              0x08004f6d   Thumb Code   106  hal_tim.o(.text)
    TIM_OC2Init                              0x08004fd7   Thumb Code   122  hal_tim.o(.text)
    TIM_OC3Init                              0x08005051   Thumb Code   116  hal_tim.o(.text)
    TIM_OC4Init                              0x080050c5   Thumb Code    84  hal_tim.o(.text)
    TIM_OCStructInit                         0x08005119   Thumb Code    20  hal_tim.o(.text)
    TIM_SelectOCxM                           0x0800512d   Thumb Code    74  hal_tim.o(.text)
    TIM_SetCompare1                          0x08005177   Thumb Code     4  hal_tim.o(.text)
    TIM_SetCompare2                          0x0800517b   Thumb Code     4  hal_tim.o(.text)
    TIM_SetCompare3                          0x0800517f   Thumb Code     4  hal_tim.o(.text)
    TIM_SetCompare4                          0x08005183   Thumb Code     4  hal_tim.o(.text)
    TIM_ForcedOC1Config                      0x08005187   Thumb Code    78  hal_tim.o(.text)
    TIM_ForcedOC2Config                      0x080051d5   Thumb Code    18  hal_tim.o(.text)
    TIM_ForcedOC3Config                      0x080051e7   Thumb Code    14  hal_tim.o(.text)
    TIM_ForcedOC4Config                      0x080051f5   Thumb Code    18  hal_tim.o(.text)
    TIM_CCPreloadControl                     0x08005207   Thumb Code    20  hal_tim.o(.text)
    TIM_OC1PreloadConfig                     0x0800521b   Thumb Code    14  hal_tim.o(.text)
    TIM_OC2PreloadConfig                     0x08005229   Thumb Code    18  hal_tim.o(.text)
    TIM_OC3PreloadConfig                     0x0800523b   Thumb Code    14  hal_tim.o(.text)
    TIM_OC4PreloadConfig                     0x08005249   Thumb Code    18  hal_tim.o(.text)
    TIM_OC1FastConfig                        0x0800525b   Thumb Code    14  hal_tim.o(.text)
    TIM_OC2FastConfig                        0x08005269   Thumb Code    18  hal_tim.o(.text)
    TIM_OC3FastConfig                        0x0800527b   Thumb Code    14  hal_tim.o(.text)
    TIM_OC4FastConfig                        0x08005289   Thumb Code    18  hal_tim.o(.text)
    TIM_ClearOC1Ref                          0x0800529b   Thumb Code    14  hal_tim.o(.text)
    TIM_ClearOC2Ref                          0x080052a9   Thumb Code    16  hal_tim.o(.text)
    TIM_ClearOC3Ref                          0x080052b9   Thumb Code    14  hal_tim.o(.text)
    TIM_ClearOC4Ref                          0x080052c7   Thumb Code    16  hal_tim.o(.text)
    TIM_OC1PolarityConfig                    0x080052d7   Thumb Code    14  hal_tim.o(.text)
    TIM_OC1NPolarityConfig                   0x080052e5   Thumb Code    14  hal_tim.o(.text)
    TIM_OC2PolarityConfig                    0x080052f3   Thumb Code    18  hal_tim.o(.text)
    TIM_OC2NPolarityConfig                   0x08005305   Thumb Code    18  hal_tim.o(.text)
    TIM_OC3PolarityConfig                    0x08005317   Thumb Code    18  hal_tim.o(.text)
    TIM_OC3NPolarityConfig                   0x08005329   Thumb Code    18  hal_tim.o(.text)
    TIM_OC4PolarityConfig                    0x0800533b   Thumb Code    18  hal_tim.o(.text)
    TIM_SelectOCREFClear                     0x0800534d   Thumb Code     8  hal_tim.o(.text)
    TIM_CCxCmd                               0x08005355   Thumb Code    28  hal_tim.o(.text)
    TIM_CCxNCmd                              0x08005371   Thumb Code    28  hal_tim.o(.text)
    TIM_SelectCOM                            0x0800538d   Thumb Code    22  hal_tim.o(.text)
    TIM_SetIC4Prescaler                      0x080053a3   Thumb Code    20  hal_tim.o(.text)
    TIM_SetIC3Prescaler                      0x080053b7   Thumb Code    18  hal_tim.o(.text)
    TIM_SetIC2Prescaler                      0x080053c9   Thumb Code    20  hal_tim.o(.text)
    TIM_SetIC1Prescaler                      0x08005415   Thumb Code    18  hal_tim.o(.text)
    TIM_ICInit                               0x08005455   Thumb Code   178  hal_tim.o(.text)
    TIM_ICStructInit                         0x08005507   Thumb Code    16  hal_tim.o(.text)
    TIM_PWMIConfig                           0x08005517   Thumb Code   104  hal_tim.o(.text)
    TIM_GetCapture1                          0x0800557f   Thumb Code     4  hal_tim.o(.text)
    TIM_GetCapture2                          0x08005583   Thumb Code     4  hal_tim.o(.text)
    TIM_GetCapture3                          0x08005587   Thumb Code     4  hal_tim.o(.text)
    TIM_GetCapture4                          0x0800558b   Thumb Code     4  hal_tim.o(.text)
    TIM_ITConfig                             0x0800558f   Thumb Code    20  hal_tim.o(.text)
    TIM_GenerateEvent                        0x080055a3   Thumb Code     4  hal_tim.o(.text)
    TIM_GetFlagStatus                        0x080055a7   Thumb Code    54  hal_tim.o(.text)
    TIM_ClearFlag                            0x080055dd   Thumb Code     8  hal_tim.o(.text)
    TIM_GetITStatus                          0x080055e5   Thumb Code    24  hal_tim.o(.text)
    TIM_ClearITPendingBit                    0x080055fd   Thumb Code     8  hal_tim.o(.text)
    TIM_DMAConfig                            0x08005605   Thumb Code     6  hal_tim.o(.text)
    TIM_DMACmd                               0x0800560b   Thumb Code    20  hal_tim.o(.text)
    TIM_SelectCCDMA                          0x0800561f   Thumb Code    20  hal_tim.o(.text)
    TIM_InternalClockConfig                  0x08005633   Thumb Code    12  hal_tim.o(.text)
    TIM_SelectInputTrigger                   0x0800563f   Thumb Code    14  hal_tim.o(.text)
    TIM_ITRxExternalClockConfig              0x0800564d   Thumb Code    18  hal_tim.o(.text)
    TIM_TIxExternalClockConfig               0x0800565f   Thumb Code    48  hal_tim.o(.text)
    TIM_ETRConfig                            0x0800568f   Thumb Code    20  hal_tim.o(.text)
    TIM_ETRClockMode1Config                  0x080056a3   Thumb Code    30  hal_tim.o(.text)
    TIM_ETRClockMode2Config                  0x080056c1   Thumb Code    20  hal_tim.o(.text)
    TIM_SelectOutputTrigger                  0x080056d5   Thumb Code    18  hal_tim.o(.text)
    TIM_SelectSlaveMode                      0x080056e7   Thumb Code    18  hal_tim.o(.text)
    TIM_SelectMasterSlaveMode                0x080056f9   Thumb Code    18  hal_tim.o(.text)
    TIM_EncoderInterfaceConfig               0x0800570b   Thumb Code    50  hal_tim.o(.text)
    TIM_SelectHallSensor                     0x0800573d   Thumb Code    22  hal_tim.o(.text)
    UART_DeInit                              0x0800575d   Thumb Code    56  hal_uart.o(.text)
    UART_Init                                0x08005795   Thumb Code    78  hal_uart.o(.text)
    UART_StructInit                          0x080057e3   Thumb Code    24  hal_uart.o(.text)
    UART_Cmd                                 0x080057fb   Thumb Code    20  hal_uart.o(.text)
    UART_ITConfig                            0x0800580f   Thumb Code    16  hal_uart.o(.text)
    UART_DMACmd                              0x0800581f   Thumb Code    16  hal_uart.o(.text)
    UART_SendData                            0x0800582f   Thumb Code     6  hal_uart.o(.text)
    UART_ReceiveData                         0x08005835   Thumb Code     6  hal_uart.o(.text)
    UART_GetFlagStatus                       0x0800583b   Thumb Code    14  hal_uart.o(.text)
    UART_ClearFlag                           0x08005849   Thumb Code     2  hal_uart.o(.text)
    UART_GetITStatus                         0x0800584b   Thumb Code    14  hal_uart.o(.text)
    UART_ClearITPendingBit                   0x08005859   Thumb Code     4  hal_uart.o(.text)
    __aeabi_uidiv                            0x08005869   Thumb Code     0  uidiv.o(.text)
    __aeabi_uidivmod                         0x08005869   Thumb Code    44  uidiv.o(.text)
    __aeabi_idiv                             0x08005895   Thumb Code     0  idiv.o(.text)
    __aeabi_idivmod                          0x08005895   Thumb Code    40  idiv.o(.text)
    __aeabi_memcpy                           0x080058bd   Thumb Code    36  memcpya.o(.text)
    __aeabi_memcpy4                          0x080058bd   Thumb Code     0  memcpya.o(.text)
    __aeabi_memcpy8                          0x080058bd   Thumb Code     0  memcpya.o(.text)
    __aeabi_memset                           0x080058e1   Thumb Code    14  memseta.o(.text)
    __aeabi_memset4                          0x080058e1   Thumb Code     0  memseta.o(.text)
    __aeabi_memset8                          0x080058e1   Thumb Code     0  memseta.o(.text)
    __aeabi_memclr                           0x080058ef   Thumb Code     4  memseta.o(.text)
    __aeabi_memclr4                          0x080058ef   Thumb Code     0  memseta.o(.text)
    __aeabi_memclr8                          0x080058ef   Thumb Code     0  memseta.o(.text)
    _memset$wrapper                          0x080058f3   Thumb Code    18  memseta.o(.text)
    __aeabi_dadd                             0x08005905   Thumb Code   328  dadd.o(.text)
    __aeabi_dsub                             0x08005a4d   Thumb Code    12  dadd.o(.text)
    __aeabi_drsub                            0x08005a59   Thumb Code    12  dadd.o(.text)
    __aeabi_dmul                             0x08005a69   Thumb Code   202  dmul.o(.text)
    __aeabi_ddiv                             0x08005b39   Thumb Code   234  ddiv.o(.text)
    __aeabi_ui2f                             0x08005c29   Thumb Code    14  ffltui.o(.text)
    __aeabi_i2d                              0x08005c39   Thumb Code    34  dflti.o(.text)
    __aeabi_ui2d                             0x08005c61   Thumb Code    24  dfltui.o(.text)
    __aeabi_d2uiz                            0x08005c7d   Thumb Code    50  dfixui.o(.text)
    __aeabi_cdrcmple                         0x08005cb9   Thumb Code    38  cdrcmple.o(.text)
    __aeabi_cfrcmple                         0x08005ce1   Thumb Code    20  cfrcmple.o(.text)
    __aeabi_uldivmod                         0x08005cf5   Thumb Code    96  uldiv.o(.text)
    __aeabi_llsl                             0x08005d55   Thumb Code    32  llshl.o(.text)
    _ll_shift_l                              0x08005d55   Thumb Code     0  llshl.o(.text)
    __aeabi_llsr                             0x08005d75   Thumb Code    34  llushr.o(.text)
    _ll_ushift_r                             0x08005d75   Thumb Code     0  llushr.o(.text)
    __aeabi_lasr                             0x08005d97   Thumb Code    38  llsshr.o(.text)
    _ll_sshift_r                             0x08005d97   Thumb Code     0  llsshr.o(.text)
    __I$use$fp                               0x08005dbd   Thumb Code     0  iusefp.o(.text)
    _float_round                             0x08005dbd   Thumb Code    16  fepilogue.o(.text)
    _float_epilogue                          0x08005dcd   Thumb Code   114  fepilogue.o(.text)
    _double_round                            0x08005e3f   Thumb Code    26  depilogue.o(.text)
    _double_epilogue                         0x08005e59   Thumb Code   164  depilogue.o(.text)
    __scatterload                            0x08005efd   Thumb Code    28  init.o(.text)
    __scatterload_rt2                        0x08005efd   Thumb Code     0  init.o(.text)
    __0printf$8                              0x08005f21   Thumb Code    24  printf8.o(i.__0printf$8)
    __1printf$8                              0x08005f21   Thumb Code     0  printf8.o(i.__0printf$8)
    __2printf                                0x08005f21   Thumb Code     0  printf8.o(i.__0printf$8)
    __ARM_clz                                0x08005f41   Thumb Code    46  depilogue.o(i.__ARM_clz)
    __ARM_common_switch8                     0x08005f6f   Thumb Code    26  main.o(i.__ARM_common_switch8)
    __scatterload_copy                       0x08005f89   Thumb Code    14  handlers.o(i.__scatterload_copy)
    __scatterload_null                       0x08005f97   Thumb Code     2  handlers.o(i.__scatterload_null)
    __scatterload_zeroinit                   0x08005f99   Thumb Code    14  handlers.o(i.__scatterload_zeroinit)
    Region$$Table$$Base                      0x0800641c   Number         0  anon$$obj.o(Region$$Table)
    Region$$Table$$Limit                     0x0800643c   Number         0  anon$$obj.o(Region$$Table)
    kar_state                                0x200000c0   Data           1  main.o(.data)
    kar_state_t                              0x200000c1   Data           1  main.o(.data)
    r_kar_state                              0x200000d8   Data           4  main.o(.data)
    r_kar_state_t                            0x200000dc   Data           4  main.o(.data)
    GetLedComData_t                          0x20000100   Data           8  led.o(.data)
    rtc_buf                                  0x20000108   Data           4  rtc.o(.data)
    Information_events                       0x2000010c   Data           2  user_it.o(.data)
    all_event_flag                           0x2000010e   Data           1  user_it.o(.data)
    tx_buffer0                               0x2000010f   Data          16  mm32_i2c.o(.data)
    SystemCoreClock                          0x20000120   Data           4  system_mm32f031x8.o(.data)
    I2C_DMA_DIR                              0x20000126   Data           2  hal_i2c.o(.data)
    __stdout                                 0x20000138   Data           4  stdout.o(.data)
    MOTO_t                                   0x2000017c   Data          86  moto.o(.bss)
    soft_timer                               0x200001d2   Data          32  user_timer.o(.bss)
    soft_timer_t                             0x200001f2   Data          32  user_timer.o(.bss)
    Uart0_Typedef                            0x20000212   Data          24  user_uart.o(.bss)
    rx_buffer0                               0x2000032e   Data          16  mm32_i2c.o(.bss)
    __initial_sp                             0x20000740   Data           0  startup_mm32f031x8.o(STACK)



==============================================================================

Memory Map of the image

  Image Entry point : 0x080018b5

  Load Region LR_IROM1 (Base: 0x08001800, Size: 0x00004cb8, Max: 0x00008000, ABSOLUTE)

    Execution Region ER_IROM1 (Base: 0x08001800, Size: 0x00004c3c, Max: 0x00008000, ABSOLUTE)

    Base Addr    Size         Type   Attr      Idx    E Section Name        Object

    0x08001800   0x000000b4   Data   RO          386    RESET               startup_mm32f031x8.o
    0x080018b4   0x00000000   Code   RO          742  * .ARM.Collect$$$$00000000  mc_p.l(entry.o)
    0x080018b4   0x00000004   Code   RO         1034    .ARM.Collect$$$$00000001  mc_p.l(entry2.o)
    0x080018b8   0x00000004   Code   RO         1037    .ARM.Collect$$$$00000004  mc_p.l(entry5.o)
    0x080018bc   0x00000000   Code   RO         1039    .ARM.Collect$$$$00000008  mc_p.l(entry7b.o)
    0x080018bc   0x00000000   Code   RO         1041    .ARM.Collect$$$$0000000A  mc_p.l(entry8b.o)
    0x080018bc   0x00000008   Code   RO         1042    .ARM.Collect$$$$0000000B  mc_p.l(entry9a.o)
    0x080018c4   0x00000000   Code   RO         1044    .ARM.Collect$$$$0000000D  mc_p.l(entry10a.o)
    0x080018c4   0x00000000   Code   RO         1046    .ARM.Collect$$$$0000000F  mc_p.l(entry11a.o)
    0x080018c4   0x00000004   Code   RO         1035    .ARM.Collect$$$$00002712  mc_p.l(entry2.o)
    0x080018c8   0x0000002c   Code   RO            3    .text               config.o
    0x080018f4   0x0000067c   Code   RO          136    .text               main.o
    0x08001f70   0x0000043c   Code   RO          167    .text               moto.o
    0x080023ac   0x00000548   Code   RO          192    .text               led.o
    0x080028f4   0x000004f4   Code   RO          216    .text               rtc.o
    0x08002de8   0x00000088   Code   RO          240    .text               user_it.o
    0x08002e70   0x00000084   Code   RO          267    .text               user_timer.o
    0x08002ef4   0x000001fc   Code   RO          291    .text               user_uart.o
    0x080030f0   0x000004c6   Code   RO          318    .text               mm32_config.o
    0x080035b6   0x00000002   PAD
    0x080035b8   0x00000260   Code   RO          338    .text               mm32_hard_interface.o
    0x08003818   0x00000358   Code   RO          359    .text               mm32_i2c.o
    0x08003b70   0x00000058   Code   RO          387    .text               startup_mm32f031x8.o
    0x08003bc8   0x000000d0   Code   RO          393    .text               system_mm32f031x8.o
    0x08003c98   0x0000025c   Code   RO          417    .text               hal_adc.o
    0x08003ef4   0x000000cc   Code   RO          477    .text               hal_exti.o
    0x08003fc0   0x000003cc   Code   RO          497    .text               hal_flash.o
    0x0800438c   0x00000162   Code   RO          517    .text               hal_gpio.o
    0x080044ee   0x00000002   PAD
    0x080044f0   0x000002c4   Code   RO          537    .text               hal_i2c.o
    0x080047b4   0x00000040   Code   RO          560    .text               hal_iwdg.o
    0x080047f4   0x00000080   Code   RO          580    .text               hal_misc.o
    0x08004874   0x000000c8   Code   RO          600    .text               hal_pwr.o
    0x0800493c   0x0000041c   Code   RO          620    .text               hal_rcc.o
    0x08004d58   0x0000005c   Code   RO          663    .text               hal_syscfg.o
    0x08004db4   0x000009a8   Code   RO          683    .text               hal_tim.o
    0x0800575c   0x0000010c   Code   RO          704    .text               hal_uart.o
    0x08005868   0x0000002c   Code   RO          745    .text               mc_p.l(uidiv.o)
    0x08005894   0x00000028   Code   RO          747    .text               mc_p.l(idiv.o)
    0x080058bc   0x00000024   Code   RO          749    .text               mc_p.l(memcpya.o)
    0x080058e0   0x00000024   Code   RO          751    .text               mc_p.l(memseta.o)
    0x08005904   0x00000164   Code   RO         1016    .text               mf_p.l(dadd.o)
    0x08005a68   0x000000d0   Code   RO         1018    .text               mf_p.l(dmul.o)
    0x08005b38   0x000000f0   Code   RO         1020    .text               mf_p.l(ddiv.o)
    0x08005c28   0x0000000e   Code   RO         1022    .text               mf_p.l(ffltui.o)
    0x08005c36   0x00000002   PAD
    0x08005c38   0x00000028   Code   RO         1024    .text               mf_p.l(dflti.o)
    0x08005c60   0x0000001c   Code   RO         1026    .text               mf_p.l(dfltui.o)
    0x08005c7c   0x0000003c   Code   RO         1028    .text               mf_p.l(dfixui.o)
    0x08005cb8   0x00000028   Code   RO         1030    .text               mf_p.l(cdrcmple.o)
    0x08005ce0   0x00000014   Code   RO         1032    .text               mf_p.l(cfrcmple.o)
    0x08005cf4   0x00000060   Code   RO         1049    .text               mc_p.l(uldiv.o)
    0x08005d54   0x00000020   Code   RO         1051    .text               mc_p.l(llshl.o)
    0x08005d74   0x00000022   Code   RO         1053    .text               mc_p.l(llushr.o)
    0x08005d96   0x00000026   Code   RO         1055    .text               mc_p.l(llsshr.o)
    0x08005dbc   0x00000000   Code   RO         1057    .text               mc_p.l(iusefp.o)
    0x08005dbc   0x00000082   Code   RO         1058    .text               mf_p.l(fepilogue.o)
    0x08005e3e   0x000000be   Code   RO         1060    .text               mf_p.l(depilogue.o)
    0x08005efc   0x00000024   Code   RO         1066    .text               mc_p.l(init.o)
    0x08005f20   0x00000020   Code   RO          962    i.__0printf$8       mc_p.l(printf8.o)
    0x08005f40   0x0000002e   Code   RO         1062    i.__ARM_clz         mf_p.l(depilogue.o)
    0x08005f6e   0x0000001a   Code   RO          156    i.__ARM_common_switch8  main.o
    0x08005f88   0x0000000e   Code   RO         1070    i.__scatterload_copy  mc_p.l(handlers.o)
    0x08005f96   0x00000002   Code   RO         1071    i.__scatterload_null  mc_p.l(handlers.o)
    0x08005f98   0x0000000e   Code   RO         1072    i.__scatterload_zeroinit  mc_p.l(handlers.o)
    0x08005fa6   0x00000002   PAD
    0x08005fa8   0x00000428   Code   RO          969    i._printf_core      mc_p.l(printf8.o)
    0x080063d0   0x00000020   Code   RO          970    i._printf_post_padding  mc_p.l(printf8.o)
    0x080063f0   0x0000002c   Code   RO          971    i._printf_pre_padding  mc_p.l(printf8.o)
    0x0800641c   0x00000020   Data   RO         1068    Region$$Table       anon$$obj.o


    Execution Region RW_IRAM1 (Base: 0x200000c0, Size: 0x00000680, Max: 0x00001000, ABSOLUTE)

    Base Addr    Size         Type   Attr      Idx    E Section Name        Object

    0x200000c0   0x00000028   Data   RW          138    .data               main.o
    0x200000e8   0x00000010   Data   RW          169    .data               moto.o
    0x200000f8   0x00000010   Data   RW          193    .data               led.o
    0x20000108   0x00000004   Data   RW          217    .data               rtc.o
    0x2000010c   0x00000002   Data   RW          241    .data               user_it.o
    0x2000010e   0x00000001   Data   RW          242    .data               user_it.o
    0x2000010f   0x00000010   Data   RW          363    .data               mm32_i2c.o
    0x2000011f   0x00000001   PAD
    0x20000120   0x00000004   Data   RW          394    .data               system_mm32f031x8.o
    0x20000124   0x00000004   Data   RW          538    .data               hal_i2c.o
    0x20000128   0x00000010   Data   RW          621    .data               hal_rcc.o
    0x20000138   0x00000004   Data   RW         1048    .data               mc_p.l(stdout.o)
    0x2000013c   0x00000040   Zero   RW          137    .bss                main.o
    0x2000017c   0x00000056   Zero   RW          168    .bss                moto.o
    0x200001d2   0x00000040   Zero   RW          268    .bss                user_timer.o
    0x20000212   0x0000011c   Zero   RW          292    .bss                user_uart.o
    0x2000032e   0x00000010   Zero   RW          360    .bss                mm32_i2c.o
    0x2000033e   0x00000002   PAD
    0x20000340   0x00000400   Zero   RW          384    STACK               startup_mm32f031x8.o


==============================================================================

Image component sizes


      Code (inc. data)   RO Data    RW Data    ZI Data      Debug   Object Name

        44          0          0          0          0     160695   config.o
       604         30          0          0          0       7458   hal_adc.o
       204          8          0          0          0       2379   hal_exti.o
       972         26          0          0          0       7910   hal_flash.o
       354          0          0          0          0       4529   hal_gpio.o
       708         32          0          4          0       7160   hal_i2c.o
        64         14          0          0          0       1305   hal_iwdg.o
       128         18          0          0          0       1676   hal_misc.o
       200         10          0          0          0       1979   hal_pwr.o
      1052         44          0         16          0       9215   hal_rcc.o
        92          4          0          0          0       1248   hal_syscfg.o
      2472        114          0          0          0      23451   hal_tim.o
       268         12          0          0          0       3700   hal_uart.o
      1352         56          0         16          0       4148   led.o
      1686         94          0         40         64      10375   main.o
      1222         40          0          0          0       3420   mm32_config.o
       608         50          0          0          0       3134   mm32_hard_interface.o
       856         26          0         16         16       5241   mm32_i2c.o
      1084         40          0         16         86       3570   moto.o
      1268         16          0          4          0       5416   rtc.o
        88         38        180          0       1024        684   startup_mm32f031x8.o
       208         24          0          4          0       1497   system_mm32f031x8.o
       136          4          0          3          0       1461   user_it.o
       132         10          0          0         64       1899   user_timer.o
       508         10          0          0        284       5036   user_uart.o

    ----------------------------------------------------------------------
     16314        720        212        120       1540     278586   Object Totals
         0          0         32          0          0          0   (incl. Generated)
         4          0          0          1          2          0   (incl. Padding)

    ----------------------------------------------------------------------

      Code (inc. data)   RO Data    RW Data    ZI Data      Debug   Library Member Name

         0          0          0          0          0          0   entry.o
         0          0          0          0          0          0   entry10a.o
         0          0          0          0          0          0   entry11a.o
         8          4          0          0          0          0   entry2.o
         4          0          0          0          0          0   entry5.o
         0          0          0          0          0          0   entry7b.o
         0          0          0          0          0          0   entry8b.o
         8          4          0          0          0          0   entry9a.o
        30          0          0          0          0          0   handlers.o
        40          0          0          0          0         72   idiv.o
        36          8          0          0          0         68   init.o
         0          0          0          0          0          0   iusefp.o
        32          0          0          0          0         68   llshl.o
        38          0          0          0          0         68   llsshr.o
        34          0          0          0          0         68   llushr.o
        36          0          0          0          0         60   memcpya.o
        36          0          0          0          0        100   memseta.o
      1172         52          0          0          0        324   printf8.o
         0          0          0          4          0          0   stdout.o
        44          0          0          0          0         72   uidiv.o
        96          0          0          0          0         84   uldiv.o
        40          2          0          0          0         68   cdrcmple.o
        20          0          0          0          0         68   cfrcmple.o
       356          4          0          0          0        140   dadd.o
       240          6          0          0          0         84   ddiv.o
       236          0          0          0          0        216   depilogue.o
        60         10          0          0          0         68   dfixui.o
        40          6          0          0          0         68   dflti.o
        28          4          0          0          0         68   dfltui.o
       208          6          0          0          0         88   dmul.o
       130          0          0          0          0        144   fepilogue.o
        14          0          0          0          0         68   ffltui.o

    ----------------------------------------------------------------------
      2990        106          0          4          0       2064   Library Totals
         4          0          0          0          0          0   (incl. Padding)

    ----------------------------------------------------------------------

      Code (inc. data)   RO Data    RW Data    ZI Data      Debug   Library Name

      1614         68          0          4          0        984   mc_p.l
      1372         38          0          0          0       1080   mf_p.l

    ----------------------------------------------------------------------
      2990        106          0          4          0       2064   Library Totals

    ----------------------------------------------------------------------

==============================================================================


      Code (inc. data)   RO Data    RW Data    ZI Data      Debug   

     19304        826        212        124       1540     277002   Grand Totals
     19304        826        212        124       1540     277002   ELF Image Totals
     19304        826        212        124          0          0   ROM Totals

==============================================================================

    Total RO  Size (Code + RO Data)                19516 (  19.06kB)
    Total RW  Size (RW Data + ZI Data)              1664 (   1.63kB)
    Total ROM Size (Code + RO Data + RW Data)      19640 (  19.18kB)

==============================================================================

