Component: ARM Compiler 5.06 update 1 (build 61) Tool: armlink [4d35a8]

==============================================================================

Section Cross References

    config.o(.text) refers to mm32_config.o(.text) for clock_init
    config.o(.text) refers to user_uart.o(.text) for uni_UART_Init
    config.o(.text) refers to mm32_i2c.o(.text) for uni_i2c_init
    config.o(.text) refers to rtc.o(.text) for RTC_Start
    config.o(.text) refers to moto.o(.text) for moto_P
    main.o(.text) refers to mm32_hard_interface.o(.text) for adc_value_get
    main.o(.text) refers to user_timer.o(.text) for check_soft_timeout
    main.o(.text) refers to dflti.o(.text) for __aeabi_i2d
    main.o(.text) refers to dmul.o(.text) for __aeabi_dmul
    main.o(.text) refers to ddiv.o(.text) for __aeabi_ddiv
    main.o(.text) refers to cdrcmple.o(.text) for __aeabi_cdrcmple
    main.o(.text) refers to dadd.o(.text) for __aeabi_dsub
    main.o(.text) refers to dfixui.o(.text) for __aeabi_d2uiz
    main.o(.text) refers to idiv.o(.text) for __aeabi_idivmod
    main.o(.text) refers to moto.o(.text) for get_moto_current_state
    main.o(.text) refers to hal_gpio.o(.text) for GPIO_ResetBits
    main.o(.text) refers to led.o(.text) for aperture_all_off
    main.o(.text) refers to main.o(i.__ARM_common_switch8) for __ARM_common_switch8
    main.o(.text) refers to user_uart.o(.text) for WriteUartBuf
    main.o(.text) refers to main.o(.bss) for adc_typedef
    main.o(.text) refers to main.o(.data) for bat_flag
    main.o(.text) refers to user_it.o(.data) for Information_events
    main.o(.text) refers to rtc.o(.text) for Set_Alarm_Clock
    main.o(.text) refers to memseta.o(.text) for __aeabi_memclr
    main.o(.text) refers to config.o(.text) for uni_sys_init
    moto.o(.text) refers to hal_tim.o(.text) for TIM_Cmd
    moto.o(.text) refers to hal_gpio.o(.text) for GPIO_ResetBits
    moto.o(.text) refers to user_timer.o(.text) for set_soft_timer
    moto.o(.text) refers to memseta.o(.text) for __aeabi_memclr
    moto.o(.text) refers to main.o(i.__ARM_common_switch8) for __ARM_common_switch8
    moto.o(.text) refers to dfltui.o(.text) for __aeabi_ui2d
    moto.o(.text) refers to dflti.o(.text) for __aeabi_i2d
    moto.o(.text) refers to dmul.o(.text) for __aeabi_dmul
    moto.o(.text) refers to dadd.o(.text) for __aeabi_dadd
    moto.o(.text) refers to cdrcmple.o(.text) for __aeabi_cdrcmple
    moto.o(.text) refers to moto.o(.data) for moto_flag
    moto.o(.text) refers to moto.o(.bss) for MOTO_t
    moto.o(.text) refers to ffltui.o(.text) for __aeabi_ui2f
    moto.o(.text) refers to fdiv.o(.text) for __aeabi_fdiv
    moto.o(.text) refers to fmul.o(.text) for __aeabi_fmul
    moto.o(.text) refers to cfrcmple.o(.text) for __aeabi_cfrcmple
    led.o(.text) refers to hal_gpio.o(.text) for GPIO_Init
    led.o(.text) refers to hal_tim.o(.text) for TIM_SetCompare2
    led.o(.text) refers to main.o(i.__ARM_common_switch8) for __ARM_common_switch8
    led.o(.text) refers to user_timer.o(.text) for check_soft_timeout
    led.o(.text) refers to uidiv.o(.text) for __aeabi_uidivmod
    led.o(.text) refers to led.o(.data) for PWM_flag
    rtc.o(.text) refers to mm32_i2c.o(.text) for IIC_WriteByte
    rtc.o(.text) refers to user_uart.o(.text) for WriteUartBuf
    rtc.o(.text) refers to rtc.o(.data) for rtc_buf
    rtc.o(.text) refers to printf8.o(i.__0printf$8) for __2printf
    user_it.o(.text) refers to hal_exti.o(.text) for EXTI_GetITStatus
    user_it.o(.text) refers to user_it.o(.data) for Information_events
    user_timer.o(.text) refers to hal_tim.o(.text) for TIM_ClearITPendingBit
    user_timer.o(.text) refers to user_timer.o(.bss) for soft_timer
    user_uart.o(.text) refers to mm32_config.o(.text) for _uart_init
    user_uart.o(.text) refers to memseta.o(.text) for __aeabi_memclr
    user_uart.o(.text) refers to hal_uart.o(.text) for UART_SendData
    user_uart.o(.text) refers to idiv.o(.text) for __aeabi_idivmod
    user_uart.o(.text) refers to user_uart.o(.bss) for Buffer_t
    mm32_config.o(.text) refers to hal_rcc.o(.text) for RCC_AHBPeriphClockCmd
    mm32_config.o(.text) refers to hal_gpio.o(.text) for GPIO_Init
    mm32_config.o(.text) refers to hal_syscfg.o(.text) for SYSCFG_EXTILineConfig
    mm32_config.o(.text) refers to hal_exti.o(.text) for EXTI_Init
    mm32_config.o(.text) refers to hal_misc.o(.text) for NVIC_Init
    mm32_config.o(.text) refers to hal_tim.o(.text) for TIM_TimeBaseInit
    mm32_config.o(.text) refers to hal_adc.o(.text) for ADC_Init
    mm32_config.o(.text) refers to hal_uart.o(.text) for UART_Init
    mm32_config.o(.text) refers to mm32_hard_interface.o(.text) for Write_Iwdg_ON
    mm32_config.o(.text) refers to uidiv.o(.text) for __aeabi_uidivmod
    mm32_config.o(.text) refers to system_mm32f031x8.o(.data) for SystemCoreClock
    mm32_hard_interface.o(.text) refers to hal_adc.o(.text) for ADC_SoftwareStartConvCmd
[...]
    printfa.o(i._fp_digits) refers to dfixul.o(.text) for __aeabi_d2ulz
    printfa.o(i._fp_digits) refers to uldiv.o(.text) for __aeabi_uldivmod
    printfa.o(i._printf_core) refers (Special) to iusefp.o(.text) for __I$use$fp
    printfa.o(i._printf_core) refers to printfa.o(i._printf_pre_padding) for _printf_pre_padding
    printfa.o(i._printf_core) refers to uldiv.o(.text) for __aeabi_uldivmod
    printfa.o(i._printf_core) refers to printfa.o(i._printf_post_padding) for _printf_post_padding
    printfa.o(i._printf_core) refers to printfa.o(i._fp_digits) for _fp_digits
    printfa.o(i._printf_core) refers to uidiv.o(.text) for __aeabi_uidivmod
    printfa.o(i._printf_post_padding) refers (Special) to iusefp.o(.text) for __I$use$fp
    printfa.o(i._printf_pre_padding) refers (Special) to iusefp.o(.text) for __I$use$fp
    printfa.o(i._snputc) refers (Special) to iusefp.o(.text) for __I$use$fp
    printfa.o(i._sputc) refers (Special) to iusefp.o(.text) for __I$use$fp
    fmul.o(.text) refers (Special) to iusefp.o(.text) for __I$use$fp
    fdiv.o(.text) refers (Special) to iusefp.o(.text) for __I$use$fp
    fdiv.o(.text) refers to fepilogue.o(.text) for _float_round
    dadd.o(.text) refers (Special) to iusefp.o(.text) for __I$use$fp
    dadd.o(.text) refers to llshl.o(.text) for __aeabi_llsl
    dadd.o(.text) refers to llsshr.o(.text) for __aeabi_lasr
    dadd.o(.text) refers to depilogue.o(.text) for _double_epilogue
    dmul.o(.text) refers (Special) to iusefp.o(.text) for __I$use$fp
    dmul.o(.text) refers to depilogue.o(.text) for _double_epilogue
    ddiv.o(.text) refers (Special) to iusefp.o(.text) for __I$use$fp
    ddiv.o(.text) refers to depilogue.o(.text) for _double_round
    ffltui.o(.text) refers (Special) to iusefp.o(.text) for __I$use$fp
    ffltui.o(.text) refers to fepilogue.o(.text) for _float_epilogue
    dflti.o(.text) refers (Special) to iusefp.o(.text) for __I$use$fp
    dflti.o(.text) refers to depilogue.o(.text) for _double_epilogue
    dfltui.o(.text) refers (Special) to iusefp.o(.text) for __I$use$fp
    dfltui.o(.text) refers to depilogue.o(.text) for _double_epilogue
    dfixui.o(.text) refers (Special) to iusefp.o(.text) for __I$use$fp
    dfixui.o(.text) refers to llushr.o(.text) for __aeabi_llsr
    cdrcmple.o(.text) refers (Special) to iusefp.o(.text) for __I$use$fp
    cfrcmple.o(.text) refers (Special) to iusefp.o(.text) for __I$use$fp
    entry2.o(.ARM.Collect$$$$00000001) refers to entry2.o(.ARM.Collect$$$$00002712) for __lit__00000000
    entry2.o(.ARM.Collect$$$$00002712) refers to startup_mm32f031x8.o(STACK) for __initial_sp
    entry2.o(__vectab_stack_and_reset_area) refers to startup_mm32f031x8.o(STACK) for __initial_sp
    entry2.o(__vectab_stack_and_reset_area) refers to entry.o(.ARM.Collect$$$$00000000) for __main
    entry5.o(.ARM.Collect$$$$00000004) refers to init.o(.text) for __scatterload
    entry9a.o(.ARM.Collect$$$$0000000B) refers to main.o(.text) for main
    entry9b.o(.ARM.Collect$$$$0000000C) refers to main.o(.text) for main
    uldiv.o(.text) refers to llushr.o(.text) for __aeabi_llsr
    uldiv.o(.text) refers to llshl.o(.text) for __aeabi_llsl
    depilogue.o(.text) refers to depilogue.o(i.__ARM_clz) for __ARM_clz
    depilogue.o(.text) refers to llshl.o(.text) for __aeabi_llsl
    depilogue.o(.text) refers to llushr.o(.text) for __aeabi_llsr
    dfixul.o(.text) refers to llushr.o(.text) for __aeabi_llsr
    dfixul.o(.text) refers to llshl.o(.text) for __aeabi_llsl
    init.o(.text) refers to entry5.o(.ARM.Collect$$$$00000004) for __main_after_scatterload


==============================================================================

Removing Unused input sections from the image.

    Removing config.o(.rev16_text), (4 bytes).
    Removing config.o(.revsh_text), (4 bytes).
    Removing main.o(.rev16_text), (4 bytes).
    Removing main.o(.revsh_text), (4 bytes).
    Removing moto.o(.rev16_text), (4 bytes).
    Removing moto.o(.revsh_text), (4 bytes).
    Removing led.o(.rev16_text), (4 bytes).
    Removing led.o(.revsh_text), (4 bytes).
    Removing rtc.o(.rev16_text), (4 bytes).
    Removing rtc.o(.revsh_text), (4 bytes).
    Removing user_it.o(.rev16_text), (4 bytes).
    Removing user_it.o(.revsh_text), (4 bytes).
    Removing user_timer.o(.rev16_text), (4 bytes).
    Removing user_timer.o(.revsh_text), (4 bytes).
    Removing user_uart.o(.rev16_text), (4 bytes).
    Removing user_uart.o(.revsh_text), (4 bytes).
    Removing mm32_config.o(.rev16_text), (4 bytes).
    Removing mm32_config.o(.revsh_text), (4 bytes).
    Removing mm32_hard_interface.o(.rev16_text), (4 bytes).
    Removing mm32_hard_interface.o(.revsh_text), (4 bytes).
    Removing mm32_i2c.o(.rev16_text), (4 bytes).
    Removing mm32_i2c.o(.revsh_text), (4 bytes).
    Removing startup_mm32f031x8.o(HEAP), (512 bytes).
    Removing system_mm32f031x8.o(.rev16_text), (4 bytes).
    Removing system_mm32f031x8.o(.revsh_text), (4 bytes).
    Removing hal_adc.o(.rev16_text), (4 bytes).
    Removing hal_adc.o(.revsh_text), (4 bytes).
    Removing hal_bkp.o(.rev16_text), (4 bytes).
    Removing hal_bkp.o(.revsh_text), (4 bytes).
    Removing hal_bkp.o(.text), (24 bytes).
    Removing hal_dma.o(.rev16_text), (4 bytes).
    Removing hal_dma.o(.revsh_text), (4 bytes).
    Removing hal_dma.o(.text), (376 bytes).
    Removing hal_exti.o(.rev16_text), (4 bytes).
    Removing hal_exti.o(.revsh_text), (4 bytes).
    Removing hal_flash.o(.rev16_text), (4 bytes).
    Removing hal_flash.o(.revsh_text), (4 bytes).
    Removing hal_gpio.o(.rev16_text), (4 bytes).
    Removing hal_gpio.o(.revsh_text), (4 bytes).
    Removing hal_i2c.o(.rev16_text), (4 bytes).
    Removing hal_i2c.o(.revsh_text), (4 bytes).
    Removing hal_iwdg.o(.rev16_text), (4 bytes).
    Removing hal_iwdg.o(.revsh_text), (4 bytes).
    Removing hal_misc.o(.rev16_text), (4 bytes).
    Removing hal_misc.o(.revsh_text), (4 bytes).
    Removing hal_pwr.o(.rev16_text), (4 bytes).
    Removing hal_pwr.o(.revsh_text), (4 bytes).
    Removing hal_rcc.o(.rev16_text), (4 bytes).
    Removing hal_rcc.o(.revsh_text), (4 bytes).
    Removing hal_spi.o(.rev16_text), (4 bytes).
    Removing hal_spi.o(.revsh_text), (4 bytes).
    Removing hal_spi.o(.text), (688 bytes).
    Removing hal_syscfg.o(.rev16_text), (4 bytes).
    Removing hal_syscfg.o(.revsh_text), (4 bytes).
    Removing hal_tim.o(.rev16_text), (4 bytes).
    Removing hal_tim.o(.revsh_text), (4 bytes).
    Removing hal_uart.o(.rev16_text), (4 bytes).
    Removing hal_uart.o(.revsh_text), (4 bytes).
    Removing hal_wwdg.o(.rev16_text), (4 bytes).
    Removing hal_wwdg.o(.revsh_text), (4 bytes).
    Removing hal_wwdg.o(.text), (128 bytes).
    Removing dfixul.o(.text), (64 bytes).

62 unused section(s) (total 2016 bytes) removed from the image.

==============================================================================

Image Symbol Table

    Local Symbols

    Symbol Name                              Value     Ov Type        Size  Object(Section)

    ../clib/microlib/division.c              0x00000000   Number         0  idiv.o ABSOLUTE
    ../clib/microlib/division.c              0x00000000   Number         0  uidiv.o ABSOLUTE
    ../clib/microlib/division.c              0x00000000   Number         0  uldiv.o ABSOLUTE
    ../clib/microlib/init/entry.s            0x00000000   Number         0  entry7a.o ABSOLUTE
    ../clib/microlib/init/entry.s            0x00000000   Number         0  entry10a.o ABSOLUTE
    ../clib/microlib/init/entry.s            0x00000000   Number         0  entry5.o ABSOLUTE
    ../clib/microlib/init/entry.s            0x00000000   Number         0  entry2.o ABSOLUTE
    ../clib/microlib/init/entry.s            0x00000000   Number         0  entry.o ABSOLUTE
    ../clib/microlib/init/entry.s            0x00000000   Number         0  entry8b.o ABSOLUTE
    ../clib/microlib/init/entry.s            0x00000000   Number         0  entry7b.o ABSOLUTE
    ../clib/microlib/init/entry.s            0x00000000   Number         0  entry8a.o ABSOLUTE
    ../clib/microlib/init/entry.s            0x00000000   Number         0  entry9a.o ABSOLUTE
    ../clib/microlib/init/entry.s            0x00000000   Number         0  entry9b.o ABSOLUTE
    ../clib/microlib/init/entry.s            0x00000000   Number         0  entry10b.o ABSOLUTE
    ../clib/microlib/init/entry.s            0x00000000   Number         0  entry11a.o ABSOLUTE
    ../clib/microlib/init/entry.s            0x00000000   Number         0  entry11b.o ABSOLUTE
    ../clib/microlib/longlong.c              0x00000000   Number         0  llsshr.o ABSOLUTE
    ../clib/microlib/longlong.c              0x00000000   Number         0  llshl.o ABSOLUTE
    ../clib/microlib/longlong.c              0x00000000   Number         0  llushr.o ABSOLUTE
    ../clib/microlib/printf/printf.c         0x00000000   Number         0  printf7.o ABSOLUTE
    ../clib/microlib/printf/printf.c         0x00000000   Number         0  printf5.o ABSOLUTE
    ../clib/microlib/printf/printf.c         0x00000000   Number         0  printf4.o ABSOLUTE
    ../clib/microlib/printf/printf.c         0x00000000   Number         0  printf3.o ABSOLUTE
    ../clib/microlib/printf/printf.c         0x00000000   Number         0  printf2.o ABSOLUTE
    ../clib/microlib/printf/printf.c         0x00000000   Number         0  printf1.o ABSOLUTE
    ../clib/microlib/printf/printf.c         0x00000000   Number         0  printf0.o ABSOLUTE
    ../clib/microlib/printf/printf.c         0x00000000   Number         0  printfa.o ABSOLUTE
    ../clib/microlib/printf/printf.c         0x00000000   Number         0  printf6.o ABSOLUTE
    ../clib/microlib/printf/printf.c         0x00000000   Number         0  printf8.o ABSOLUTE
    ../clib/microlib/printf/printf.c         0x00000000   Number         0  printfb.o ABSOLUTE
    ../clib/microlib/printf/stubs.s          0x00000000   Number         0  stubs.o ABSOLUTE
    ../clib/microlib/stdio/streams.c         0x00000000   Number         0  stdout.o ABSOLUTE
    ../clib/microlib/string/memcpy.c         0x00000000   Number         0  memcpyb.o ABSOLUTE
    ../clib/microlib/string/memcpy.c         0x00000000   Number         0  memcpya.o ABSOLUTE
    ../clib/microlib/string/memset.c         0x00000000   Number         0  memseta.o ABSOLUTE
    ../clib/microlib/stubs.s                 0x00000000   Number         0  iusefp.o ABSOLUTE
    ../fplib/microlib/fpadd.c                0x00000000   Number         0  dadd.o ABSOLUTE
    ../fplib/microlib/fpdiv.c                0x00000000   Number         0  fdiv.o ABSOLUTE
    ../fplib/microlib/fpdiv.c                0x00000000   Number         0  ddiv.o ABSOLUTE
    ../fplib/microlib/fpepilogue.c           0x00000000   Number         0  depilogue.o ABSOLUTE
    ../fplib/microlib/fpepilogue.c           0x00000000   Number         0  fepilogue.o ABSOLUTE
    ../fplib/microlib/fpfix.c                0x00000000   Number         0  dfixui.o ABSOLUTE
    ../fplib/microlib/fpfix.c                0x00000000   Number         0  dfixul.o ABSOLUTE
    ../fplib/microlib/fpflt.c                0x00000000   Number         0  dflti.o ABSOLUTE
    ../fplib/microlib/fpflt.c                0x00000000   Number         0  ffltui.o ABSOLUTE
    ../fplib/microlib/fpflt.c                0x00000000   Number         0  dfltui.o ABSOLUTE
    ../fplib/microlib/fpmul.c                0x00000000   Number         0  dmul.o ABSOLUTE
    ../fplib/microlib/fpmul.c                0x00000000   Number         0  fmul.o ABSOLUTE
    ..\MM32F0xx_library\MM32F031x8\HAL_lib\src\HAL_adc.c 0x00000000   Number         0  hal_adc.o ABSOLUTE
    ..\MM32F0xx_library\MM32F031x8\HAL_lib\src\HAL_bkp.c 0x00000000   Number         0  hal_bkp.o ABSOLUTE
    ..\MM32F0xx_library\MM32F031x8\HAL_lib\src\HAL_dma.c 0x00000000   Number         0  hal_dma.o ABSOLUTE
    ..\MM32F0xx_library\MM32F031x8\HAL_lib\src\HAL_exti.c 0x00000000   Number         0  hal_exti.o ABSOLUTE
    ..\MM32F0xx_library\MM32F031x8\HAL_lib\src\HAL_flash.c 0x00000000   Number         0  hal_flash.o ABSOLUTE
    ..\MM32F0xx_library\MM32F031x8\HAL_lib\src\HAL_gpio.c 0x00000000   Number         0  hal_gpio.o ABSOLUTE
    ..\MM32F0xx_library\MM32F031x8\HAL_lib\src\HAL_i2c.c 0x00000000   Number         0  hal_i2c.o ABSOLUTE
    ..\MM32F0xx_library\MM32F031x8\HAL_lib\src\HAL_iwdg.c 0x00000000   Number         0  hal_iwdg.o ABSOLUTE
    ..\MM32F0xx_library\MM32F031x8\HAL_lib\src\HAL_misc.c 0x00000000   Number         0  hal_misc.o ABSOLUTE
    ..\MM32F0xx_library\MM32F031x8\HAL_lib\src\HAL_pwr.c 0x00000000   Number         0  hal_pwr.o ABSOLUTE
    ..\MM32F0xx_library\MM32F031x8\HAL_lib\src\HAL_rcc.c 0x00000000   Number         0  hal_rcc.o ABSOLUTE
    ..\MM32F0xx_library\MM32F031x8\HAL_lib\src\HAL_spi.c 0x00000000   Number         0  hal_spi.o ABSOLUTE
    ..\MM32F0xx_library\MM32F031x8\HAL_lib\src\HAL_syscfg.c 0x00000000   Number         0  hal_syscfg.o ABSOLUTE
    ..\MM32F0xx_library\MM32F031x8\HAL_lib\src\HAL_tim.c 0x00000000   Number         0  hal_tim.o ABSOLUTE
    ..\MM32F0xx_library\MM32F031x8\HAL_lib\src\HAL_uart.c 0x00000000   Number         0  hal_uart.o ABSOLUTE
    ..\MM32F0xx_library\MM32F031x8\HAL_lib\src\HAL_wwdg.c 0x00000000   Number         0  hal_wwdg.o ABSOLUTE
    ..\MM32F0xx_library\MM32F031x8\Source\KEIL_StartAsm\startup_MM32F031x8.s 0x00000000   Number         0  startup_mm32f031x8.o ABSOLUTE
    ..\MM32F0xx_library\MM32F031x8\Source\system_MM32F031x8.c 0x00000000   Number         0  system_mm32f031x8.o ABSOLUTE
    ..\\MM32F0xx_library\\MM32F031x8\\HAL_lib\\src\\HAL_adc.c 0x00000000   Number         0  hal_adc.o ABSOLUTE
    ..\\MM32F0xx_library\\MM32F031x8\\HAL_lib\\src\\HAL_bkp.c 0x00000000   Number         0  hal_bkp.o ABSOLUTE
    ..\\MM32F0xx_library\\MM32F031x8\\HAL_lib\\src\\HAL_dma.c 0x00000000   Number         0  hal_dma.o ABSOLUTE
    ..\\MM32F0xx_library\\MM32F031x8\\HAL_lib\\src\\HAL_exti.c 0x00000000   Number         0  hal_exti.o ABSOLUTE
    ..\\MM32F0xx_library\\MM32F031x8\\HAL_lib\\src\\HAL_flash.c 0x00000000   Number         0  hal_flash.o ABSOLUTE
    ..\\MM32F0xx_library\\MM32F031x8\\HAL_lib\\src\\HAL_gpio.c 0x00000000   Number         0  hal_gpio.o ABSOLUTE
    ..\\MM32F0xx_library\\MM32F031x8\\HAL_lib\\src\\HAL_i2c.c 0x00000000   Number         0  hal_i2c.o ABSOLUTE
    ..\\MM32F0xx_library\\MM32F031x8\\HAL_lib\\src\\HAL_iwdg.c 0x00000000   Number         0  hal_iwdg.o ABSOLUTE
    ..\\MM32F0xx_library\\MM32F031x8\\HAL_lib\\src\\HAL_misc.c 0x00000000   Number         0  hal_misc.o ABSOLUTE
    ..\\MM32F0xx_library\\MM32F031x8\\HAL_lib\\src\\HAL_pwr.c 0x00000000   Number         0  hal_pwr.o ABSOLUTE
    ..\\MM32F0xx_library\\MM32F031x8\\HAL_lib\\src\\HAL_rcc.c 0x00000000   Number         0  hal_rcc.o ABSOLUTE
    ..\\MM32F0xx_library\\MM32F031x8\\HAL_lib\\src\\HAL_spi.c 0x00000000   Number         0  hal_spi.o ABSOLUTE
    ..\\MM32F0xx_library\\MM32F031x8\\HAL_lib\\src\\HAL_syscfg.c 0x00000000   Number         0  hal_syscfg.o ABSOLUTE
    ..\\MM32F0xx_library\\MM32F031x8\\HAL_lib\\src\\HAL_tim.c 0x00000000   Number         0  hal_tim.o ABSOLUTE
    ..\\MM32F0xx_library\\MM32F031x8\\HAL_lib\\src\\HAL_uart.c 0x00000000   Number         0  hal_uart.o ABSOLUTE
    ..\\MM32F0xx_library\\MM32F031x8\\HAL_lib\\src\\HAL_wwdg.c 0x00000000   Number         0  hal_wwdg.o ABSOLUTE
    ..\\MM32F0xx_library\\MM32F031x8\\Source\\system_MM32F031x8.c 0x00000000   Number         0  system_mm32f031x8.o ABSOLUTE
    ..\\app\\config.c                        0x00000000   Number         0  config.o ABSOLUTE
    ..\\app\\led.c                           0x00000000   Number         0  led.o ABSOLUTE
    ..\\app\\main.c                          0x00000000   Number         0  main.o ABSOLUTE
    ..\\app\\mm32\\mm32_config.c             0x00000000   Number         0  mm32_config.o ABSOLUTE
    ..\\app\\mm32\\mm32_hard_interface.c     0x00000000   Number         0  mm32_hard_interface.o ABSOLUTE
    ..\\app\\mm32\\mm32_i2c.c                0x00000000   Number         0  mm32_i2c.o ABSOLUTE
    ..\\app\\moto.c                          0x00000000   Number         0  moto.o ABSOLUTE
    ..\\app\\rtc.c                           0x00000000   Number         0  rtc.o ABSOLUTE
    ..\\app\\user_it.c                       0x00000000   Number         0  user_it.o ABSOLUTE
    ..\\app\\user_timer.c                    0x00000000   Number         0  user_timer.o ABSOLUTE
    ..\\app\\user_uart.c                     0x00000000   Number         0  user_uart.o ABSOLUTE
    ..\app\config.c                          0x00000000   Number         0  config.o ABSOLUTE
    ..\app\led.c                             0x00000000   Number         0  led.o ABSOLUTE
    ..\app\main.c                            0x00000000   Number         0  main.o ABSOLUTE
    ..\app\mm32\mm32_config.c                0x00000000   Number         0  mm32_config.o ABSOLUTE
    ..\app\mm32\mm32_hard_interface.c        0x00000000   Number         0  mm32_hard_interface.o ABSOLUTE
    ..\app\mm32\mm32_i2c.c                   0x00000000   Number         0  mm32_i2c.o ABSOLUTE
    ..\app\moto.c                            0x00000000   Number         0  moto.o ABSOLUTE
    ..\app\rtc.c                             0x00000000   Number         0  rtc.o ABSOLUTE
    ..\app\user_it.c                         0x00000000   Number         0  user_it.o ABSOLUTE
    ..\app\user_timer.c                      0x00000000   Number         0  user_timer.o ABSOLUTE
    ..\app\user_uart.c                       0x00000000   Number         0  user_uart.o ABSOLUTE
    cdrcmple.s                               0x00000000   Number         0  cdrcmple.o ABSOLUTE
    cfrcmple.s                               0x00000000   Number         0  cfrcmple.o ABSOLUTE
    dc.s                                     0x00000000   Number         0  dc.o ABSOLUTE
    handlers.s                               0x00000000   Number         0  handlers.o ABSOLUTE
    init.s                                   0x00000000   Number         0  init.o ABSOLUTE
    RESET                                    0x08001800   Section      180  startup_mm32f031x8.o(RESET)
    .ARM.Collect$$$$00000000                 0x080018b4   Section        0  entry.o(.ARM.Collect$$$$00000000)
    .ARM.Collect$$$$00000001                 0x080018b4   Section        4  entry2.o(.ARM.Collect$$$$00000001)
    .ARM.Collect$$$$00000004                 0x080018b8   Section        4  entry5.o(.ARM.Collect$$$$00000004)
    .ARM.Collect$$$$00000008                 0x080018bc   Section        0  entry7b.o(.ARM.Collect$$$$00000008)
    .ARM.Collect$$$$0000000A                 0x080018bc   Section        0  entry8b.o(.ARM.Collect$$$$0000000A)
    .ARM.Collect$$$$0000000B                 0x080018bc   Section        8  entry9a.o(.ARM.Collect$$$$0000000B)
    .ARM.Collect$$$$0000000D                 0x080018c4   Section        0  entry10a.o(.ARM.Collect$$$$0000000D)
    .ARM.Collect$$$$0000000F                 0x080018c4   Section        0  entry11a.o(.ARM.Collect$$$$0000000F)
    .ARM.Collect$$$$00002712                 0x080018c4   Section        4  entry2.o(.ARM.Collect$$$$00002712)
    __lit__00000000                          0x080018c4   Data           4  entry2.o(.ARM.Collect$$$$00002712)
    .text                                    0x080018c8   Section        0  config.o(.text)
    .text                                    0x080018f4   Section        0  main.o(.text)
    dly1us                                   0x080018f5   Thumb Code    12  main.o(.text)
    get_adc_value                            0x08001901   Thumb Code   472  main.o(.text)
    kar_on                                   0x08001b1b   Thumb Code   102  main.o(.text)
    power_key_event                          0x08001b81   Thumb Code   180  main.o(.text)
    power_OFF_ON                             0x08001c35   Thumb Code   210  main.o(.text)
    Handler_event                            0x08001d07   Thumb Code   318  main.o(.text)
    get_kar_run_state                        0x08001e45   Thumb Code    64  main.o(.text)
    state_run_monitoring                     0x08001e85   Thumb Code   306  main.o(.text)
    kar_connect                              0x08001fb7   Thumb Code   248  main.o(.text)
    .text                                    0x0800212c   Section        0  moto.o(.text)
    moto_R_D                                 0x080021f7   Thumb Code    38  moto.o(.text)
    moto_L_D                                 0x0800221d   Thumb Code    38  moto.o(.text)
    moto_R_H                                 0x08002243   Thumb Code    38  moto.o(.text)
    moto_L_H                                 0x08002269   Thumb Code    38  moto.o(.text)
    moto_H                                   0x0800228f   Thumb Code    32  moto.o(.text)
    moto_L_T                                 0x080022af   Thumb Code    32  moto.o(.text)
    moto_R_T                                 0x080022cf   Thumb Code    32  moto.o(.text)
    moto_set_model                           0x080022ef   Thumb Code    84  moto.o(.text)
    .text                                    0x080026f0   Section        0  led.o(.text)
    led_set_x                                0x080026f1   Thumb Code   258  led.o(.text)
    led_set_x_pwm                            0x080027f3   Thumb Code   130  led.o(.text)
    led_set_y                                0x08002875   Thumb Code   386  led.o(.text)
    aperture_all_breathe                     0x080029f7   Thumb Code   158  led.o(.text)
    aperture_clockwise_run                   0x08002aeb   Thumb Code   174  led.o(.text)
    aperture_anticlockwise_run               0x08002b99   Thumb Code   132  led.o(.text)
    aperture_double_run                      0x08002c1d   Thumb Code   170  led.o(.text)
    aperture_all_blink                       0x08002cc7   Thumb Code   114  led.o(.text)
    .text                                    0x08002e10   Section        0  rtc.o(.text)
    RTC_BinToBcd2                            0x08002e11   Thumb Code    28  rtc.o(.text)
    RTC_Bcd2ToBin                            0x08002e2d   Thumb Code    26  rtc.o(.text)
    RTC_Write_nByte                          0x08002e6f   Thumb Code    30  rtc.o(.text)
    .text                                    0x080033c0   Section        0  user_it.o(.text)
    .text                                    0x08003478   Section        0  user_timer.o(.text)
    .text                                    0x0800353c   Section        0  user_uart.o(.text)
    get_len                                  0x08003641   Thumb Code    18  user_uart.o(.text)
    get_head                                 0x08003653   Thumb Code   128  user_uart.o(.text)
    get_buffer_data                          0x080036d3   Thumb Code    36  user_uart.o(.text)
    .text                                    0x080037d4   Section        0  mm32_config.o(.text)
    mm32_led_gpio_init                       0x080037d5   Thumb Code   104  mm32_config.o(.text)
    exit_irq_init                            0x0800383d   Thumb Code   164  mm32_config.o(.text)
    mm32_gpio_init_t                         0x080038e1   Thumb Code   154  mm32_config.o(.text)
    UART2_Init                               0x08003b47   Thumb Code   186  mm32_config.o(.text)
    Tim2_Init                                0x08003c17   Thumb Code    84  mm32_config.o(.text)
    Tim16_Init                               0x08003c6b   Thumb Code    98  mm32_config.o(.text)
    .text                                    0x08003cec   Section        0  mm32_hard_interface.o(.text)
    ADC1_SoftStart                           0x08003ced   Thumb Code    34  mm32_hard_interface.o(.text)
    app_MAL_Erase                            0x08003d63   Thumb Code    46  mm32_hard_interface.o(.text)
    Sys_Stop                                 0x08003e8d   Thumb Code    50  mm32_hard_interface.o(.text)
    .text                                    0x08003f38   Section        0  mm32_i2c.o(.text)
    .text                                    0x08004300   Section       88  startup_mm32f031x8.o(.text)
    .text                                    0x08004358   Section        0  system_mm32f031x8.o(.text)
    SetSysClockTo48_HSI                      0x08004359   Thumb Code   170  system_mm32f031x8.o(.text)
    SetSysClock                              0x08004403   Thumb Code     8  system_mm32f031x8.o(.text)
    .text                                    0x08004484   Section        0  hal_adc.o(.text)
    .text                                    0x080047f4   Section        0  hal_exti.o(.text)
    .text                                    0x080048f8   Section        0  hal_flash.o(.text)
    delay                                    0x0800498d   Thumb Code    26  hal_flash.o(.text)
    .text                                    0x08004e4c   Section        0  hal_gpio.o(.text)
    .text                                    0x0800505c   Section        0  hal_i2c.o(.text)
    .text                                    0x08005484   Section        0  hal_iwdg.o(.text)
    .text                                    0x080054c8   Section        0  hal_misc.o(.text)
    .text                                    0x0800557c   Section        0  hal_pwr.o(.text)
    .text                                    0x080056a0   Section        0  hal_rcc.o(.text)
    .text                                    0x08005c64   Section        0  hal_syscfg.o(.text)
    .text                                    0x08005cfc   Section        0  hal_tim.o(.text)
    TI4_Config                               0x08006439   Thumb Code    70  hal_tim.o(.text)
    TI3_Config                               0x08006491   Thumb Code    70  hal_tim.o(.text)
    TI2_Config                               0x080064eb   Thumb Code    72  hal_tim.o(.text)
    TI1_Config                               0x08006545   Thumb Code   100  hal_tim.o(.text)
    .text                                    0x080068e0   Section        0  hal_uart.o(.text)
    .text                                    0x08006a38   Section        0  uidiv.o(.text)
    .text                                    0x08006a64   Section        0  idiv.o(.text)
    .text                                    0x08006a8c   Section        0  memcpya.o(.text)
    .text                                    0x08006ab0   Section        0  memseta.o(.text)
    .text                                    0x08006ad4   Section        0  fmul.o(.text)
    .text                                    0x08006b4e   Section        0  fdiv.o(.text)
    .text                                    0x08006bcc   Section        0  dadd.o(.text)
    .text                                    0x08006d30   Section        0  dmul.o(.text)
    .text                                    0x08006e00   Section        0  ddiv.o(.text)
    .text                                    0x08006ef0   Section        0  ffltui.o(.text)
    .text                                    0x08006f00   Section        0  dflti.o(.text)
    .text                                    0x08006f28   Section        0  dfltui.o(.text)
    .text                                    0x08006f44   Section        0  dfixui.o(.text)
    .text                                    0x08006f80   Section       40  cdrcmple.o(.text)
    .text                                    0x08006fa8   Section       20  cfrcmple.o(.text)
    .text                                    0x08006fbc   Section        0  uldiv.o(.text)
    .text                                    0x0800701c   Section        0  llshl.o(.text)
    .text                                    0x0800703c   Section        0  llushr.o(.text)
    .text                                    0x0800705e   Section        0  llsshr.o(.text)
    .text                                    0x08007084   Section        0  iusefp.o(.text)
    .text                                    0x08007084   Section        0  fepilogue.o(.text)
    .text                                    0x08007106   Section        0  depilogue.o(.text)
    .text                                    0x080071c4   Section       36  init.o(.text)
    i.__0printf$8                            0x080071e8   Section        0  printf8.o(i.__0printf$8)
    i.__ARM_clz                              0x08007208   Section        0  depilogue.o(i.__ARM_clz)
    i.__ARM_common_switch8                   0x08007236   Section        0  main.o(i.__ARM_common_switch8)
    i.__scatterload_copy                     0x08007252   Section       14  handlers.o(i.__scatterload_copy)
    i.__scatterload_null                     0x08007260   Section        2  handlers.o(i.__scatterload_null)
    i.__scatterload_zeroinit                 0x08007262   Section       14  handlers.o(i.__scatterload_zeroinit)
    i._printf_core                           0x08007270   Section        0  printf8.o(i._printf_core)
    _printf_core                             0x08007271   Thumb Code  1020  printf8.o(i._printf_core)
    i._printf_post_padding                   0x08007698   Section        0  printf8.o(i._printf_post_padding)
    _printf_post_padding                     0x08007699   Thumb Code    32  printf8.o(i._printf_post_padding)
    i._printf_pre_padding                    0x080076b8   Section        0  printf8.o(i._printf_pre_padding)
    _printf_pre_padding                      0x080076b9   Thumb Code    44  printf8.o(i._printf_pre_padding)
    .data                                    0x200000c0   Section       25  main.o(.data)
    key_event                                0x200000c2   Data           1  main.o(.data)
    key_timer                                0x200000c4   Data           2  main.o(.data)
    bat_value                                0x200000c6   Data           1  main.o(.data)
    bat_last_value                           0x200000c7   Data           1  main.o(.data)
    sleep_off_timer                          0x200000c8   Data           2  main.o(.data)
    FIRMWARE_VERSION                         0x200000ca   Data           3  main.o(.data)
    bat_flag                                 0x200000ce   Data           1  main.o(.data)
    moto_R_state_flag                        0x200000d0   Data           2  main.o(.data)
    moto_L_state_flag                        0x200000d2   Data           2  main.o(.data)
    bat_alarm_timer                          0x200000d4   Data           1  main.o(.data)
    bat_alarm_timer_t                        0x200000d5   Data           1  main.o(.data)
    get_sleep_timer                          0x200000d6   Data           2  main.o(.data)
    get_sleep_timer_t                        0x200000d8   Data           1  main.o(.data)
    .data                                    0x200000dc   Section       14  moto.o(.data)
    moto_flag                                0x200000dc   Data           1  moto.o(.data)
    moto_R_current_state                     0x200000dd   Data           1  moto.o(.data)
    moto_L_current_state                     0x200000de   Data           1  moto.o(.data)
    R_count                                  0x200000e0   Data           4  moto.o(.data)
    L_count                                  0x200000e4   Data           4  moto.o(.data)
    pwm_flag                                 0x200000e8   Data           2  moto.o(.data)
    .data                                    0x200000ec   Section       16  led.o(.data)
    led_x                                    0x200000ec   Data           1  led.o(.data)
    led_y                                    0x200000ed   Data           1  led.o(.data)
    pwm_duty                                 0x200000ee   Data           1  led.o(.data)
    PWM_flag                                 0x200000ef   Data           1  led.o(.data)
    led_flag                                 0x200000f0   Data           1  led.o(.data)
    .data                                    0x200000fc   Section        4  rtc.o(.data)
    .data                                    0x20000100   Section        3  user_it.o(.data)
    .data                                    0x20000103   Section       18  mm32_i2c.o(.data)
    .data                                    0x20000118   Section       20  system_mm32f031x8.o(.data)
    .data                                    0x2000012c   Section        4  hal_i2c.o(.data)
    I2C_CMD_DIR                              0x2000012c   Data           1  hal_i2c.o(.data)
    .data                                    0x20000130   Section       16  hal_rcc.o(.data)
    APBAHBPrescTable                         0x20000130   Data          16  hal_rcc.o(.data)
    .data                                    0x20000140   Section        4  stdout.o(.data)
    .bss                                     0x20000144   Section       64  main.o(.bss)
    get_Com                                  0x20000144   Data          10  main.o(.bss)
    adc_typedef                              0x2000014e   Data          54  main.o(.bss)
    .bss                                     0x20000184   Section       86  moto.o(.bss)
    .bss                                     0x200001da   Section       64  user_timer.o(.bss)
    .bss                                     0x2000021a   Section      284  user_uart.o(.bss)
    Buffer_t                                 0x20000232   Data         260  user_uart.o(.bss)
    .bss                                     0x20000336   Section       16  mm32_i2c.o(.bss)
    STACK                                    0x20000348   Section     1024  startup_mm32f031x8.o(STACK)

    Global Symbols

    Symbol Name                              Value     Ov Type        Size  Object(Section)

    BuildAttributes$$THM_ISAv3M$S$PE$A:L22$X:L11$S22$IEEE1$IW$USESV6$~STKCKD$USESV7$~SHL$OTIME$ROPI$EBA8$MICROLIB$REQ8$PRES8$EABIv2 0x00000000   Number         0  anon$$obj.o ABSOLUTE
    __ARM_use_no_argv                        0x00000000   Number         0  main.o ABSOLUTE
    _printf_a                                0x00000000   Number         0  stubs.o ABSOLUTE
    _printf_c                                0x00000000   Number         0  stubs.o ABSOLUTE
    _printf_charcount                        0x00000000   Number         0  stubs.o ABSOLUTE
    _printf_d                                0x00000000   Number         0  stubs.o ABSOLUTE
    _printf_e                                0x00000000   Number         0  stubs.o ABSOLUTE
    _printf_f                                0x00000000   Number         0  stubs.o ABSOLUTE
    _printf_flags                            0x00000000   Number         0  stubs.o ABSOLUTE
    _printf_fp_dec                           0x00000000   Number         0  stubs.o ABSOLUTE
    _printf_fp_hex                           0x00000000   Number         0  stubs.o ABSOLUTE
    _printf_g                                0x00000000   Number         0  stubs.o ABSOLUTE
    _printf_i                                0x00000000   Number         0  stubs.o ABSOLUTE
    _printf_int_dec                          0x00000000   Number         0  stubs.o ABSOLUTE
    _printf_l                                0x00000000   Number         0  stubs.o ABSOLUTE
    _printf_lc                               0x00000000   Number         0  stubs.o ABSOLUTE
    _printf_ll                               0x00000000   Number         0  stubs.o ABSOLUTE
    _printf_lld                              0x00000000   Number         0  stubs.o ABSOLUTE
    _printf_lli                              0x00000000   Number         0  stubs.o ABSOLUTE
    _printf_llo                              0x00000000   Number         0  stubs.o ABSOLUTE
    _printf_llu                              0x00000000   Number         0  stubs.o ABSOLUTE
    _printf_llx                              0x00000000   Number         0  stubs.o ABSOLUTE
    _printf_longlong_dec                     0x00000000   Number         0  stubs.o ABSOLUTE
    _printf_longlong_hex                     0x00000000   Number         0  stubs.o ABSOLUTE
    _printf_longlong_oct                     0x00000000   Number         0  stubs.o ABSOLUTE
    _printf_ls                               0x00000000   Number         0  stubs.o ABSOLUTE
    _printf_mbtowc                           0x00000000   Number         0  stubs.o ABSOLUTE
    _printf_n                                0x00000000   Number         0  stubs.o ABSOLUTE
    _printf_o                                0x00000000   Number         0  stubs.o ABSOLUTE
    _printf_p                                0x00000000   Number         0  stubs.o ABSOLUTE
    _printf_percent                          0x00000000   Number         0  stubs.o ABSOLUTE
    _printf_pre_padding                      0x00000000   Number         0  stubs.o ABSOLUTE
    _printf_return_value                     0x00000000   Number         0  stubs.o ABSOLUTE
    _printf_s                                0x00000000   Number         0  stubs.o ABSOLUTE
    _printf_sizespec                         0x00000000   Number         0  stubs.o ABSOLUTE
    _printf_str                              0x00000000   Number         0  stubs.o ABSOLUTE
    _printf_truncate_signed                  0x00000000   Number         0  stubs.o ABSOLUTE
    _printf_truncate_unsigned                0x00000000   Number         0  stubs.o ABSOLUTE
    _printf_u                                0x00000000   Number         0  stubs.o ABSOLUTE
    _printf_wc                               0x00000000   Number         0  stubs.o ABSOLUTE
    _printf_wctomb                           0x00000000   Number         0  stubs.o ABSOLUTE
    _printf_widthprec                        0x00000000   Number         0  stubs.o ABSOLUTE
    _printf_x                                0x00000000   Number         0  stubs.o ABSOLUTE
    __cpp_initialize__aeabi_                  - Undefined Weak Reference
    __cxa_finalize                            - Undefined Weak Reference
    __decompress                              - Undefined Weak Reference
    _clock_init                               - Undefined Weak Reference
    _microlib_exit                            - Undefined Weak Reference
    __Vectors_Size                           0x000000b4   Number         0  startup_mm32f031x8.o ABSOLUTE
    __Vectors                                0x08001800   Data           4  startup_mm32f031x8.o(RESET)
    __Vectors_End                            0x080018b4   Data           0  startup_mm32f031x8.o(RESET)
    __main                                   0x080018b5   Thumb Code     0  entry.o(.ARM.Collect$$$$00000000)
    _main_stk                                0x080018b5   Thumb Code     0  entry2.o(.ARM.Collect$$$$00000001)
    _main_scatterload                        0x080018b9   Thumb Code     0  entry5.o(.ARM.Collect$$$$00000004)
    __main_after_scatterload                 0x080018bd   Thumb Code     0  entry5.o(.ARM.Collect$$$$00000004)
    _main_clock                              0x080018bd   Thumb Code     0  entry7b.o(.ARM.Collect$$$$00000008)
    _main_cpp_init                           0x080018bd   Thumb Code     0  entry8b.o(.ARM.Collect$$$$0000000A)
    _main_init                               0x080018bd   Thumb Code     0  entry9a.o(.ARM.Collect$$$$0000000B)
    __rt_final_cpp                           0x080018c5   Thumb Code     0  entry10a.o(.ARM.Collect$$$$0000000D)
    __rt_final_exit                          0x080018c5   Thumb Code     0  entry11a.o(.ARM.Collect$$$$0000000F)
    uni_sys_init                             0x080018c9   Thumb Code    44  config.o(.text)
    kar_off                                  0x08001ad9   Thumb Code    66  main.o(.text)
    main                                     0x080020af   Thumb Code    54  main.o(.text)
    moto_P                                   0x0800212d   Thumb Code    96  moto.o(.text)
    moto_dealy_P                             0x0800218d   Thumb Code    74  moto.o(.text)
    moto_D                                   0x080021d7   Thumb Code    32  moto.o(.text)
    GetMotoCom                               0x08002343   Thumb Code   130  moto.o(.text)
    motor_test                               0x080023c5   Thumb Code    28  moto.o(.text)
    get_moto_current_state                   0x080023e1   Thumb Code   398  moto.o(.text)
    moto_run_task                            0x0800256f   Thumb Code   200  moto.o(.text)
    moto_timer_handler                       0x08002637   Thumb Code   152  moto.o(.text)
    aperture_all_on                          0x08002a95   Thumb Code    16  led.o(.text)
    led_mode_get_t                           0x08002aa5   Thumb Code    44  led.o(.text)
    aperture_all_off                         0x08002ad1   Thumb Code    26  led.o(.text)
    led_run_task                             0x08002d39   Thumb Code    70  led.o(.text)
    led_mode_get_tt                          0x08002d7f   Thumb Code    62  led.o(.text)
    led_mode_get                             0x08002dbd   Thumb Code    60  led.o(.text)
    RTC_Write_Byte                           0x08002e47   Thumb Code    18  rtc.o(.text)
    RTC_Read_Byte                            0x08002e59   Thumb Code    22  rtc.o(.text)
    RTC_Read_nByte                           0x08002e8d   Thumb Code    30  rtc.o(.text)
    RTC_Start                                0x08002eab   Thumb Code    78  rtc.o(.text)
    RTC_SetTimeDate                          0x08002ef9   Thumb Code   192  rtc.o(.text)
    RTC_GetTimeDate                          0x08002fb9   Thumb Code   170  rtc.o(.text)
    RTC_SetAlarm                             0x08003063   Thumb Code   246  rtc.o(.text)
    RTC_GetAlarm                             0x08003159   Thumb Code   104  rtc.o(.text)
    RTC_Clear_GetControlStatus_2             0x080031c1   Thumb Code    42  rtc.o(.text)
    RTC_Close_Alarm                          0x080031eb   Thumb Code    46  rtc.o(.text)
    get_Alarm_Int_state                      0x08003219   Thumb Code    40  rtc.o(.text)
    Set_Alarm_Clock                          0x08003241   Thumb Code    96  rtc.o(.text)
    Set_date_timer                           0x080032a1   Thumb Code   110  rtc.o(.text)
    Get_date_timer                           0x0800330f   Thumb Code    80  rtc.o(.text)
    Rtc_Check                                0x0800335f   Thumb Code    46  rtc.o(.text)
    rtc_test                                 0x0800338d   Thumb Code    40  rtc.o(.text)
    clear_all_event                          0x080033c1   Thumb Code    50  user_it.o(.text)
    EXTI0_1_IRQHandler                       0x080033f3   Thumb Code    32  user_it.o(.text)
    EXTI4_15_IRQHandler                      0x08003413   Thumb Code    96  user_it.o(.text)
    set_soft_timer                           0x08003479   Thumb Code    16  user_timer.o(.text)
    check_soft_timeout                       0x08003489   Thumb Code    48  user_timer.o(.text)
    check_soft_timeout_PWM                   0x080034b9   Thumb Code    38  user_timer.o(.text)
    timer_delay_ms                           0x080034df   Thumb Code    26  user_timer.o(.text)
    TIM16_IRQHandler                         0x080034f9   Thumb Code    56  user_timer.o(.text)
    udly1us                                  0x0800353d   Thumb Code    12  user_uart.o(.text)
    uni_UART_Init                            0x08003549   Thumb Code    18  user_uart.o(.text)
    fputc                                    0x0800355b   Thumb Code    22  user_uart.o(.text)
    UART2_Send_BUFF                          0x08003571   Thumb Code    42  user_uart.o(.text)
    WriteUartBuf                             0x0800359b   Thumb Code    22  user_uart.o(.text)
    UART_Send_t                              0x080035b1   Thumb Code   144  user_uart.o(.text)
    uart0_get_cmd                            0x080036f7   Thumb Code   156  user_uart.o(.text)
    UART2_IRQHandler                         0x08003793   Thumb Code    52  user_uart.o(.text)
    gpio_init                                0x0800397b   Thumb Code     8  mm32_config.o(.text)
    uni_pwm_init                             0x08003983   Thumb Code   352  mm32_config.o(.text)
    uni_adc_init                             0x08003ae3   Thumb Code   100  mm32_config.o(.text)
    _uart_init                               0x08003c01   Thumb Code     8  mm32_config.o(.text)
    clock_init                               0x08003c09   Thumb Code     2  mm32_config.o(.text)
    uni_wdg_init                             0x08003c0b   Thumb Code    12  mm32_config.o(.text)
    uni_timer_init                           0x08003ccd   Thumb Code    16  mm32_config.o(.text)
    adc_value_get                            0x08003d0f   Thumb Code    84  mm32_hard_interface.o(.text)
    sys_start                                0x08003d91   Thumb Code   132  mm32_hard_interface.o(.text)
    PVU_CheckStatus                          0x08003e15   Thumb Code    22  mm32_hard_interface.o(.text)
    RVU_CheckStatus                          0x08003e2b   Thumb Code    22  mm32_hard_interface.o(.text)
    Write_Iwdg_ON                            0x08003e41   Thumb Code    68  mm32_hard_interface.o(.text)
    uni_wdt_reload                           0x08003e85   Thumb Code     8  mm32_hard_interface.o(.text)
    LowPowerConsumptionConfig                0x08003ebf   Thumb Code    30  mm32_hard_interface.o(.text)
    app_iap_init                             0x08003edd   Thumb Code    36  mm32_hard_interface.o(.text)
    TIM2_IRQHandler                          0x08003f01   Thumb Code    16  mm32_hard_interface.o(.text)
    I2CInitMasterMode                        0x08003f39   Thumb Code   126  mm32_i2c.o(.text)
    uni_i2c_init                             0x08003fb7   Thumb Code   118  mm32_i2c.o(.text)
    I2CTXEmptyCheck                          0x0800402d   Thumb Code    26  mm32_i2c.o(.text)
    I2CRXFullCheck                           0x08004047   Thumb Code    26  mm32_i2c.o(.text)
    I2CTXByte                                0x08004061   Thumb Code    24  mm32_i2c.o(.text)
    I2CRXByte                                0x08004079   Thumb Code    22  mm32_i2c.o(.text)
    I2CMasterWrite                           0x0800408f   Thumb Code   126  mm32_i2c.o(.text)
    I2CMasterRead                            0x0800410d   Thumb Code    78  mm32_i2c.o(.text)
    IIC_WriteByte                            0x0800415b   Thumb Code    72  mm32_i2c.o(.text)
    IIC_ReadByte                             0x080041a3   Thumb Code    58  mm32_i2c.o(.text)
    IIC_WriteArray                           0x080041dd   Thumb Code   126  mm32_i2c.o(.text)
    IIC_ReadArray                            0x0800425b   Thumb Code    94  mm32_i2c.o(.text)
    I2CMasterTest                            0x080042b9   Thumb Code    46  mm32_i2c.o(.text)
    Reset_Handler                            0x08004301   Thumb Code    38  startup_mm32f031x8.o(.text)
    NMI_Handler                              0x08004327   Thumb Code     2  startup_mm32f031x8.o(.text)
    HardFault_Handler                        0x08004329   Thumb Code     2  startup_mm32f031x8.o(.text)
    SVC_Handler                              0x0800432b   Thumb Code     2  startup_mm32f031x8.o(.text)
    PendSV_Handler                           0x0800432d   Thumb Code     2  startup_mm32f031x8.o(.text)
    SysTick_Handler                          0x0800432f   Thumb Code     2  startup_mm32f031x8.o(.text)
    ADC_COMP_IRQHandler                      0x08004331   Thumb Code     0  startup_mm32f031x8.o(.text)
    DMA1_Channel1_IRQHandler                 0x08004331   Thumb Code     0  startup_mm32f031x8.o(.text)
    DMA1_Channel2_3_IRQHandler               0x08004331   Thumb Code     0  startup_mm32f031x8.o(.text)
    DMA1_Channel4_5_IRQHandler               0x08004331   Thumb Code     0  startup_mm32f031x8.o(.text)
    EXTI2_3_IRQHandler                       0x08004331   Thumb Code     0  startup_mm32f031x8.o(.text)
    FLASH_IRQHandler                         0x08004331   Thumb Code     0  startup_mm32f031x8.o(.text)
    I2C1_IRQHandler                          0x08004331   Thumb Code     0  startup_mm32f031x8.o(.text)
    PVD_IRQHandler                           0x08004331   Thumb Code     0  startup_mm32f031x8.o(.text)
    RCC_CRS_IRQHandler                       0x08004331   Thumb Code     0  startup_mm32f031x8.o(.text)
    RTC_IRQHandler                           0x08004331   Thumb Code     0  startup_mm32f031x8.o(.text)
    SPI1_IRQHandler                          0x08004331   Thumb Code     0  startup_mm32f031x8.o(.text)
    SPI2_IRQHandler                          0x08004331   Thumb Code     0  startup_mm32f031x8.o(.text)
    TIM14_IRQHandler                         0x08004331   Thumb Code     0  startup_mm32f031x8.o(.text)
    TIM17_IRQHandler                         0x08004331   Thumb Code     0  startup_mm32f031x8.o(.text)
    TIM1_BRK_UP_TRG_COM_IRQHandler           0x08004331   Thumb Code     0  startup_mm32f031x8.o(.text)
    TIM1_CC_IRQHandler                       0x08004331   Thumb Code     0  startup_mm32f031x8.o(.text)
    TIM3_IRQHandler                          0x08004331   Thumb Code     0  startup_mm32f031x8.o(.text)
    UART1_IRQHandler                         0x08004331   Thumb Code     0  startup_mm32f031x8.o(.text)
    WWDG_IRQHandler                          0x08004331   Thumb Code     0  startup_mm32f031x8.o(.text)
    SystemInit                               0x0800440b   Thumb Code    96  system_mm32f031x8.o(.text)
    ADC_DeInit                               0x08004485   Thumb Code    38  hal_adc.o(.text)
    ADC_Init                                 0x080044ab   Thumb Code    44  hal_adc.o(.text)
    ADC_StructInit                           0x080044d7   Thumb Code    18  hal_adc.o(.text)
    ADC_Cmd                                  0x080044e9   Thumb Code    24  hal_adc.o(.text)
    ADC_DMACmd                               0x08004501   Thumb Code    24  hal_adc.o(.text)
    ADC_ITConfig                             0x08004519   Thumb Code    20  hal_adc.o(.text)
    ADC_SoftwareStartConvCmd                 0x0800452d   Thumb Code    28  hal_adc.o(.text)
    ADC_GetSoftwareStartConvStatus           0x08004549   Thumb Code    24  hal_adc.o(.text)
    ADC_RegularChannelConfig                 0x08004561   Thumb Code   200  hal_adc.o(.text)
    ADC_ExternalTrigConvCmd                  0x08004629   Thumb Code    24  hal_adc.o(.text)
    ADC_GetConversionValue                   0x08004641   Thumb Code   116  hal_adc.o(.text)
    ADC_ExternalTrigInjectedConvConfig       0x080046b5   Thumb Code    26  hal_adc.o(.text)
    ADC_ExternalTrigInjectedConvCmd          0x080046cf   Thumb Code    24  hal_adc.o(.text)
    ADC_AnalogWatchdogCmd                    0x080046e7   Thumb Code    24  hal_adc.o(.text)
    ADC_AnalogWatchdogThresholdsConfig       0x080046ff   Thumb Code    12  hal_adc.o(.text)
    ADC_AnalogWatchdogSingleChannelConfig    0x0800470b   Thumb Code    26  hal_adc.o(.text)
    ADC_TempSensorCmd                        0x08004725   Thumb Code    72  hal_adc.o(.text)
    ADC_VrefintCmd                           0x0800476d   Thumb Code    72  hal_adc.o(.text)
    ADC_GetFlagStatus                        0x080047b5   Thumb Code    20  hal_adc.o(.text)
    ADC_ClearFlag                            0x080047c9   Thumb Code     8  hal_adc.o(.text)
    ADC_GetITStatus                          0x080047d1   Thumb Code    20  hal_adc.o(.text)
    ADC_ClearITPendingBit                    0x080047e5   Thumb Code     4  hal_adc.o(.text)
    EXTI_DeInit                              0x080047f5   Thumb Code    18  hal_exti.o(.text)
    EXTI_Init                                0x08004807   Thumb Code   134  hal_exti.o(.text)
    EXTI_StructInit                          0x0800488d   Thumb Code    16  hal_exti.o(.text)
    EXTI_GenerateSWInterrupt                 0x0800489d   Thumb Code    12  hal_exti.o(.text)
    EXTI_GetFlagStatus                       0x080048a9   Thumb Code    22  hal_exti.o(.text)
    EXTI_ClearFlag                           0x080048bf   Thumb Code     6  hal_exti.o(.text)
    EXTI_GetITStatus                         0x080048c5   Thumb Code    36  hal_exti.o(.text)
    EXTI_ClearITPendingBit                   0x080048e9   Thumb Code     6  hal_exti.o(.text)
    FLASH_SetLatency                         0x080048f9   Thumb Code    24  hal_flash.o(.text)
    FLASH_HalfCycleAccessCmd                 0x08004911   Thumb Code    22  hal_flash.o(.text)
    FLASH_PrefetchBufferCmd                  0x08004927   Thumb Code    22  hal_flash.o(.text)
    FLASH_Unlock                             0x0800493d   Thumb Code    12  hal_flash.o(.text)
    FLASH_Lock                               0x08004949   Thumb Code    14  hal_flash.o(.text)
    FLASH_GetStatus                          0x08004957   Thumb Code    54  hal_flash.o(.text)
    FLASH_WaitForLastOperation               0x080049a7   Thumb Code    44  hal_flash.o(.text)
    FLASH_ErasePage                          0x080049d3   Thumb Code    72  hal_flash.o(.text)
    FLASH_EraseAllPages                      0x08004a1b   Thumb Code    70  hal_flash.o(.text)
    FLASH_EraseOptionBytes                   0x08004a61   Thumb Code   150  hal_flash.o(.text)
    FLASH_ProgramWord                        0x08004af7   Thumb Code   100  hal_flash.o(.text)
    FLASH_ProgramHalfWord                    0x08004b5b   Thumb Code    64  hal_flash.o(.text)
    FLASH_ProgramOptionByteData              0x08004b9b   Thumb Code    74  hal_flash.o(.text)
    FLASH_EnableWriteProtection              0x08004be5   Thumb Code   182  hal_flash.o(.text)
    FLASH_ReadOutProtection                  0x08004c9b   Thumb Code   186  hal_flash.o(.text)
    FLASH_UserOptionByteConfig               0x08004d55   Thumb Code    86  hal_flash.o(.text)
    FLASH_GetUserOptionByte                  0x08004dab   Thumb Code     8  hal_flash.o(.text)
    FLASH_GetWriteProtectionOptionByte       0x08004db3   Thumb Code     6  hal_flash.o(.text)
    FLASH_GetReadOutProtectionStatus         0x08004db9   Thumb Code    22  hal_flash.o(.text)
    FLASH_GetPrefetchBufferStatus            0x08004dcf   Thumb Code    22  hal_flash.o(.text)
    FLASH_ITConfig                           0x08004de5   Thumb Code    28  hal_flash.o(.text)
    FLASH_GetFlagStatus                      0x08004e01   Thumb Code    44  hal_flash.o(.text)
    FLASH_ClearFlag                          0x08004e2d   Thumb Code     6  hal_flash.o(.text)
    GPIO_DeInit                              0x08004e4d   Thumb Code   118  hal_gpio.o(.text)
    GPIO_Init                                0x08004ec3   Thumb Code   222  hal_gpio.o(.text)
    GPIO_StructInit                          0x08004fa1   Thumb Code    16  hal_gpio.o(.text)
    GPIO_ReadInputDataBit                    0x08004fb1   Thumb Code    20  hal_gpio.o(.text)
    GPIO_ReadInputData                       0x08004fc5   Thumb Code     8  hal_gpio.o(.text)
    GPIO_ReadOutputDataBit                   0x08004fcd   Thumb Code    20  hal_gpio.o(.text)
    GPIO_ReadOutputData                      0x08004fe1   Thumb Code     8  hal_gpio.o(.text)
    GPIO_SetBits                             0x08004fe9   Thumb Code     4  hal_gpio.o(.text)
    GPIO_ResetBits                           0x08004fed   Thumb Code     4  hal_gpio.o(.text)
    GPIO_WriteBit                            0x08004ff1   Thumb Code    12  hal_gpio.o(.text)
    GPIO_Write                               0x08004ffd   Thumb Code     4  hal_gpio.o(.text)
    GPIO_PinLockConfig                       0x08005001   Thumb Code    22  hal_gpio.o(.text)
    GPIO_PinAFConfig                         0x08005017   Thumb Code    70  hal_gpio.o(.text)
    I2C_DeInit                               0x0800505d   Thumb Code    38  hal_i2c.o(.text)
    I2C_Init                                 0x08005083   Thumb Code   182  hal_i2c.o(.text)
    I2C_StructInit                           0x08005139   Thumb Code    18  hal_i2c.o(.text)
    I2C_Cmd                                  0x0800514b   Thumb Code    32  hal_i2c.o(.text)
    I2C_DMACmd                               0x0800516b   Thumb Code    64  hal_i2c.o(.text)
    I2C_GenerateSTART                        0x080051ab   Thumb Code    26  hal_i2c.o(.text)
    I2C_GenerateSTOP                         0x080051c5   Thumb Code    42  hal_i2c.o(.text)
    I2C_OwnAddress2Config                    0x080051ef   Thumb Code    20  hal_i2c.o(.text)
    I2C_DualAddressCmd                       0x08005203   Thumb Code    26  hal_i2c.o(.text)
    I2C_GeneralCallCmd                       0x0800521d   Thumb Code    26  hal_i2c.o(.text)
    I2C_ITConfig                             0x08005237   Thumb Code    28  hal_i2c.o(.text)
    I2C_SendData                             0x08005253   Thumb Code     4  hal_i2c.o(.text)
    I2C_SendLastDataOrStop                   0x08005257   Thumb Code    10  hal_i2c.o(.text)
    I2C_ReadLastDataOrStop                   0x08005261   Thumb Code    12  hal_i2c.o(.text)
    I2C_ReadCmd                              0x0800526d   Thumb Code     8  hal_i2c.o(.text)
    I2C_ReceiveData                          0x08005275   Thumb Code    14  hal_i2c.o(.text)
    I2C_Send7bitAddress                      0x08005283   Thumb Code     6  hal_i2c.o(.text)
    I2C_ReadRegister                         0x08005289   Thumb Code     6  hal_i2c.o(.text)
    I2C_GetLastEvent                         0x0800528f   Thumb Code    16  hal_i2c.o(.text)
    I2C_CheckEvent                           0x0800529f   Thumb Code    52  hal_i2c.o(.text)
    I2C_GetFlagStatus                        0x080052d3   Thumb Code    76  hal_i2c.o(.text)
    I2C_ClearFlag                            0x0800531f   Thumb Code   146  hal_i2c.o(.text)
    I2C_GetITStatus                          0x080053b1   Thumb Code    20  hal_i2c.o(.text)
    I2C_ClearITPendingBit                    0x080053c5   Thumb Code   192  hal_i2c.o(.text)
    IWDG_WriteAccessCmd                      0x08005485   Thumb Code     6  hal_iwdg.o(.text)
    IWDG_SetPrescaler                        0x0800548b   Thumb Code     6  hal_iwdg.o(.text)
    IWDG_SetReload                           0x08005491   Thumb Code     6  hal_iwdg.o(.text)
    IWDG_ReloadCounter                       0x08005497   Thumb Code     8  hal_iwdg.o(.text)
    IWDG_Enable                              0x0800549f   Thumb Code     8  hal_iwdg.o(.text)
    IWDG_GetFlagStatus                       0x080054a7   Thumb Code    22  hal_iwdg.o(.text)
    NVIC_Init                                0x080054c9   Thumb Code   106  hal_misc.o(.text)
    NVIC_SetVectorTable                      0x08005533   Thumb Code     2  hal_misc.o(.text)
    NVIC_SystemLPConfig                      0x08005535   Thumb Code    28  hal_misc.o(.text)
    SysTick_CLKSourceConfig                  0x08005551   Thumb Code    32  hal_misc.o(.text)
    PWR_DeInit                               0x0800557d   Thumb Code    22  hal_pwr.o(.text)
    PWR_BackupAccessCmd                      0x08005593   Thumb Code    36  hal_pwr.o(.text)
    PWR_PVDCmd                               0x080055b7   Thumb Code    32  hal_pwr.o(.text)
    PWR_PVDLevelConfig                       0x080055d7   Thumb Code    30  hal_pwr.o(.text)
    PWR_WakeUpPinCmd                         0x080055f5   Thumb Code    36  hal_pwr.o(.text)
    PWR_EnterSTOPMode                        0x08005619   Thumb Code    48  hal_pwr.o(.text)
    PWR_EnterSTANDBYMode                     0x08005649   Thumb Code    44  hal_pwr.o(.text)
    PWR_GetFlagStatus                        0x08005675   Thumb Code    22  hal_pwr.o(.text)
    PWR_ClearFlag                            0x0800568b   Thumb Code    14  hal_pwr.o(.text)
    RCC_DeInit                               0x080056a1   Thumb Code    90  hal_rcc.o(.text)
    RCC_HSEConfig                            0x080056fb   Thumb Code   104  hal_rcc.o(.text)
    RCC_GetFlagStatus                        0x08005763   Thumb Code    48  hal_rcc.o(.text)
    RCC_WaitForHSEStartUp                    0x08005793   Thumb Code    60  hal_rcc.o(.text)
    RCC_AdjustHSICalibrationValue            0x080057cf   Thumb Code    30  hal_rcc.o(.text)
    RCC_HSICmd                               0x080057ed   Thumb Code    32  hal_rcc.o(.text)
    RCC_PLLDMDNConfig                        0x0800580d   Thumb Code    28  hal_rcc.o(.text)
    RCC_PLLConfig                            0x08005829   Thumb Code   300  hal_rcc.o(.text)
    RCC_PLLCmd                               0x08005955   Thumb Code    36  hal_rcc.o(.text)
    RCC_SYSCLKConfig                         0x08005979   Thumb Code    24  hal_rcc.o(.text)
    RCC_GetSYSCLKSource                      0x08005991   Thumb Code    10  hal_rcc.o(.text)
    RCC_HCLKConfig                           0x0800599b   Thumb Code    28  hal_rcc.o(.text)
    RCC_PCLK1Config                          0x080059b7   Thumb Code    30  hal_rcc.o(.text)
    RCC_PCLK2Config                          0x080059d5   Thumb Code    28  hal_rcc.o(.text)
    RCC_ITConfig                             0x080059f1   Thumb Code    32  hal_rcc.o(.text)
    RCC_USBCLKConfig                         0x08005a11   Thumb Code    24  hal_rcc.o(.text)
    RCC_LSICmd                               0x08005a29   Thumb Code    32  hal_rcc.o(.text)
    RCC_GetClocksFreq                        0x08005a49   Thumb Code   264  hal_rcc.o(.text)
    RCC_AHBPeriphClockCmd                    0x08005b51   Thumb Code    28  hal_rcc.o(.text)
    RCC_APB2PeriphClockCmd                   0x08005b6d   Thumb Code    28  hal_rcc.o(.text)
    RCC_APB1PeriphClockCmd                   0x08005b89   Thumb Code    28  hal_rcc.o(.text)
    RCC_APB2PeriphResetCmd                   0x08005ba5   Thumb Code    28  hal_rcc.o(.text)
    RCC_APB1PeriphResetCmd                   0x08005bc1   Thumb Code    28  hal_rcc.o(.text)
    RCC_ClockSecuritySystemCmd               0x08005bdd   Thumb Code    34  hal_rcc.o(.text)
    RCC_MCOConfig                            0x08005bff   Thumb Code    28  hal_rcc.o(.text)
    RCC_ClearFlag                            0x08005c1b   Thumb Code    16  hal_rcc.o(.text)
    RCC_GetITStatus                          0x08005c2b   Thumb Code    22  hal_rcc.o(.text)
    RCC_ClearITPendingBit                    0x08005c41   Thumb Code    14  hal_rcc.o(.text)
    SYSCFG_DeInit                            0x08005c65   Thumb Code    28  hal_syscfg.o(.text)
    SYSCFG_MemoryRemapConfig                 0x08005c81   Thumb Code    24  hal_syscfg.o(.text)
    SYSCFG_DMAChannelRemapConfig             0x08005c99   Thumb Code    28  hal_syscfg.o(.text)
    SYSCFG_EXTILineConfig                    0x08005cb5   Thumb Code    66  hal_syscfg.o(.text)
    TIM_DeInit                               0x08005cfd   Thumb Code   156  hal_tim.o(.text)
    TIM_TimeBaseInit                         0x08005d99   Thumb Code    74  hal_tim.o(.text)
    TIM_TimeBaseStructInit                   0x08005de3   Thumb Code    18  hal_tim.o(.text)
    TIM_PrescalerConfig                      0x08005df5   Thumb Code     6  hal_tim.o(.text)
    TIM_CounterModeConfig                    0x08005dfb   Thumb Code    22  hal_tim.o(.text)
    TIM_SetCounter                           0x08005e11   Thumb Code     4  hal_tim.o(.text)
    TIM_SetAutoreload                        0x08005e15   Thumb Code     4  hal_tim.o(.text)
    TIM_GetCounter                           0x08005e19   Thumb Code     6  hal_tim.o(.text)
    TIM_GetPrescaler                         0x08005e1f   Thumb Code     8  hal_tim.o(.text)
    TIM_UpdateDisableConfig                  0x08005e27   Thumb Code    26  hal_tim.o(.text)
    TIM_UpdateRequestConfig                  0x08005e41   Thumb Code    26  hal_tim.o(.text)
    TIM_ARRPreloadConfig                     0x08005e5b   Thumb Code    26  hal_tim.o(.text)
    TIM_SelectOnePulseMode                   0x08005e75   Thumb Code    18  hal_tim.o(.text)
    TIM_SetClockDivision                     0x08005e87   Thumb Code    16  hal_tim.o(.text)
    TIM_Cmd                                  0x08005e97   Thumb Code    26  hal_tim.o(.text)
    TIM_BDTRConfig                           0x08005eb1   Thumb Code    30  hal_tim.o(.text)
    TIM_BDTRStructInit                       0x08005ecf   Thumb Code    18  hal_tim.o(.text)
    TIM_CtrlPWMOutputs                       0x08005ee1   Thumb Code    26  hal_tim.o(.text)
    TIM_OC1Init                              0x08005efb   Thumb Code   122  hal_tim.o(.text)
    TIM_OC2Init                              0x08005f75   Thumb Code   144  hal_tim.o(.text)
    TIM_OC3Init                              0x08006005   Thumb Code   130  hal_tim.o(.text)
    TIM_OC4Init                              0x08006087   Thumb Code   150  hal_tim.o(.text)
    TIM_OCStructInit                         0x0800611d   Thumb Code    20  hal_tim.o(.text)
    TIM_SelectOCxM                           0x08006131   Thumb Code    86  hal_tim.o(.text)
    TIM_SetCompare1                          0x08006187   Thumb Code     4  hal_tim.o(.text)
    TIM_SetCompare2                          0x0800618b   Thumb Code     4  hal_tim.o(.text)
    TIM_SetCompare3                          0x0800618f   Thumb Code     4  hal_tim.o(.text)
    TIM_SetCompare4                          0x08006193   Thumb Code     4  hal_tim.o(.text)
    TIM_ForcedOC1Config                      0x08006197   Thumb Code    22  hal_tim.o(.text)
    TIM_ForcedOC2Config                      0x080061ad   Thumb Code    22  hal_tim.o(.text)
    TIM_ForcedOC3Config                      0x080061c3   Thumb Code    22  hal_tim.o(.text)
    TIM_ForcedOC4Config                      0x080061d9   Thumb Code    22  hal_tim.o(.text)
    TIM_CCPreloadControl                     0x080061ef   Thumb Code    26  hal_tim.o(.text)
    TIM_OC1PreloadConfig                     0x08006209   Thumb Code    24  hal_tim.o(.text)
    TIM_OC2PreloadConfig                     0x08006221   Thumb Code    22  hal_tim.o(.text)
    TIM_OC3PreloadConfig                     0x08006237   Thumb Code    24  hal_tim.o(.text)
    TIM_OC4PreloadConfig                     0x0800624f   Thumb Code    22  hal_tim.o(.text)
    TIM_OC1FastConfig                        0x08006265   Thumb Code    24  hal_tim.o(.text)
    TIM_OC2FastConfig                        0x0800627d   Thumb Code    22  hal_tim.o(.text)
    TIM_OC3FastConfig                        0x08006293   Thumb Code    24  hal_tim.o(.text)
    TIM_OC4FastConfig                        0x080062ab   Thumb Code    22  hal_tim.o(.text)
    TIM_ClearOC1Ref                          0x080062c1   Thumb Code    24  hal_tim.o(.text)
    TIM_ClearOC2Ref                          0x080062d9   Thumb Code    22  hal_tim.o(.text)
    TIM_ClearOC3Ref                          0x080062ef   Thumb Code    24  hal_tim.o(.text)
    TIM_ClearOC4Ref                          0x08006307   Thumb Code    22  hal_tim.o(.text)
    TIM_OC1PolarityConfig                    0x0800631d   Thumb Code    24  hal_tim.o(.text)
    TIM_OC1NPolarityConfig                   0x08006335   Thumb Code    24  hal_tim.o(.text)
    TIM_OC2PolarityConfig                    0x0800634d   Thumb Code    24  hal_tim.o(.text)
    TIM_OC2NPolarityConfig                   0x08006365   Thumb Code    24  hal_tim.o(.text)
    TIM_OC3PolarityConfig                    0x0800637d   Thumb Code    22  hal_tim.o(.text)
    TIM_OC3NPolarityConfig                   0x08006393   Thumb Code    22  hal_tim.o(.text)
    TIM_OC4PolarityConfig                    0x080063a9   Thumb Code    22  hal_tim.o(.text)
    TIM_SelectOCREFClear                     0x080063bf   Thumb Code     8  hal_tim.o(.text)
    TIM_CCxCmd                               0x080063c7   Thumb Code    34  hal_tim.o(.text)
    TIM_CCxNCmd                              0x080063e9   Thumb Code    34  hal_tim.o(.text)
    TIM_SelectCOM                            0x0800640b   Thumb Code    26  hal_tim.o(.text)
    TIM_SetIC4Prescaler                      0x08006425   Thumb Code    20  hal_tim.o(.text)
    TIM_SetIC3Prescaler                      0x0800647f   Thumb Code    18  hal_tim.o(.text)
    TIM_SetIC2Prescaler                      0x080064d7   Thumb Code    20  hal_tim.o(.text)
    TIM_SetIC1Prescaler                      0x08006533   Thumb Code    18  hal_tim.o(.text)
    TIM_ICInit                               0x080065a9   Thumb Code   112  hal_tim.o(.text)
    TIM_ICStructInit                         0x08006619   Thumb Code    18  hal_tim.o(.text)
    TIM_PWMIConfig                           0x0800662b   Thumb Code   124  hal_tim.o(.text)
    TIM_GetCapture1                          0x080066a7   Thumb Code     6  hal_tim.o(.text)
    TIM_GetCapture2                          0x080066ad   Thumb Code     6  hal_tim.o(.text)
    TIM_GetCapture3                          0x080066b3   Thumb Code     6  hal_tim.o(.text)
    TIM_GetCapture4                          0x080066b9   Thumb Code     6  hal_tim.o(.text)
    TIM_ITConfig                             0x080066bf   Thumb Code    26  hal_tim.o(.text)
    TIM_GenerateEvent                        0x080066d9   Thumb Code     4  hal_tim.o(.text)
    TIM_GetFlagStatus                        0x080066dd   Thumb Code    20  hal_tim.o(.text)
    TIM_ClearFlag                            0x080066f1   Thumb Code     8  hal_tim.o(.text)
    TIM_GetITStatus                          0x080066f9   Thumb Code    38  hal_tim.o(.text)
    TIM_ClearITPendingBit                    0x0800671f   Thumb Code     8  hal_tim.o(.text)
    TIM_DMAConfig                            0x08006727   Thumb Code     8  hal_tim.o(.text)
    TIM_DMACmd                               0x0800672f   Thumb Code    26  hal_tim.o(.text)
    TIM_SelectCCDMA                          0x08006749   Thumb Code    24  hal_tim.o(.text)
    TIM_InternalClockConfig                  0x08006761   Thumb Code    12  hal_tim.o(.text)
    TIM_SelectInputTrigger                   0x0800676d   Thumb Code    24  hal_tim.o(.text)
    TIM_ITRxExternalClockConfig              0x08006785   Thumb Code    24  hal_tim.o(.text)
    TIM_TIxExternalClockConfig               0x0800679d   Thumb Code    58  hal_tim.o(.text)
    TIM_ETRConfig                            0x080067d7   Thumb Code    26  hal_tim.o(.text)
    TIM_ETRClockMode1Config                  0x080067f1   Thumb Code    50  hal_tim.o(.text)
    TIM_ETRClockMode2Config                  0x08006823   Thumb Code    34  hal_tim.o(.text)
    TIM_SelectOutputTrigger                  0x08006845   Thumb Code    18  hal_tim.o(.text)
    TIM_SelectSlaveMode                      0x08006857   Thumb Code    18  hal_tim.o(.text)
    TIM_SelectMasterSlaveMode                0x08006869   Thumb Code    18  hal_tim.o(.text)
    TIM_EncoderInterfaceConfig               0x0800687b   Thumb Code    66  hal_tim.o(.text)
    TIM_SelectHallSensor                     0x080068bd   Thumb Code    26  hal_tim.o(.text)
    UART_DeInit                              0x080068e1   Thumb Code    66  hal_uart.o(.text)
    UART_Init                                0x08006923   Thumb Code   116  hal_uart.o(.text)
    UART_StructInit                          0x08006997   Thumb Code    26  hal_uart.o(.text)
    UART_Cmd                                 0x080069b1   Thumb Code    24  hal_uart.o(.text)
    UART_ITConfig                            0x080069c9   Thumb Code    20  hal_uart.o(.text)
    UART_DMACmd                              0x080069dd   Thumb Code    20  hal_uart.o(.text)
    UART_SendData                            0x080069f1   Thumb Code     6  hal_uart.o(.text)
    UART_ReceiveData                         0x080069f7   Thumb Code     8  hal_uart.o(.text)
    UART_GetFlagStatus                       0x080069ff   Thumb Code    20  hal_uart.o(.text)
    UART_ClearFlag                           0x08006a13   Thumb Code     2  hal_uart.o(.text)
    UART_GetITStatus                         0x08006a15   Thumb Code    20  hal_uart.o(.text)
    UART_ClearITPendingBit                   0x08006a29   Thumb Code     4  hal_uart.o(.text)
    __aeabi_uidiv                            0x08006a39   Thumb Code     0  uidiv.o(.text)
    __aeabi_uidivmod                         0x08006a39   Thumb Code    44  uidiv.o(.text)
    __aeabi_idiv                             0x08006a65   Thumb Code     0  idiv.o(.text)
    __aeabi_idivmod                          0x08006a65   Thumb Code    40  idiv.o(.text)
    __aeabi_memcpy                           0x08006a8d   Thumb Code    36  memcpya.o(.text)
    __aeabi_memcpy4                          0x08006a8d   Thumb Code     0  memcpya.o(.text)
    __aeabi_memcpy8                          0x08006a8d   Thumb Code     0  memcpya.o(.text)
    __aeabi_memset                           0x08006ab1   Thumb Code    14  memseta.o(.text)
    __aeabi_memset4                          0x08006ab1   Thumb Code     0  memseta.o(.text)
    __aeabi_memset8                          0x08006ab1   Thumb Code     0  memseta.o(.text)
    __aeabi_memclr                           0x08006abf   Thumb Code     4  memseta.o(.text)
    __aeabi_memclr4                          0x08006abf   Thumb Code     0  memseta.o(.text)
    __aeabi_memclr8                          0x08006abf   Thumb Code     0  memseta.o(.text)
    _memset$wrapper                          0x08006ac3   Thumb Code    18  memseta.o(.text)
    __aeabi_fmul                             0x08006ad5   Thumb Code   122  fmul.o(.text)
    __aeabi_fdiv                             0x08006b4f   Thumb Code   124  fdiv.o(.text)
    __aeabi_dadd                             0x08006bcd   Thumb Code   328  dadd.o(.text)
    __aeabi_dsub                             0x08006d15   Thumb Code    12  dadd.o(.text)
    __aeabi_drsub                            0x08006d21   Thumb Code    12  dadd.o(.text)
    __aeabi_dmul                             0x08006d31   Thumb Code   202  dmul.o(.text)
    __aeabi_ddiv                             0x08006e01   Thumb Code   234  ddiv.o(.text)
    __aeabi_ui2f                             0x08006ef1   Thumb Code    14  ffltui.o(.text)
    __aeabi_i2d                              0x08006f01   Thumb Code    34  dflti.o(.text)
    __aeabi_ui2d                             0x08006f29   Thumb Code    24  dfltui.o(.text)
    __aeabi_d2uiz                            0x08006f45   Thumb Code    50  dfixui.o(.text)
    __aeabi_cdrcmple                         0x08006f81   Thumb Code    38  cdrcmple.o(.text)
    __aeabi_cfrcmple                         0x08006fa9   Thumb Code    20  cfrcmple.o(.text)
    __aeabi_uldivmod                         0x08006fbd   Thumb Code    96  uldiv.o(.text)
    __aeabi_llsl                             0x0800701d   Thumb Code    32  llshl.o(.text)
    _ll_shift_l                              0x0800701d   Thumb Code     0  llshl.o(.text)
    __aeabi_llsr                             0x0800703d   Thumb Code    34  llushr.o(.text)
    _ll_ushift_r                             0x0800703d   Thumb Code     0  llushr.o(.text)
    __aeabi_lasr                             0x0800705f   Thumb Code    38  llsshr.o(.text)
    _ll_sshift_r                             0x0800705f   Thumb Code     0  llsshr.o(.text)
    __I$use$fp                               0x08007085   Thumb Code     0  iusefp.o(.text)
    _float_round                             0x08007085   Thumb Code    16  fepilogue.o(.text)
    _float_epilogue                          0x08007095   Thumb Code   114  fepilogue.o(.text)
    _double_round                            0x08007107   Thumb Code    26  depilogue.o(.text)
    _double_epilogue                         0x08007121   Thumb Code   164  depilogue.o(.text)
    __scatterload                            0x080071c5   Thumb Code    28  init.o(.text)
    __scatterload_rt2                        0x080071c5   Thumb Code     0  init.o(.text)
    __0printf$8                              0x080071e9   Thumb Code    24  printf8.o(i.__0printf$8)
    __1printf$8                              0x080071e9   Thumb Code     0  printf8.o(i.__0printf$8)
    __2printf                                0x080071e9   Thumb Code     0  printf8.o(i.__0printf$8)
    __ARM_clz                                0x08007209   Thumb Code    46  depilogue.o(i.__ARM_clz)
    __ARM_common_switch8                     0x08007237   Thumb Code    28  main.o(i.__ARM_common_switch8)
    __scatterload_copy                       0x08007253   Thumb Code    14  handlers.o(i.__scatterload_copy)
    __scatterload_null                       0x08007261   Thumb Code     2  handlers.o(i.__scatterload_null)
    __scatterload_zeroinit                   0x08007263   Thumb Code    14  handlers.o(i.__scatterload_zeroinit)
    Region$$Table$$Base                      0x080076e4   Number         0  anon$$obj.o(Region$$Table)
    Region$$Table$$Limit                     0x08007704   Number         0  anon$$obj.o(Region$$Table)
    kar_state                                0x200000c0   Data           1  main.o(.data)
    kar_state_t                              0x200000c1   Data           1  main.o(.data)
    first_get_value                          0x200000cd   Data           1  main.o(.data)
    GetLedComData_t                          0x200000f4   Data           8  led.o(.data)
    rtc_buf                                  0x200000fc   Data           4  rtc.o(.data)
    Information_events                       0x20000100   Data           2  user_it.o(.data)
    all_event_flag                           0x20000102   Data           1  user_it.o(.data)
    rx_flag                                  0x20000103   Data           1  mm32_i2c.o(.data)
    tx_flag                                  0x20000104   Data           1  mm32_i2c.o(.data)
    tx_buffer0                               0x20000105   Data          16  mm32_i2c.o(.data)
    SystemCoreClock                          0x20000118   Data           4  system_mm32f031x8.o(.data)
    AHBPrescTable                            0x2000011c   Data          16  system_mm32f031x8.o(.data)
    I2C_DMA_DIR                              0x2000012e   Data           2  hal_i2c.o(.data)
    __stdout                                 0x20000140   Data           4  stdout.o(.data)
    MOTO_t                                   0x20000184   Data          86  moto.o(.bss)
    soft_timer                               0x200001da   Data          32  user_timer.o(.bss)
    soft_timer_t                             0x200001fa   Data          32  user_timer.o(.bss)
    Uart0_Typedef                            0x2000021a   Data          24  user_uart.o(.bss)
    rx_buffer0                               0x20000336   Data          16  mm32_i2c.o(.bss)
    __initial_sp                             0x20000748   Data           0  startup_mm32f031x8.o(STACK)



==============================================================================

Memory Map of the image

  Image Entry point : 0x080018b5

  Load Region LR_IROM1 (Base: 0x08001800, Size: 0x00005f88, Max: 0x00006800, ABSOLUTE)

    Execution Region ER_IROM1 (Base: 0x08001800, Size: 0x00005f04, Max: 0x00006800, ABSOLUTE)

    Base Addr    Size         Type   Attr      Idx    E Section Name        Object

    0x08001800   0x000000b4   Data   RO          377    RESET               startup_mm32f031x8.o
    0x080018b4   0x00000000   Code   RO          730  * .ARM.Collect$$$$00000000  mc_p.l(entry.o)
    0x080018b4   0x00000004   Code   RO         1026    .ARM.Collect$$$$00000001  mc_p.l(entry2.o)
    0x080018b8   0x00000004   Code   RO         1029    .ARM.Collect$$$$00000004  mc_p.l(entry5.o)
    0x080018bc   0x00000000   Code   RO         1031    .ARM.Collect$$$$00000008  mc_p.l(entry7b.o)
    0x080018bc   0x00000000   Code   RO         1033    .ARM.Collect$$$$0000000A  mc_p.l(entry8b.o)
    0x080018bc   0x00000008   Code   RO         1034    .ARM.Collect$$$$0000000B  mc_p.l(entry9a.o)
    0x080018c4   0x00000000   Code   RO         1036    .ARM.Collect$$$$0000000D  mc_p.l(entry10a.o)
    0x080018c4   0x00000000   Code   RO         1038    .ARM.Collect$$$$0000000F  mc_p.l(entry11a.o)
    0x080018c4   0x00000004   Code   RO         1027    .ARM.Collect$$$$00002712  mc_p.l(entry2.o)
    0x080018c8   0x0000002c   Code   RO            3    .text               config.o
    0x080018f4   0x00000838   Code   RO          136    .text               main.o
    0x0800212c   0x000005c4   Code   RO          166    .text               moto.o
    0x080026f0   0x00000720   Code   RO          190    .text               led.o
    0x08002e10   0x000005b0   Code   RO          213    .text               rtc.o
    0x080033c0   0x000000b8   Code   RO          236    .text               user_it.o
    0x08003478   0x000000c4   Code   RO          262    .text               user_timer.o
    0x0800353c   0x00000298   Code   RO          285    .text               user_uart.o
    0x080037d4   0x00000518   Code   RO          311    .text               mm32_config.o
    0x08003cec   0x0000024c   Code   RO          331    .text               mm32_hard_interface.o
    0x08003f38   0x000003c8   Code   RO          352    .text               mm32_i2c.o
    0x08004300   0x00000058   Code   RO          378    .text               startup_mm32f031x8.o
    0x08004358   0x0000012c   Code   RO          384    .text               system_mm32f031x8.o
    0x08004484   0x00000370   Code   RO          407    .text               hal_adc.o
    0x080047f4   0x00000104   Code   RO          467    .text               hal_exti.o
    0x080048f8   0x00000554   Code   RO          487    .text               hal_flash.o
    0x08004e4c   0x00000210   Code   RO          507    .text               hal_gpio.o
    0x0800505c   0x00000428   Code   RO          527    .text               hal_i2c.o
    0x08005484   0x00000044   Code   RO          550    .text               hal_iwdg.o
    0x080054c8   0x000000b4   Code   RO          570    .text               hal_misc.o
    0x0800557c   0x00000124   Code   RO          590    .text               hal_pwr.o
    0x080056a0   0x000005c4   Code   RO          610    .text               hal_rcc.o
    0x08005c64   0x00000098   Code   RO          652    .text               hal_syscfg.o
    0x08005cfc   0x00000be4   Code   RO          672    .text               hal_tim.o
    0x080068e0   0x00000158   Code   RO          692    .text               hal_uart.o
    0x08006a38   0x0000002c   Code   RO          733    .text               mc_p.l(uidiv.o)
    0x08006a64   0x00000028   Code   RO          735    .text               mc_p.l(idiv.o)
    0x08006a8c   0x00000024   Code   RO          737    .text               mc_p.l(memcpya.o)
    0x08006ab0   0x00000024   Code   RO          739    .text               mc_p.l(memseta.o)
    0x08006ad4   0x0000007a   Code   RO         1004    .text               mf_p.l(fmul.o)
    0x08006b4e   0x0000007c   Code   RO         1006    .text               mf_p.l(fdiv.o)
    0x08006bca   0x00000002   PAD
    0x08006bcc   0x00000164   Code   RO         1008    .text               mf_p.l(dadd.o)
    0x08006d30   0x000000d0   Code   RO         1010    .text               mf_p.l(dmul.o)
    0x08006e00   0x000000f0   Code   RO         1012    .text               mf_p.l(ddiv.o)
    0x08006ef0   0x0000000e   Code   RO         1014    .text               mf_p.l(ffltui.o)
    0x08006efe   0x00000002   PAD
    0x08006f00   0x00000028   Code   RO         1016    .text               mf_p.l(dflti.o)
    0x08006f28   0x0000001c   Code   RO         1018    .text               mf_p.l(dfltui.o)
    0x08006f44   0x0000003c   Code   RO         1020    .text               mf_p.l(dfixui.o)
    0x08006f80   0x00000028   Code   RO         1022    .text               mf_p.l(cdrcmple.o)
    0x08006fa8   0x00000014   Code   RO         1024    .text               mf_p.l(cfrcmple.o)
    0x08006fbc   0x00000060   Code   RO         1041    .text               mc_p.l(uldiv.o)
    0x0800701c   0x00000020   Code   RO         1043    .text               mc_p.l(llshl.o)
    0x0800703c   0x00000022   Code   RO         1045    .text               mc_p.l(llushr.o)
    0x0800705e   0x00000026   Code   RO         1047    .text               mc_p.l(llsshr.o)
    0x08007084   0x00000000   Code   RO         1049    .text               mc_p.l(iusefp.o)
    0x08007084   0x00000082   Code   RO         1050    .text               mf_p.l(fepilogue.o)
    0x08007106   0x000000be   Code   RO         1052    .text               mf_p.l(depilogue.o)
    0x080071c4   0x00000024   Code   RO         1058    .text               mc_p.l(init.o)
    0x080071e8   0x00000020   Code   RO          950    i.__0printf$8       mc_p.l(printf8.o)
    0x08007208   0x0000002e   Code   RO         1054    i.__ARM_clz         mf_p.l(depilogue.o)
    0x08007236   0x0000001c   Code   RO          155    i.__ARM_common_switch8  main.o
    0x08007252   0x0000000e   Code   RO         1062    i.__scatterload_copy  mc_p.l(handlers.o)
    0x08007260   0x00000002   Code   RO         1063    i.__scatterload_null  mc_p.l(handlers.o)
    0x08007262   0x0000000e   Code   RO         1064    i.__scatterload_zeroinit  mc_p.l(handlers.o)
    0x08007270   0x00000428   Code   RO          957    i._printf_core      mc_p.l(printf8.o)
    0x08007698   0x00000020   Code   RO          958    i._printf_post_padding  mc_p.l(printf8.o)
    0x080076b8   0x0000002c   Code   RO          959    i._printf_pre_padding  mc_p.l(printf8.o)
    0x080076e4   0x00000020   Data   RO         1060    Region$$Table       anon$$obj.o


    Execution Region RW_IRAM1 (Base: 0x200000c0, Size: 0x00000688, Max: 0x00001f40, ABSOLUTE)

    Base Addr    Size         Type   Attr      Idx    E Section Name        Object

    0x200000c0   0x00000019   Data   RW          138    .data               main.o
    0x200000d9   0x00000003   PAD
    0x200000dc   0x0000000e   Data   RW          168    .data               moto.o
    0x200000ea   0x00000002   PAD
    0x200000ec   0x00000010   Data   RW          191    .data               led.o
    0x200000fc   0x00000004   Data   RW          214    .data               rtc.o
    0x20000100   0x00000003   Data   RW          237    .data               user_it.o
    0x20000103   0x00000012   Data   RW          354    .data               mm32_i2c.o
    0x20000115   0x00000003   PAD
    0x20000118   0x00000014   Data   RW          385    .data               system_mm32f031x8.o
    0x2000012c   0x00000004   Data   RW          528    .data               hal_i2c.o
    0x20000130   0x00000010   Data   RW          611    .data               hal_rcc.o
    0x20000140   0x00000004   Data   RW         1040    .data               mc_p.l(stdout.o)
    0x20000144   0x00000040   Zero   RW          137    .bss                main.o
    0x20000184   0x00000056   Zero   RW          167    .bss                moto.o
    0x200001da   0x00000040   Zero   RW          263    .bss                user_timer.o
    0x2000021a   0x0000011c   Zero   RW          286    .bss                user_uart.o
    0x20000336   0x00000010   Zero   RW          353    .bss                mm32_i2c.o
    0x20000346   0x00000002   PAD
    0x20000348   0x00000400   Zero   RW          375    STACK               startup_mm32f031x8.o


==============================================================================

Image component sizes


      Code (inc. data)   RO Data    RW Data    ZI Data      Debug   Object Name

        44          0          0          0          0     160951   config.o
       880         30          0          0          0       7294   hal_adc.o
       260         10          0          0          0       2267   hal_exti.o
      1364         54          0          0          0       7342   hal_flash.o
       528          0          0          0          0       4461   hal_gpio.o
      1064         46          0          4          0       7128   hal_i2c.o
        68         12          0          0          0       1277   hal_iwdg.o
       180         12          0          0          0       1628   hal_misc.o
       292          8          0          0          0       1995   hal_pwr.o
      1476         50          0         16          0       8973   hal_rcc.o
       152          6          0          0          0       1268   hal_syscfg.o
      3044        108          0          0          0      22865   hal_tim.o
       344         12          0          0          0       3564   hal_uart.o
      1824         94          0         16          0       3998   led.o
      2132        170          0         25         64       9741   main.o
      1304         40          0          0          0       3116   mm32_config.o
       588         40          0          0          0       2886   mm32_hard_interface.o
       968         26          0         18         16       5145   mm32_i2c.o
      1476         86          0         14         86       3436   moto.o
      1456         16          0          4          0       5234   rtc.o
        88         38        180          0       1024        700   startup_mm32f031x8.o
       300         26          0         20          0       1565   system_mm32f031x8.o
       184          6          0          3          0       1489   user_it.o
       196         12          0          0         64       1821   user_timer.o
       664         14          0          0        284       4758   user_uart.o

    ----------------------------------------------------------------------
     20876        916        212        128       1540     274902   Object Totals
         0          0         32          0          0          0   (incl. Generated)
         0          0          0          8          2          0   (incl. Padding)

    ----------------------------------------------------------------------

      Code (inc. data)   RO Data    RW Data    ZI Data      Debug   Library Member Name

         0          0          0          0          0          0   entry.o
         0          0          0          0          0          0   entry10a.o
         0          0          0          0          0          0   entry11a.o
         8          4          0          0          0          0   entry2.o
         4          0          0          0          0          0   entry5.o
         0          0          0          0          0          0   entry7b.o
         0          0          0          0          0          0   entry8b.o
         8          4          0          0          0          0   entry9a.o
        30          0          0          0          0          0   handlers.o
        40          0          0          0          0         72   idiv.o
        36          8          0          0          0         68   init.o
         0          0          0          0          0          0   iusefp.o
        32          0          0          0          0         68   llshl.o
        38          0          0          0          0         68   llsshr.o
        34          0          0          0          0         68   llushr.o
        36          0          0          0          0         60   memcpya.o
        36          0          0          0          0        100   memseta.o
      1172         52          0          0          0        324   printf8.o
         0          0          0          4          0          0   stdout.o
        44          0          0          0          0         72   uidiv.o
        96          0          0          0          0         84   uldiv.o
        40          2          0          0          0         68   cdrcmple.o
        20          0          0          0          0         68   cfrcmple.o
       356          4          0          0          0        140   dadd.o
       240          6          0          0          0         84   ddiv.o
       236          0          0          0          0        216   depilogue.o
        60         10          0          0          0         68   dfixui.o
        40          6          0          0          0         68   dflti.o
        28          4          0          0          0         68   dfltui.o
       208          6          0          0          0         88   dmul.o
       124          0          0          0          0         72   fdiv.o
       130          0          0          0          0        144   fepilogue.o
        14          0          0          0          0         68   ffltui.o
       122          0          0          0          0         72   fmul.o

    ----------------------------------------------------------------------
      3236        106          0          4          0       2208   Library Totals
         4          0          0          0          0          0   (incl. Padding)

    ----------------------------------------------------------------------

      Code (inc. data)   RO Data    RW Data    ZI Data      Debug   Library Name

      1614         68          0          4          0        984   mc_p.l
      1618         38          0          0          0       1224   mf_p.l

    ----------------------------------------------------------------------
      3236        106          0          4          0       2208   Library Totals

    ----------------------------------------------------------------------

==============================================================================


      Code (inc. data)   RO Data    RW Data    ZI Data      Debug   

     24112       1022        212        132       1540     273946   Grand Totals
     24112       1022        212        132       1540     273946   ELF Image Totals
     24112       1022        212        132          0          0   ROM Totals

==============================================================================

    Total RO  Size (Code + RO Data)                24324 (  23.75kB)
    Total RW  Size (RW Data + ZI Data)              1672 (   1.63kB)
    Total ROM Size (Code + RO Data + RW Data)      24456 (  23.88kB)

==============================================================================

