Component: ARM Compiler 5.05 update 2 (build 169) Tool: armlink [4d0f33]

==============================================================================

Section Cross References

    main.o(.text) refers to moto.o(.text) for moto_P
    main.o(.text) refers to led.o(.text) for led_mode_get_t
    main.o(.text) refers to c32f0xx_uart.o(.text) for UART_Close
    main.o(.text) refers to config.o(.text) for get_gpio
    main.o(.text) refers to user_timer.o(.text) for check_soft_timeout
    main.o(.text) refers to c32f0xx_gpio.o(.text) for GPIO_GetPinState
    main.o(.text) refers to printf3.o(i.__0fprintf$3) for __2fprintf
    main.o(.text) refers to user_uart.o(.text) for WriteUartBuf
    main.o(.text) refers to abnormal_monitoring.o(.text) for EXCEPTION
    main.o(.text) refers to main.o(.data) for kar_state_t
    main.o(.text) refers to user_it.o(.data) for Information_events
    main.o(.text) refers to main.o(.constdata) for __func__
    main.o(.text) refers to stderr.o(.data) for __stderr
    main.o(.text) refers to user_it.o(.text) for get_adc_value
    main.o(.text) refers to rtc.o(.text) for Set_Alarm_Clock
    main.o(.text) refers to memseta.o(.text) for __aeabi_memclr
    main.o(.text) refers to c32f0xx_wdt.o(.text) for WDT_Feed
    main.o(.text) refers to main.o(.bss) for get_Com
    config.o(.text) refers to c32f0xx_sys.o(.text) for SYS_EnablePhrClk
    config.o(.text) refers to c32f0xx_gpio.o(.text) for GPIO_ConfigPinsAsOutput
    config.o(.text) refers to c32f0xx_pwm.o(.text) for PWM_SetDuty
    config.o(.text) refers to c32f0xx_adc.o(.text) for ADC_DeInit
    config.o(.text) refers to c32f0xx_timer.o(.text) for CT16B0_Init
    config.o(.text) refers to c32f0xx_wdt.o(.text) for WDT_SetWindowValue
    config.o(.text) refers to user_uart.o(.text) for UART0_Init
    config.o(.text) refers to c32f0xx_iic.o(.text) for IIC_Init
    config.o(.text) refers to rtc.o(.text) for RTC_Start
    config.o(.text) refers to user_it.o(.text) for clear_all_event
    config.o(.text) refers to led.o(.text) for led_mode_get_t
    config.o(.text) refers to moto.o(.text) for moto_P
    user_it.o(.text) refers to c32f0xx_gpio.o(.text) for GPIO_Read_INTState
    user_it.o(.text) refers to memseta.o(.text) for __aeabi_memclr4
    user_it.o(.text) refers to c32f0xx_sys.o(.text) for SYS_EnablePhrClk
    user_it.o(.text) refers to dfltui.o(.text) for __aeabi_ui2d
    user_it.o(.text) refers to dmul.o(.text) for __aeabi_dmul
    user_it.o(.text) refers to ddiv.o(.text) for __aeabi_ddiv
    user_it.o(.text) refers to dadd.o(.text) for __aeabi_dsub
    user_it.o(.text) refers to dfixui.o(.text) for __aeabi_d2uiz
    user_it.o(.text) refers to ffltui.o(.text) for __aeabi_ui2f
    user_it.o(.text) refers to cfrcmple.o(.text) for __aeabi_cfrcmple
    user_it.o(.text) refers to fadd.o(.text) for __aeabi_fsub
    user_it.o(.text) refers to fdiv.o(.text) for __aeabi_fdiv
    user_it.o(.text) refers to fmul.o(.text) for __aeabi_fmul
    user_it.o(.text) refers to ffixui.o(.text) for __aeabi_f2uiz
    user_it.o(.text) refers to c32f0xx_adc.o(.text) for ADC_GetConversionData
    user_it.o(.text) refers to user_it.o(.data) for Information_events
    user_timer.o(.text) refers to c32f0xx_timer.o(.text) for CT16B0_ClearIntFlag
    user_timer.o(.text) refers to user_timer.o(.bss) for soft_timer
    user_uart.o(.text) refers to c32f0xx_sys.o(.text) for SYS_EnablePhrClk
    user_uart.o(.text) refers to c32f0xx_uart.o(.text) for UART_Open
    user_uart.o(.text) refers to idiv.o(.text) for __aeabi_idivmod
    user_uart.o(.text) refers to memseta.o(.text) for __aeabi_memclr
    user_uart.o(.text) refers to user_uart.o(.bss) for Uart0_Typedef
    led.o(.text) refers to c32f0xx_sys.o(.text) for SYS_EnablePhrClk
    led.o(.text) refers to c32f0xx_gpio.o(.text) for GPIO_ConfigPinsAsOutput
    led.o(.text) refers to c32f0xx_pwm.o(.text) for PWM_SetDuty
    led.o(.text) refers to led.o(i.__ARM_common_switch8) for __ARM_common_switch8
    led.o(.text) refers to user_timer.o(.text) for check_soft_timeout
    led.o(.text) refers to uidiv.o(.text) for __aeabi_uidivmod
    led.o(.text) refers to led.o(.data) for PWM_flag
    rtc.o(.text) refers to c32f0xx_iic.o(.text) for IIC_WriteByte
    rtc.o(.text) refers to user_uart.o(.text) for WriteUartBuf
    rtc.o(.text) refers to rtc.o(.data) for rtc_buf
    moto.o(.text) refers to c32f0xx_gpio.o(.text) for GPIO_ResetPin
    moto.o(.text) refers to c32f0xx_pwm.o(.text) for PWM_SetDuty
    moto.o(.text) refers to user_timer.o(.text) for set_soft_timer
    moto.o(.text) refers to memseta.o(.text) for __aeabi_memclr
    moto.o(.text) refers to led.o(i.__ARM_common_switch8) for __ARM_common_switch8
    moto.o(.text) refers to moto.o(.data) for moto_flag
    moto.o(.text) refers to moto.o(.bss) for MOTO_t
    abnormal_monitoring.o(.text) refers to c32f0xx_gpio.o(.text) for GPIO_ResetPin
[...]
    startup_c32f0xx_s.o(RESET) refers to startup_c32f0xx_s.o(.text) for Reset_Handler
    startup_c32f0xx_s.o(RESET) refers to c32f0xx_iic.o(.text) for TWS_IRQHandler
    startup_c32f0xx_s.o(RESET) refers to user_timer.o(.text) for TIMER16_0_IRQHandler
    startup_c32f0xx_s.o(RESET) refers to user_uart.o(.text) for UART0_IRQHandler
    startup_c32f0xx_s.o(RESET) refers to user_it.o(.text) for ADC_IRQHandler
    startup_c32f0xx_s.o(.text) refers to entry.o(.ARM.Collect$$$$00000000) for __main
    system_c32f0xx.o(.text) refers to uidiv.o(.text) for __aeabi_uidivmod
    system_c32f0xx.o(.text) refers to system_c32f0xx.o(.data) for MainClock
    c32f0xx_sys.o(.text) refers to system_c32f0xx.o(.text) for SystemCoreClockUpdate
    c32f0xx_sys.o(.text) refers to led.o(i.__ARM_common_switch8) for __ARM_common_switch8
    c32f0xx_iap.o(.text) refers to c32f0xx_sys.o(.text) for SYS_SetAHBClkDivider
    c32f0xx_iic.o(.text) refers to uidiv.o(.text) for __aeabi_uidivmod
    c32f0xx_iic.o(.text) refers to c32f0xx_iic.o(.data) for IICMasterBuffer
    c32f0xx_iic.o(.text) refers to system_c32f0xx.o(.data) for SystemCoreClock
    c32f0xx_pwm.o(.text) refers to uidiv.o(.text) for __aeabi_uidivmod
    c32f0xx_pwm.o(.text) refers to led.o(i.__ARM_common_switch8) for __ARM_common_switch8
    c32f0xx_pwm.o(.text) refers to system_c32f0xx.o(.data) for SystemCoreClock
    c32f0xx_timer.o(.text) refers to uidiv.o(.text) for __aeabi_uidivmod
    c32f0xx_timer.o(.text) refers to system_c32f0xx.o(.data) for SystemCoreClock
    c32f0xx_uart.o(.text) refers to uidiv.o(.text) for __aeabi_uidivmod
    c32f0xx_uart.o(.text) refers to system_c32f0xx.o(.data) for MainClock
    c32f0xx_adc.o(.text) refers to uidiv.o(.text) for __aeabi_uidivmod
    c32f0xx_adc.o(.text) refers to system_c32f0xx.o(.data) for SystemCoreClock
    c32f0xx_wdt.o(.text) refers to uidiv.o(.text) for __aeabi_uidivmod
    c32f0xx_wdt.o(.text) refers to system_c32f0xx.o(.data) for MainClock
    entry.o(.ARM.Collect$$$$00000000) refers (Special) to entry10a.o(.ARM.Collect$$$$0000000D) for __rt_final_cpp
    entry.o(.ARM.Collect$$$$00000000) refers (Special) to entry11a.o(.ARM.Collect$$$$0000000F) for __rt_final_exit
    entry.o(.ARM.Collect$$$$00000000) refers (Special) to entry7b.o(.ARM.Collect$$$$00000008) for _main_clock
    entry.o(.ARM.Collect$$$$00000000) refers (Special) to entry8b.o(.ARM.Collect$$$$0000000A) for _main_cpp_init
    entry.o(.ARM.Collect$$$$00000000) refers (Special) to entry9a.o(.ARM.Collect$$$$0000000B) for _main_init
    entry.o(.ARM.Collect$$$$00000000) refers (Special) to entry5.o(.ARM.Collect$$$$00000004) for _main_scatterload
    entry.o(.ARM.Collect$$$$00000000) refers (Special) to entry2.o(.ARM.Collect$$$$00000001) for _main_stk
    idiv.o(.text) refers to uidiv.o(.text) for __aeabi_uidivmod
    printfb.o(i.__0fprintf$bare) refers to printfb.o(i._printf_core) for _printf_core
    printfb.o(i.__0fprintf$bare) refers to user_uart.o(.text) for fputc
    printfb.o(i.__0printf$bare) refers to printfb.o(i._printf_core) for _printf_core
    printfb.o(i.__0printf$bare) refers to user_uart.o(.text) for fputc
    printfb.o(i.__0printf$bare) refers to stdout.o(.data) for __stdout
    printfb.o(i.__0snprintf$bare) refers to printfb.o(i._printf_core) for _printf_core
    printfb.o(i.__0snprintf$bare) refers to printfb.o(i._snputc) for _snputc
    printfb.o(i.__0sprintf$bare) refers to printfb.o(i._printf_core) for _printf_core
    printfb.o(i.__0sprintf$bare) refers to printfb.o(i._sputc) for _sputc
    printfb.o(i.__0vfprintf$bare) refers to printfb.o(i._printf_core) for _printf_core
    printfb.o(i.__0vfprintf$bare) refers to user_uart.o(.text) for fputc
    printfb.o(i.__0vprintf$bare) refers to printfb.o(i._printf_core) for _printf_core
    printfb.o(i.__0vprintf$bare) refers to user_uart.o(.text) for fputc
    printfb.o(i.__0vprintf$bare) refers to stdout.o(.data) for __stdout
    printfb.o(i.__0vsnprintf$bare) refers to printfb.o(i._printf_core) for _printf_core
    printfb.o(i.__0vsnprintf$bare) refers to printfb.o(i._snputc) for _snputc
    printfb.o(i.__0vsprintf$bare) refers to printfb.o(i._printf_core) for _printf_core
    printfb.o(i.__0vsprintf$bare) refers to printfb.o(i._sputc) for _sputc
    printf0.o(i.__0fprintf$0) refers to printf0.o(i._printf_core) for _printf_core
    printf0.o(i.__0fprintf$0) refers to user_uart.o(.text) for fputc
    printf0.o(i.__0printf$0) refers to printf0.o(i._printf_core) for _printf_core
    printf0.o(i.__0printf$0) refers to user_uart.o(.text) for fputc
    printf0.o(i.__0printf$0) refers to stdout.o(.data) for __stdout
    printf0.o(i.__0snprintf$0) refers to printf0.o(i._printf_core) for _printf_core
    printf0.o(i.__0snprintf$0) refers to printf0.o(i._snputc) for _snputc
    printf0.o(i.__0sprintf$0) refers to printf0.o(i._printf_core) for _printf_core
    printf0.o(i.__0sprintf$0) refers to printf0.o(i._sputc) for _sputc
    printf0.o(i.__0vfprintf$0) refers to printf0.o(i._printf_core) for _printf_core
    printf0.o(i.__0vfprintf$0) refers to user_uart.o(.text) for fputc
    printf0.o(i.__0vprintf$0) refers to printf0.o(i._printf_core) for _printf_core
    printf0.o(i.__0vprintf$0) refers to user_uart.o(.text) for fputc
    printf0.o(i.__0vprintf$0) refers to stdout.o(.data) for __stdout
    printf0.o(i.__0vsnprintf$0) refers to printf0.o(i._printf_core) for _printf_core
    printf0.o(i.__0vsnprintf$0) refers to printf0.o(i._snputc) for _snputc
    printf0.o(i.__0vsprintf$0) refers to printf0.o(i._printf_core) for _printf_core
    printf0.o(i.__0vsprintf$0) refers to printf0.o(i._sputc) for _sputc
    printf1.o(i.__0fprintf$1) refers to printf1.o(i._printf_core) for _printf_core
    printf1.o(i.__0fprintf$1) refers to user_uart.o(.text) for fputc
    printf1.o(i.__0printf$1) refers to printf1.o(i._printf_core) for _printf_core
    printf1.o(i.__0printf$1) refers to user_uart.o(.text) for fputc
    printf1.o(i.__0printf$1) refers to stdout.o(.data) for __stdout
    printf1.o(i.__0snprintf$1) refers to printf1.o(i._printf_core) for _printf_core
    printf1.o(i.__0snprintf$1) refers to printf1.o(i._snputc) for _snputc
    printf1.o(i.__0sprintf$1) refers to printf1.o(i._printf_core) for _printf_core
    printf1.o(i.__0sprintf$1) refers to printf1.o(i._sputc) for _sputc
    printf1.o(i.__0vfprintf$1) refers to printf1.o(i._printf_core) for _printf_core
    printf1.o(i.__0vfprintf$1) refers to user_uart.o(.text) for fputc
    printf1.o(i.__0vprintf$1) refers to printf1.o(i._printf_core) for _printf_core
    printf1.o(i.__0vprintf$1) refers to user_uart.o(.text) for fputc
    printf1.o(i.__0vprintf$1) refers to stdout.o(.data) for __stdout
    printf1.o(i.__0vsnprintf$1) refers to printf1.o(i._printf_core) for _printf_core
    printf1.o(i.__0vsnprintf$1) refers to printf1.o(i._snputc) for _snputc
    printf1.o(i.__0vsprintf$1) refers to printf1.o(i._printf_core) for _printf_core
    printf1.o(i.__0vsprintf$1) refers to printf1.o(i._sputc) for _sputc
    printf1.o(i._printf_core) refers to uidiv.o(.text) for __aeabi_uidivmod
    printf2.o(i.__0fprintf$2) refers to printf2.o(i._printf_core) for _printf_core
    printf2.o(i.__0fprintf$2) refers to user_uart.o(.text) for fputc
    printf2.o(i.__0printf$2) refers to printf2.o(i._printf_core) for _printf_core
    printf2.o(i.__0printf$2) refers to user_uart.o(.text) for fputc
    printf2.o(i.__0printf$2) refers to stdout.o(.data) for __stdout
    printf2.o(i.__0snprintf$2) refers to printf2.o(i._printf_core) for _printf_core
    printf2.o(i.__0snprintf$2) refers to printf2.o(i._snputc) for _snputc
    printf2.o(i.__0sprintf$2) refers to printf2.o(i._printf_core) for _printf_core
    printf2.o(i.__0sprintf$2) refers to printf2.o(i._sputc) for _sputc
    printf2.o(i.__0vfprintf$2) refers to printf2.o(i._printf_core) for _printf_core
    printf2.o(i.__0vfprintf$2) refers to user_uart.o(.text) for fputc
    printf2.o(i.__0vprintf$2) refers to printf2.o(i._printf_core) for _printf_core
    printf2.o(i.__0vprintf$2) refers to user_uart.o(.text) for fputc
    printf2.o(i.__0vprintf$2) refers to stdout.o(.data) for __stdout
    printf2.o(i.__0vsnprintf$2) refers to printf2.o(i._printf_core) for _printf_core
    printf2.o(i.__0vsnprintf$2) refers to printf2.o(i._snputc) for _snputc
    printf2.o(i.__0vsprintf$2) refers to printf2.o(i._printf_core) for _printf_core
    printf2.o(i.__0vsprintf$2) refers to printf2.o(i._sputc) for _sputc
    printf3.o(i.__0fprintf$3) refers to printf3.o(i._printf_core) for _printf_core
    printf3.o(i.__0fprintf$3) refers to user_uart.o(.text) for fputc
    printf3.o(i.__0printf$3) refers to printf3.o(i._printf_core) for _printf_core
    printf3.o(i.__0printf$3) refers to user_uart.o(.text) for fputc
    printf3.o(i.__0printf$3) refers to stdout.o(.data) for __stdout
    printf3.o(i.__0snprintf$3) refers to printf3.o(i._printf_core) for _printf_core
    printf3.o(i.__0snprintf$3) refers to printf3.o(i._snputc) for _snputc
    printf3.o(i.__0sprintf$3) refers to printf3.o(i._printf_core) for _printf_core
    printf3.o(i.__0sprintf$3) refers to printf3.o(i._sputc) for _sputc
    printf3.o(i.__0vfprintf$3) refers to printf3.o(i._printf_core) for _printf_core
    printf3.o(i.__0vfprintf$3) refers to user_uart.o(.text) for fputc
    printf3.o(i.__0vprintf$3) refers to printf3.o(i._printf_core) for _printf_core
    printf3.o(i.__0vprintf$3) refers to user_uart.o(.text) for fputc
    printf3.o(i.__0vprintf$3) refers to stdout.o(.data) for __stdout
    printf3.o(i.__0vsnprintf$3) refers to printf3.o(i._printf_core) for _printf_core
    printf3.o(i.__0vsnprintf$3) refers to printf3.o(i._snputc) for _snputc
    printf3.o(i.__0vsprintf$3) refers to printf3.o(i._printf_core) for _printf_core
    printf3.o(i.__0vsprintf$3) refers to printf3.o(i._sputc) for _sputc
    printf3.o(i._printf_core) refers to uidiv.o(.text) for __aeabi_uidivmod
    printf4.o(i.__0fprintf$4) refers to printf4.o(i._printf_core) for _printf_core
    printf4.o(i.__0fprintf$4) refers to user_uart.o(.text) for fputc
    printf4.o(i.__0printf$4) refers to printf4.o(i._printf_core) for _printf_core
    printf4.o(i.__0printf$4) refers to user_uart.o(.text) for fputc
    printf4.o(i.__0printf$4) refers to stdout.o(.data) for __stdout
    printf4.o(i.__0snprintf$4) refers to printf4.o(i._printf_core) for _printf_core
    printf4.o(i.__0snprintf$4) refers to printf4.o(i._snputc) for _snputc
    printf4.o(i.__0sprintf$4) refers to printf4.o(i._printf_core) for _printf_core
    printf4.o(i.__0sprintf$4) refers to printf4.o(i._sputc) for _sputc
    printf4.o(i.__0vfprintf$4) refers to printf4.o(i._printf_core) for _printf_core
    printf4.o(i.__0vfprintf$4) refers to user_uart.o(.text) for fputc
    printf4.o(i.__0vprintf$4) refers to printf4.o(i._printf_core) for _printf_core
    printf4.o(i.__0vprintf$4) refers to user_uart.o(.text) for fputc
    printf4.o(i.__0vprintf$4) refers to stdout.o(.data) for __stdout
    printf4.o(i.__0vsnprintf$4) refers to printf4.o(i._printf_core) for _printf_core
    printf4.o(i.__0vsnprintf$4) refers to printf4.o(i._snputc) for _snputc
    printf4.o(i.__0vsprintf$4) refers to printf4.o(i._printf_core) for _printf_core
    printf4.o(i.__0vsprintf$4) refers to printf4.o(i._sputc) for _sputc
    printf4.o(i._printf_core) refers to uldiv.o(.text) for __aeabi_uldivmod
    printf5.o(i.__0fprintf$5) refers to printf5.o(i._printf_core) for _printf_core
    printf5.o(i.__0fprintf$5) refers to user_uart.o(.text) for fputc
    printf5.o(i.__0printf$5) refers to printf5.o(i._printf_core) for _printf_core
    printf5.o(i.__0printf$5) refers to user_uart.o(.text) for fputc
    printf5.o(i.__0printf$5) refers to stdout.o(.data) for __stdout
    printf5.o(i.__0snprintf$5) refers to printf5.o(i._printf_core) for _printf_core
    printf5.o(i.__0snprintf$5) refers to printf5.o(i._snputc) for _snputc
    printf5.o(i.__0sprintf$5) refers to printf5.o(i._printf_core) for _printf_core
    printf5.o(i.__0sprintf$5) refers to printf5.o(i._sputc) for _sputc
    printf5.o(i.__0vfprintf$5) refers to printf5.o(i._printf_core) for _printf_core
    printf5.o(i.__0vfprintf$5) refers to user_uart.o(.text) for fputc
    printf5.o(i.__0vprintf$5) refers to printf5.o(i._printf_core) for _printf_core
    printf5.o(i.__0vprintf$5) refers to user_uart.o(.text) for fputc
    printf5.o(i.__0vprintf$5) refers to stdout.o(.data) for __stdout
    printf5.o(i.__0vsnprintf$5) refers to printf5.o(i._printf_core) for _printf_core
    printf5.o(i.__0vsnprintf$5) refers to printf5.o(i._snputc) for _snputc
    printf5.o(i.__0vsprintf$5) refers to printf5.o(i._printf_core) for _printf_core
    printf5.o(i.__0vsprintf$5) refers to printf5.o(i._sputc) for _sputc
    printf5.o(i._printf_core) refers to uldiv.o(.text) for __aeabi_uldivmod
    printf6.o(i.__0fprintf$6) refers to printf6.o(i._printf_core) for _printf_core
    printf6.o(i.__0fprintf$6) refers to user_uart.o(.text) for fputc
    printf6.o(i.__0printf$6) refers to printf6.o(i._printf_core) for _printf_core
    printf6.o(i.__0printf$6) refers to user_uart.o(.text) for fputc
    printf6.o(i.__0printf$6) refers to stdout.o(.data) for __stdout
    printf6.o(i.__0snprintf$6) refers to printf6.o(i._printf_core) for _printf_core
    printf6.o(i.__0snprintf$6) refers to printf6.o(i._snputc) for _snputc
    printf6.o(i.__0sprintf$6) refers to printf6.o(i._printf_core) for _printf_core
    printf6.o(i.__0sprintf$6) refers to printf6.o(i._sputc) for _sputc
    printf6.o(i.__0vfprintf$6) refers to printf6.o(i._printf_core) for _printf_core
    printf6.o(i.__0vfprintf$6) refers to user_uart.o(.text) for fputc
    printf6.o(i.__0vprintf$6) refers to printf6.o(i._printf_core) for _printf_core
    printf6.o(i.__0vprintf$6) refers to user_uart.o(.text) for fputc
    printf6.o(i.__0vprintf$6) refers to stdout.o(.data) for __stdout
    printf6.o(i.__0vsnprintf$6) refers to printf6.o(i._printf_core) for _printf_core
    printf6.o(i.__0vsnprintf$6) refers to printf6.o(i._snputc) for _snputc
    printf6.o(i.__0vsprintf$6) refers to printf6.o(i._printf_core) for _printf_core
    printf6.o(i.__0vsprintf$6) refers to printf6.o(i._sputc) for _sputc
    printf6.o(i._printf_core) refers to printf6.o(i._printf_pre_padding) for _printf_pre_padding
    printf6.o(i._printf_core) refers to printf6.o(i._printf_post_padding) for _printf_post_padding
    printf6.o(i._printf_core) refers to uidiv.o(.text) for __aeabi_uidivmod
    printf7.o(i.__0fprintf$7) refers to printf7.o(i._printf_core) for _printf_core
    printf7.o(i.__0fprintf$7) refers to user_uart.o(.text) for fputc
    printf7.o(i.__0printf$7) refers to printf7.o(i._printf_core) for _printf_core
    printf7.o(i.__0printf$7) refers to user_uart.o(.text) for fputc
    printf7.o(i.__0printf$7) refers to stdout.o(.data) for __stdout
    printf7.o(i.__0snprintf$7) refers to printf7.o(i._printf_core) for _printf_core
    printf7.o(i.__0snprintf$7) refers to printf7.o(i._snputc) for _snputc
    printf7.o(i.__0sprintf$7) refers to printf7.o(i._printf_core) for _printf_core
    printf7.o(i.__0sprintf$7) refers to printf7.o(i._sputc) for _sputc
    printf7.o(i.__0vfprintf$7) refers to printf7.o(i._printf_core) for _printf_core
    printf7.o(i.__0vfprintf$7) refers to user_uart.o(.text) for fputc
    printf7.o(i.__0vprintf$7) refers to printf7.o(i._printf_core) for _printf_core
    printf7.o(i.__0vprintf$7) refers to user_uart.o(.text) for fputc
    printf7.o(i.__0vprintf$7) refers to stdout.o(.data) for __stdout
    printf7.o(i.__0vsnprintf$7) refers to printf7.o(i._printf_core) for _printf_core
    printf7.o(i.__0vsnprintf$7) refers to printf7.o(i._snputc) for _snputc
    printf7.o(i.__0vsprintf$7) refers to printf7.o(i._printf_core) for _printf_core
    printf7.o(i.__0vsprintf$7) refers to printf7.o(i._sputc) for _sputc
    printf7.o(i._printf_core) refers to printf7.o(i._printf_pre_padding) for _printf_pre_padding
    printf7.o(i._printf_core) refers to printf7.o(i._printf_post_padding) for _printf_post_padding
    printf7.o(i._printf_core) refers to uldiv.o(.text) for __aeabi_uldivmod
    printf8.o(i.__0fprintf$8) refers to printf8.o(i._printf_core) for _printf_core
    printf8.o(i.__0fprintf$8) refers to user_uart.o(.text) for fputc
    printf8.o(i.__0printf$8) refers to printf8.o(i._printf_core) for _printf_core
    printf8.o(i.__0printf$8) refers to user_uart.o(.text) for fputc
    printf8.o(i.__0printf$8) refers to stdout.o(.data) for __stdout
    printf8.o(i.__0snprintf$8) refers to printf8.o(i._printf_core) for _printf_core
    printf8.o(i.__0snprintf$8) refers to printf8.o(i._snputc) for _snputc
    printf8.o(i.__0sprintf$8) refers to printf8.o(i._printf_core) for _printf_core
    printf8.o(i.__0sprintf$8) refers to printf8.o(i._sputc) for _sputc
    printf8.o(i.__0vfprintf$8) refers to printf8.o(i._printf_core) for _printf_core
    printf8.o(i.__0vfprintf$8) refers to user_uart.o(.text) for fputc
    printf8.o(i.__0vprintf$8) refers to printf8.o(i._printf_core) for _printf_core
    printf8.o(i.__0vprintf$8) refers to user_uart.o(.text) for fputc
    printf8.o(i.__0vprintf$8) refers to stdout.o(.data) for __stdout
    printf8.o(i.__0vsnprintf$8) refers to printf8.o(i._printf_core) for _printf_core
    printf8.o(i.__0vsnprintf$8) refers to printf8.o(i._snputc) for _snputc
    printf8.o(i.__0vsprintf$8) refers to printf8.o(i._printf_core) for _printf_core
    printf8.o(i.__0vsprintf$8) refers to printf8.o(i._sputc) for _sputc
    printf8.o(i._printf_core) refers to printf8.o(i._printf_pre_padding) for _printf_pre_padding
    printf8.o(i._printf_core) refers to printf8.o(i._printf_post_padding) for _printf_post_padding
    printf8.o(i._printf_core) refers to uldiv.o(.text) for __aeabi_uldivmod
    printfa.o(i.__0fprintf) refers (Special) to iusefp.o(.text) for __I$use$fp
    printfa.o(i.__0fprintf) refers to printfa.o(i._printf_core) for _printf_core
    printfa.o(i.__0fprintf) refers to user_uart.o(.text) for fputc
    printfa.o(i.__0printf) refers (Special) to iusefp.o(.text) for __I$use$fp
    printfa.o(i.__0printf) refers to printfa.o(i._printf_core) for _printf_core
    printfa.o(i.__0printf) refers to user_uart.o(.text) for fputc
    printfa.o(i.__0printf) refers to stdout.o(.data) for __stdout
    printfa.o(i.__0snprintf) refers (Special) to iusefp.o(.text) for __I$use$fp
    printfa.o(i.__0snprintf) refers to printfa.o(i._printf_core) for _printf_core
    printfa.o(i.__0snprintf) refers to printfa.o(i._snputc) for _snputc
    printfa.o(i.__0sprintf) refers (Special) to iusefp.o(.text) for __I$use$fp
    printfa.o(i.__0sprintf) refers to printfa.o(i._printf_core) for _printf_core
    printfa.o(i.__0sprintf) refers to printfa.o(i._sputc) for _sputc
    printfa.o(i.__0vfprintf) refers (Special) to iusefp.o(.text) for __I$use$fp
    printfa.o(i.__0vfprintf) refers to printfa.o(i._printf_core) for _printf_core
    printfa.o(i.__0vfprintf) refers to user_uart.o(.text) for fputc
    printfa.o(i.__0vprintf) refers (Special) to iusefp.o(.text) for __I$use$fp
    printfa.o(i.__0vprintf) refers to printfa.o(i._printf_core) for _printf_core
    printfa.o(i.__0vprintf) refers to user_uart.o(.text) for fputc
    printfa.o(i.__0vprintf) refers to stdout.o(.data) for __stdout
    printfa.o(i.__0vsnprintf) refers (Special) to iusefp.o(.text) for __I$use$fp
    printfa.o(i.__0vsnprintf) refers to printfa.o(i._printf_core) for _printf_core
    printfa.o(i.__0vsnprintf) refers to printfa.o(i._snputc) for _snputc
    printfa.o(i.__0vsprintf) refers (Special) to iusefp.o(.text) for __I$use$fp
    printfa.o(i.__0vsprintf) refers to printfa.o(i._printf_core) for _printf_core
    printfa.o(i.__0vsprintf) refers to printfa.o(i._sputc) for _sputc
    printfa.o(i._fp_digits) refers (Special) to iusefp.o(.text) for __I$use$fp
    printfa.o(i._fp_digits) refers to dmul.o(.text) for __aeabi_dmul
    printfa.o(i._fp_digits) refers to ddiv.o(.text) for __aeabi_ddiv
    printfa.o(i._fp_digits) refers to cdrcmple.o(.text) for __aeabi_cdrcmple
    printfa.o(i._fp_digits) refers to dadd.o(.text) for __aeabi_dadd
    printfa.o(i._fp_digits) refers to dfixul.o(.text) for __aeabi_d2ulz
    printfa.o(i._fp_digits) refers to uldiv.o(.text) for __aeabi_uldivmod
    printfa.o(i._printf_core) refers (Special) to iusefp.o(.text) for __I$use$fp
    printfa.o(i._printf_core) refers to printfa.o(i._printf_pre_padding) for _printf_pre_padding
    printfa.o(i._printf_core) refers to uldiv.o(.text) for __aeabi_uldivmod
    printfa.o(i._printf_core) refers to printfa.o(i._printf_post_padding) for _printf_post_padding
    printfa.o(i._printf_core) refers to printfa.o(i._fp_digits) for _fp_digits
    printfa.o(i._printf_core) refers to uidiv.o(.text) for __aeabi_uidivmod
    printfa.o(i._printf_post_padding) refers (Special) to iusefp.o(.text) for __I$use$fp
    printfa.o(i._printf_pre_padding) refers (Special) to iusefp.o(.text) for __I$use$fp
    printfa.o(i._snputc) refers (Special) to iusefp.o(.text) for __I$use$fp
    printfa.o(i._sputc) refers (Special) to iusefp.o(.text) for __I$use$fp
    fadd.o(.text) refers (Special) to iusefp.o(.text) for __I$use$fp
    fadd.o(.text) refers to fepilogue.o(.text) for _float_epilogue
    fmul.o(.text) refers (Special) to iusefp.o(.text) for __I$use$fp
    fdiv.o(.text) refers (Special) to iusefp.o(.text) for __I$use$fp
    fdiv.o(.text) refers to fepilogue.o(.text) for _float_round
    dadd.o(.text) refers (Special) to iusefp.o(.text) for __I$use$fp
    dadd.o(.text) refers to llshl.o(.text) for __aeabi_llsl
    dadd.o(.text) refers to llsshr.o(.text) for __aeabi_lasr
    dadd.o(.text) refers to depilogue.o(.text) for _double_epilogue
    dmul.o(.text) refers (Special) to iusefp.o(.text) for __I$use$fp
    dmul.o(.text) refers to depilogue.o(.text) for _double_epilogue
    ddiv.o(.text) refers (Special) to iusefp.o(.text) for __I$use$fp
    ddiv.o(.text) refers to depilogue.o(.text) for _double_round
    ffltui.o(.text) refers (Special) to iusefp.o(.text) for __I$use$fp
    ffltui.o(.text) refers to fepilogue.o(.text) for _float_epilogue
    dfltui.o(.text) refers (Special) to iusefp.o(.text) for __I$use$fp
    dfltui.o(.text) refers to depilogue.o(.text) for _double_epilogue
    ffixui.o(.text) refers (Special) to iusefp.o(.text) for __I$use$fp
    dfixui.o(.text) refers (Special) to iusefp.o(.text) for __I$use$fp
    dfixui.o(.text) refers to llushr.o(.text) for __aeabi_llsr
    cfrcmple.o(.text) refers (Special) to iusefp.o(.text) for __I$use$fp
    entry2.o(.ARM.Collect$$$$00000001) refers to entry2.o(.ARM.Collect$$$$00002712) for __lit__00000000
    entry2.o(.ARM.Collect$$$$00002712) refers to startup_c32f0xx_s.o(STACK) for __initial_sp
    entry2.o(__vectab_stack_and_reset_area) refers to startup_c32f0xx_s.o(STACK) for __initial_sp
    entry2.o(__vectab_stack_and_reset_area) refers to entry.o(.ARM.Collect$$$$00000000) for __main
    entry5.o(.ARM.Collect$$$$00000004) refers to init.o(.text) for __scatterload
    entry9a.o(.ARM.Collect$$$$0000000B) refers to main.o(.text) for main
    entry9b.o(.ARM.Collect$$$$0000000C) refers to main.o(.text) for main
    uldiv.o(.text) refers to llushr.o(.text) for __aeabi_llsr
    uldiv.o(.text) refers to llshl.o(.text) for __aeabi_llsl
    depilogue.o(.text) refers to depilogue.o(i.__ARM_clz) for __ARM_clz
    depilogue.o(.text) refers to llshl.o(.text) for __aeabi_llsl
    depilogue.o(.text) refers to llushr.o(.text) for __aeabi_llsr
    dfixul.o(.text) refers to llushr.o(.text) for __aeabi_llsr
    dfixul.o(.text) refers to llshl.o(.text) for __aeabi_llsl
    init.o(.text) refers to entry5.o(.ARM.Collect$$$$00000004) for __main_after_scatterload


==============================================================================

Removing Unused input sections from the image.

    Removing main.o(.emb_text), (8 bytes).
    Removing config.o(.emb_text), (8 bytes).
    Removing user_it.o(.emb_text), (8 bytes).
    Removing user_timer.o(.emb_text), (8 bytes).
    Removing user_uart.o(.emb_text), (8 bytes).
    Removing led.o(.emb_text), (8 bytes).
    Removing rtc.o(.emb_text), (8 bytes).
    Removing moto.o(.emb_text), (8 bytes).
    Removing abnormal_monitoring.o(.emb_text), (8 bytes).
    Removing startup_c32f0xx_s.o(HEAP), (256 bytes).
    Removing system_c32f0xx.o(.emb_text), (8 bytes).
    Removing c32f0xx_sys.o(.emb_text), (8 bytes).
    Removing c32f0xx_gpio.o(.emb_text), (8 bytes).
    Removing c32f0xx_iap.o(.emb_text), (8 bytes).
    Removing c32f0xx_iap.o(.text), (128 bytes).
    Removing c32f0xx_iic.o(.emb_text), (8 bytes).
    Removing c32f0xx_pwm.o(.emb_text), (8 bytes).
    Removing c32f0xx_timer.o(.emb_text), (8 bytes).
    Removing c32f0xx_uart.o(.emb_text), (8 bytes).
    Removing c32f0xx_adc.o(.emb_text), (8 bytes).
    Removing c32f0xx_wdt.o(.emb_text), (8 bytes).
    Removing dfixul.o(.text), (64 bytes).
    Removing cdrcmple.o(.text), (40 bytes).

23 unused section(s) (total 640 bytes) removed from the image.

==============================================================================

Image Symbol Table

    Local Symbols

    Symbol Name                              Value     Ov Type        Size  Object(Section)

    RESET                                    0x00000000   Section      192  startup_c32f0xx_s.o(RESET)
    ../clib/microlib/division.c              0x00000000   Number         0  uidiv.o ABSOLUTE
    ../clib/microlib/division.c              0x00000000   Number         0  idiv.o ABSOLUTE
    ../clib/microlib/division.c              0x00000000   Number         0  uldiv.o ABSOLUTE
    ../clib/microlib/init/entry.s            0x00000000   Number         0  entry5.o ABSOLUTE
    ../clib/microlib/init/entry.s            0x00000000   Number         0  entry2.o ABSOLUTE
    ../clib/microlib/init/entry.s            0x00000000   Number         0  entry.o ABSOLUTE
    ../clib/microlib/init/entry.s            0x00000000   Number         0  entry9a.o ABSOLUTE
    ../clib/microlib/init/entry.s            0x00000000   Number         0  entry11b.o ABSOLUTE
    ../clib/microlib/init/entry.s            0x00000000   Number         0  entry11a.o ABSOLUTE
    ../clib/microlib/init/entry.s            0x00000000   Number         0  entry10b.o ABSOLUTE
    ../clib/microlib/init/entry.s            0x00000000   Number         0  entry10a.o ABSOLUTE
    ../clib/microlib/init/entry.s            0x00000000   Number         0  entry9b.o ABSOLUTE
    ../clib/microlib/init/entry.s            0x00000000   Number         0  entry8b.o ABSOLUTE
    ../clib/microlib/init/entry.s            0x00000000   Number         0  entry8a.o ABSOLUTE
    ../clib/microlib/init/entry.s            0x00000000   Number         0  entry7b.o ABSOLUTE
    ../clib/microlib/init/entry.s            0x00000000   Number         0  entry7a.o ABSOLUTE
    ../clib/microlib/longlong.c              0x00000000   Number         0  llushr.o ABSOLUTE
    ../clib/microlib/longlong.c              0x00000000   Number         0  llsshr.o ABSOLUTE
    ../clib/microlib/longlong.c              0x00000000   Number         0  llshl.o ABSOLUTE
    ../clib/microlib/printf/printf.c         0x00000000   Number         0  printf3.o ABSOLUTE
    ../clib/microlib/printf/printf.c         0x00000000   Number         0  printf2.o ABSOLUTE
    ../clib/microlib/printf/printf.c         0x00000000   Number         0  printf1.o ABSOLUTE
    ../clib/microlib/printf/printf.c         0x00000000   Number         0  printf0.o ABSOLUTE
    ../clib/microlib/printf/printf.c         0x00000000   Number         0  printfb.o ABSOLUTE
    ../clib/microlib/printf/printf.c         0x00000000   Number         0  printf7.o ABSOLUTE
    ../clib/microlib/printf/printf.c         0x00000000   Number         0  printfa.o ABSOLUTE
    ../clib/microlib/printf/printf.c         0x00000000   Number         0  printf8.o ABSOLUTE
    ../clib/microlib/printf/printf.c         0x00000000   Number         0  printf6.o ABSOLUTE
    ../clib/microlib/printf/printf.c         0x00000000   Number         0  printf5.o ABSOLUTE
    ../clib/microlib/printf/printf.c         0x00000000   Number         0  printf4.o ABSOLUTE
    ../clib/microlib/printf/stubs.s          0x00000000   Number         0  stubs.o ABSOLUTE
    ../clib/microlib/stdio/streams.c         0x00000000   Number         0  stderr.o ABSOLUTE
    ../clib/microlib/stdio/streams.c         0x00000000   Number         0  stdout.o ABSOLUTE
    ../clib/microlib/string/memset.c         0x00000000   Number         0  memseta.o ABSOLUTE
    ../clib/microlib/stubs.s                 0x00000000   Number         0  iusefp.o ABSOLUTE
    ../fplib/microlib/fpadd.c                0x00000000   Number         0  dadd.o ABSOLUTE
    ../fplib/microlib/fpadd.c                0x00000000   Number         0  fadd.o ABSOLUTE
    ../fplib/microlib/fpdiv.c                0x00000000   Number         0  ddiv.o ABSOLUTE
    ../fplib/microlib/fpdiv.c                0x00000000   Number         0  fdiv.o ABSOLUTE
    ../fplib/microlib/fpepilogue.c           0x00000000   Number         0  depilogue.o ABSOLUTE
    ../fplib/microlib/fpepilogue.c           0x00000000   Number         0  fepilogue.o ABSOLUTE
    ../fplib/microlib/fpfix.c                0x00000000   Number         0  dfixul.o ABSOLUTE
    ../fplib/microlib/fpfix.c                0x00000000   Number         0  dfixui.o ABSOLUTE
    ../fplib/microlib/fpfix.c                0x00000000   Number         0  ffixui.o ABSOLUTE
    ../fplib/microlib/fpflt.c                0x00000000   Number         0  dfltui.o ABSOLUTE
    ../fplib/microlib/fpflt.c                0x00000000   Number         0  ffltui.o ABSOLUTE
    ../fplib/microlib/fpmul.c                0x00000000   Number         0  dmul.o ABSOLUTE
    ../fplib/microlib/fpmul.c                0x00000000   Number         0  fmul.o ABSOLUTE
    ..\C32F0xx_library\Core\CM0\DeviceSupport\C32F0xx\startup\arm\startup_c32f0xx_s.s 0x00000000   Number         0  startup_c32f0xx_s.o ABSOLUTE
    ..\C32F0xx_library\Core\CM0\DeviceSupport\C32F0xx\system_c32f0xx.c 0x00000000   Number         0  system_c32f0xx.o ABSOLUTE
    ..\C32F0xx_library\Drivers\source\c32f0xx_adc.c 0x00000000   Number         0  c32f0xx_adc.o ABSOLUTE
    ..\C32F0xx_library\Drivers\source\c32f0xx_gpio.c 0x00000000   Number         0  c32f0xx_gpio.o ABSOLUTE
    ..\C32F0xx_library\Drivers\source\c32f0xx_iap.c 0x00000000   Number         0  c32f0xx_iap.o ABSOLUTE
    ..\C32F0xx_library\Drivers\source\c32f0xx_iic.c 0x00000000   Number         0  c32f0xx_iic.o ABSOLUTE
    ..\C32F0xx_library\Drivers\source\c32f0xx_pwm.c 0x00000000   Number         0  c32f0xx_pwm.o ABSOLUTE
    ..\C32F0xx_library\Drivers\source\c32f0xx_sys.c 0x00000000   Number         0  c32f0xx_sys.o ABSOLUTE
    ..\C32F0xx_library\Drivers\source\c32f0xx_timer.c 0x00000000   Number         0  c32f0xx_timer.o ABSOLUTE
    ..\C32F0xx_library\Drivers\source\c32f0xx_uart.c 0x00000000   Number         0  c32f0xx_uart.o ABSOLUTE
    ..\C32F0xx_library\Drivers\source\c32f0xx_wdt.c 0x00000000   Number         0  c32f0xx_wdt.o ABSOLUTE
    ..\\C32F0xx_library\\Core\\CM0\\DeviceSupport\\C32F0xx\\system_c32f0xx.c 0x00000000   Number         0  system_c32f0xx.o ABSOLUTE
    ..\\C32F0xx_library\\Drivers\\source\\c32f0xx_adc.c 0x00000000   Number         0  c32f0xx_adc.o ABSOLUTE
    ..\\C32F0xx_library\\Drivers\\source\\c32f0xx_gpio.c 0x00000000   Number         0  c32f0xx_gpio.o ABSOLUTE
    ..\\C32F0xx_library\\Drivers\\source\\c32f0xx_iap.c 0x00000000   Number         0  c32f0xx_iap.o ABSOLUTE
    ..\\C32F0xx_library\\Drivers\\source\\c32f0xx_iic.c 0x00000000   Number         0  c32f0xx_iic.o ABSOLUTE
    ..\\C32F0xx_library\\Drivers\\source\\c32f0xx_pwm.c 0x00000000   Number         0  c32f0xx_pwm.o ABSOLUTE
    ..\\C32F0xx_library\\Drivers\\source\\c32f0xx_sys.c 0x00000000   Number         0  c32f0xx_sys.o ABSOLUTE
    ..\\C32F0xx_library\\Drivers\\source\\c32f0xx_timer.c 0x00000000   Number         0  c32f0xx_timer.o ABSOLUTE
    ..\\C32F0xx_library\\Drivers\\source\\c32f0xx_uart.c 0x00000000   Number         0  c32f0xx_uart.o ABSOLUTE
    ..\\C32F0xx_library\\Drivers\\source\\c32f0xx_wdt.c 0x00000000   Number         0  c32f0xx_wdt.o ABSOLUTE
    ..\\user\\Abnormal_Monitoring.c          0x00000000   Number         0  abnormal_monitoring.o ABSOLUTE
    ..\\user\\config.c                       0x00000000   Number         0  config.o ABSOLUTE
    ..\\user\\led.c                          0x00000000   Number         0  led.o ABSOLUTE
    ..\\user\\main.c                         0x00000000   Number         0  main.o ABSOLUTE
    ..\\user\\moto.c                         0x00000000   Number         0  moto.o ABSOLUTE
    ..\\user\\rtc.c                          0x00000000   Number         0  rtc.o ABSOLUTE
    ..\\user\\user_it.c                      0x00000000   Number         0  user_it.o ABSOLUTE
    ..\\user\\user_timer.c                   0x00000000   Number         0  user_timer.o ABSOLUTE
    ..\\user\\user_uart.c                    0x00000000   Number         0  user_uart.o ABSOLUTE
    ..\user\Abnormal_Monitoring.c            0x00000000   Number         0  abnormal_monitoring.o ABSOLUTE
    ..\user\config.c                         0x00000000   Number         0  config.o ABSOLUTE
    ..\user\led.c                            0x00000000   Number         0  led.o ABSOLUTE
    ..\user\main.c                           0x00000000   Number         0  main.o ABSOLUTE
    ..\user\moto.c                           0x00000000   Number         0  moto.o ABSOLUTE
    ..\user\power_management.c               0x00000000   Number         0  power_management.o ABSOLUTE
    ..\user\rtc.c                            0x00000000   Number         0  rtc.o ABSOLUTE
    ..\user\user_it.c                        0x00000000   Number         0  user_it.o ABSOLUTE
    ..\user\user_timer.c                     0x00000000   Number         0  user_timer.o ABSOLUTE
    ..\user\user_uart.c                      0x00000000   Number         0  user_uart.o ABSOLUTE
    cdrcmple.s                               0x00000000   Number         0  cdrcmple.o ABSOLUTE
    cfrcmple.s                               0x00000000   Number         0  cfrcmple.o ABSOLUTE
    dc.s                                     0x00000000   Number         0  dc.o ABSOLUTE
    handlers.s                               0x00000000   Number         0  handlers.o ABSOLUTE
    init.s                                   0x00000000   Number         0  init.o ABSOLUTE
    .ARM.Collect$$$$00000000                 0x000000c0   Section        0  entry.o(.ARM.Collect$$$$00000000)
    .ARM.Collect$$$$00000001                 0x000000c0   Section        4  entry2.o(.ARM.Collect$$$$00000001)
    .ARM.Collect$$$$00000004                 0x000000c4   Section        4  entry5.o(.ARM.Collect$$$$00000004)
    .ARM.Collect$$$$00000008                 0x000000c8   Section        0  entry7b.o(.ARM.Collect$$$$00000008)
    .ARM.Collect$$$$0000000A                 0x000000c8   Section        0  entry8b.o(.ARM.Collect$$$$0000000A)
    .ARM.Collect$$$$0000000B                 0x000000c8   Section        8  entry9a.o(.ARM.Collect$$$$0000000B)
    .ARM.Collect$$$$0000000D                 0x000000d0   Section        0  entry10a.o(.ARM.Collect$$$$0000000D)
    .ARM.Collect$$$$0000000F                 0x000000d0   Section        0  entry11a.o(.ARM.Collect$$$$0000000F)
    .ARM.Collect$$$$00002712                 0x000000d0   Section        4  entry2.o(.ARM.Collect$$$$00002712)
    __lit__00000000                          0x000000d0   Data           4  entry2.o(.ARM.Collect$$$$00002712)
    .text                                    0x000000d4   Section        0  main.o(.text)
    kar_off                                  0x00000119   Thumb Code    74  main.o(.text)
    kar_on                                   0x00000163   Thumb Code    68  main.o(.text)
    power_key_event                          0x000001a7   Thumb Code   198  main.o(.text)
    power_OFF_ON                             0x0000026d   Thumb Code   254  main.o(.text)
    Handler_event                            0x0000036b   Thumb Code   250  main.o(.text)
    get_kar_run_state                        0x00000465   Thumb Code   200  main.o(.text)
    bat_monitoring                           0x0000052d   Thumb Code   142  main.o(.text)
    kar_connect                              0x000005bb   Thumb Code   166  main.o(.text)
    .text                                    0x000006c0   Section        0  config.o(.text)
    pwm_init_t                               0x0000092b   Thumb Code    46  config.o(.text)
    adc_init_t                               0x00000959   Thumb Code    68  config.o(.text)
    timer0_init_t                            0x0000099d   Thumb Code    54  config.o(.text)
    NVIC_EnableIRQ                           0x00000a75   Thumb Code    14  config.o(.text)
    NVIC_DisableIRQ                          0x00000a83   Thumb Code    16  config.o(.text)
    NVIC_SetPriority                         0x00000a93   Thumb Code   110  config.o(.text)
    .text                                    0x00000b20   Section        0  user_it.o(.text)
    .text                                    0x00000e88   Section        0  user_timer.o(.text)
    .text                                    0x00000f24   Section        0  user_uart.o(.text)
    get_len                                  0x000010b7   Thumb Code    18  user_uart.o(.text)
    get_head                                 0x000010c9   Thumb Code    56  user_uart.o(.text)
    get_buffer_data                          0x00001101   Thumb Code    36  user_uart.o(.text)
    NVIC_SetPriority                         0x0000120f   Thumb Code   110  user_uart.o(.text)
    .text                                    0x00001290   Section        0  led.o(.text)
    led_set_x                                0x00001291   Thumb Code   402  led.o(.text)
    led_set_x_pwm                            0x00001423   Thumb Code   198  led.o(.text)
    led_set_y                                0x000014e9   Thumb Code   240  led.o(.text)
    aperture_all_breathe                     0x000015d9   Thumb Code   150  led.o(.text)
    aperture_all_on                          0x0000166f   Thumb Code    16  led.o(.text)
    aperture_all_off                         0x0000167f   Thumb Code    16  led.o(.text)
    aperture_clockwise_run                   0x0000168f   Thumb Code   134  led.o(.text)
    aperture_anticlockwise_run               0x00001715   Thumb Code   158  led.o(.text)
    aperture_double_run                      0x000017b3   Thumb Code   172  led.o(.text)
    aperture_all_blink                       0x0000185f   Thumb Code   116  led.o(.text)
    .text                                    0x00001998   Section        0  rtc.o(.text)
    RTC_BinToBcd2                            0x00001999   Thumb Code    28  rtc.o(.text)
    RTC_Bcd2ToBin                            0x000019b5   Thumb Code    26  rtc.o(.text)
    RTC_Write_Byte                           0x000019cf   Thumb Code    18  rtc.o(.text)
    RTC_Read_Byte                            0x000019e1   Thumb Code    14  rtc.o(.text)
    RTC_Write_nByte                          0x000019ef   Thumb Code    22  rtc.o(.text)
    RTC_Read_nByte                           0x00001a05   Thumb Code    22  rtc.o(.text)
    .text                                    0x00001e6c   Section        0  moto.o(.text)
    moto_D                                   0x00001e9f   Thumb Code    40  moto.o(.text)
    moto_R_D                                 0x00001ec7   Thumb Code    38  moto.o(.text)
    moto_L_D                                 0x00001eed   Thumb Code    38  moto.o(.text)
    moto_R_H                                 0x00001f13   Thumb Code    38  moto.o(.text)
    moto_L_H                                 0x00001f39   Thumb Code    38  moto.o(.text)
    moto_H                                   0x00001f5f   Thumb Code    40  moto.o(.text)
    moto_R_T                                 0x00001f87   Thumb Code    40  moto.o(.text)
    moto_L_T                                 0x00001faf   Thumb Code    40  moto.o(.text)
    moto_set_model                           0x00001fd7   Thumb Code    84  moto.o(.text)
    .text                                    0x00002164   Section        0  abnormal_monitoring.o(.text)
    .text                                    0x00002228   Section       20  startup_c32f0xx_s.o(.text)
    .text                                    0x0000223c   Section        0  system_c32f0xx.o(.text)
    .text                                    0x00002260   Section        0  c32f0xx_sys.o(.text)
    .text                                    0x00002698   Section        0  c32f0xx_gpio.o(.text)
    .text                                    0x0000274c   Section        0  c32f0xx_iic.o(.text)
    .text                                    0x00002da8   Section        0  c32f0xx_pwm.o(.text)
    .text                                    0x000033c0   Section        0  c32f0xx_timer.o(.text)
    .text                                    0x000038f8   Section        0  c32f0xx_uart.o(.text)
    NVIC_DisableIRQ                          0x00003bb9   Thumb Code    14  c32f0xx_uart.o(.text)
    .text                                    0x00003bdc   Section        0  c32f0xx_adc.o(.text)
    .text                                    0x00003e64   Section        0  c32f0xx_wdt.o(.text)
    .text                                    0x00003fac   Section        0  uidiv.o(.text)
    .text                                    0x00003fd8   Section        0  idiv.o(.text)
    .text                                    0x00004000   Section        0  memseta.o(.text)
    .text                                    0x00004024   Section        0  fadd.o(.text)
    .text                                    0x000040d6   Section        0  fmul.o(.text)
    .text                                    0x00004150   Section        0  fdiv.o(.text)
    .text                                    0x000041cc   Section        0  dadd.o(.text)
    .text                                    0x00004330   Section        0  dmul.o(.text)
    .text                                    0x00004400   Section        0  ddiv.o(.text)
    .text                                    0x000044f0   Section        0  ffltui.o(.text)
    .text                                    0x00004500   Section        0  dfltui.o(.text)
    .text                                    0x0000451c   Section        0  ffixui.o(.text)
    .text                                    0x00004544   Section        0  dfixui.o(.text)
    .text                                    0x00004580   Section       20  cfrcmple.o(.text)
    .text                                    0x00004594   Section        0  llshl.o(.text)
    .text                                    0x000045b4   Section        0  llushr.o(.text)
    .text                                    0x000045d6   Section        0  llsshr.o(.text)
    .text                                    0x000045fc   Section        0  iusefp.o(.text)
    .text                                    0x000045fc   Section        0  fepilogue.o(.text)
    .text                                    0x0000467e   Section        0  depilogue.o(.text)
    .text                                    0x0000473c   Section       36  init.o(.text)
    i.__0fprintf$3                           0x00004760   Section        0  printf3.o(i.__0fprintf$3)
    i.__ARM_clz                              0x0000477c   Section        0  depilogue.o(i.__ARM_clz)
    i.__ARM_common_switch8                   0x000047aa   Section        0  led.o(i.__ARM_common_switch8)
    i.__scatterload_copy                     0x000047c6   Section       14  handlers.o(i.__scatterload_copy)
    i.__scatterload_null                     0x000047d4   Section        2  handlers.o(i.__scatterload_null)
    i.__scatterload_zeroinit                 0x000047d6   Section       14  handlers.o(i.__scatterload_zeroinit)
    i._printf_core                           0x000047e4   Section        0  printf3.o(i._printf_core)
    _printf_core                             0x000047e5   Thumb Code   456  printf3.o(i._printf_core)
    .constdata                               0x000049b0   Section       16  main.o(.constdata)
    __func__                                 0x000049b0   Data          16  main.o(.constdata)
    .data                                    0x10000000   Section        9  main.o(.data)
    kar_state                                0x10000000   Data           1  main.o(.data)
    kar_state_t                              0x10000001   Data           1  main.o(.data)
    key_event                                0x10000002   Data           1  main.o(.data)
    key_timer                                0x10000004   Data           2  main.o(.data)
    bat_value                                0x10000006   Data           1  main.o(.data)
    bat_alarm_flag                           0x10000007   Data           1  main.o(.data)
    rest_WDT_flag                            0x10000008   Data           1  main.o(.data)
    .data                                    0x1000000c   Section        9  user_it.o(.data)
    ad_falg                                  0x1000000f   Data           1  user_it.o(.data)
    adValue                                  0x10000010   Data           4  user_it.o(.data)
    bat_value                                0x10000014   Data           1  user_it.o(.data)
    .data                                    0x10000018   Section       16  led.o(.data)
    led_x                                    0x10000018   Data           1  led.o(.data)
    led_y                                    0x10000019   Data           1  led.o(.data)
    pwm_duty                                 0x1000001a   Data           1  led.o(.data)
    PWM_flag                                 0x1000001b   Data           1  led.o(.data)
    led_flag                                 0x1000001c   Data           1  led.o(.data)
    .data                                    0x10000028   Section        4  rtc.o(.data)
    .data                                    0x1000002c   Section        1  moto.o(.data)
    moto_flag                                0x1000002c   Data           1  moto.o(.data)
    .data                                    0x1000002d   Section        2  abnormal_monitoring.o(.data)
    .data                                    0x10000030   Section        8  system_c32f0xx.o(.data)
    .data                                    0x10000038   Section       49  c32f0xx_iic.o(.data)
    IICMasterBuffer                          0x10000038   Data           8  c32f0xx_iic.o(.data)
    IICSlaveBuffer                           0x10000040   Data           8  c32f0xx_iic.o(.data)
    IICMasterState                           0x10000048   Data           1  c32f0xx_iic.o(.data)
    IICReadLength                            0x1000004c   Data           4  c32f0xx_iic.o(.data)
    IICWriteLength                           0x10000050   Data           4  c32f0xx_iic.o(.data)
    RdIndex                                  0x10000054   Data           4  c32f0xx_iic.o(.data)
    WrIndex                                  0x10000058   Data           4  c32f0xx_iic.o(.data)
    Restart                                  0x1000005c   Data           4  c32f0xx_iic.o(.data)
    Re_Start                                 0x10000060   Data           1  c32f0xx_iic.o(.data)
    SelAddr                                  0x10000064   Data           4  c32f0xx_iic.o(.data)
    data_tmp                                 0x10000068   Data           1  c32f0xx_iic.o(.data)
    .data                                    0x1000006c   Section        4  stderr.o(.data)
    .bss                                     0x10000070   Section       10  main.o(.bss)
    get_Com                                  0x10000070   Data          10  main.o(.bss)
    .bss                                     0x1000007a   Section       44  user_timer.o(.bss)
    .bss                                     0x100000a6   Section      284  user_uart.o(.bss)
    .bss                                     0x100001c2   Section       86  moto.o(.bss)
    STACK                                    0x10000218   Section      512  startup_c32f0xx_s.o(STACK)

    Global Symbols

    Symbol Name                              Value     Ov Type        Size  Object(Section)

    BuildAttributes$$THM_ISAv3M$S$PE$A:L22$X:L11$S22$IEEE1$IW$USESV6$~STKCKD$USESV7$~SHL$OTIME$ROPI$EBA8$MICROLIB$REQ8$PRES8$EABIv2 0x00000000   Number         0  anon$$obj.o ABSOLUTE
    __ARM_use_no_argv                        0x00000000   Number         0  main.o ABSOLUTE
    __Vectors                                0x00000000   Data           4  startup_c32f0xx_s.o(RESET)
    _printf_a                                0x00000000   Number         0  stubs.o ABSOLUTE
    _printf_c                                0x00000000   Number         0  stubs.o ABSOLUTE
    _printf_charcount                        0x00000000   Number         0  stubs.o ABSOLUTE
    _printf_d                                0x00000000   Number         0  stubs.o ABSOLUTE
    _printf_e                                0x00000000   Number         0  stubs.o ABSOLUTE
    _printf_f                                0x00000000   Number         0  stubs.o ABSOLUTE
    _printf_flags                            0x00000000   Number         0  stubs.o ABSOLUTE
    _printf_fp_dec                           0x00000000   Number         0  stubs.o ABSOLUTE
    _printf_fp_hex                           0x00000000   Number         0  stubs.o ABSOLUTE
    _printf_g                                0x00000000   Number         0  stubs.o ABSOLUTE
    _printf_i                                0x00000000   Number         0  stubs.o ABSOLUTE
    _printf_int_dec                          0x00000000   Number         0  stubs.o ABSOLUTE
    _printf_l                                0x00000000   Number         0  stubs.o ABSOLUTE
    _printf_lc                               0x00000000   Number         0  stubs.o ABSOLUTE
    _printf_ll                               0x00000000   Number         0  stubs.o ABSOLUTE
    _printf_lld                              0x00000000   Number         0  stubs.o ABSOLUTE
    _printf_lli                              0x00000000   Number         0  stubs.o ABSOLUTE
    _printf_llo                              0x00000000   Number         0  stubs.o ABSOLUTE
    _printf_llu                              0x00000000   Number         0  stubs.o ABSOLUTE
    _printf_llx                              0x00000000   Number         0  stubs.o ABSOLUTE
    _printf_longlong_dec                     0x00000000   Number         0  stubs.o ABSOLUTE
    _printf_longlong_hex                     0x00000000   Number         0  stubs.o ABSOLUTE
    _printf_longlong_oct                     0x00000000   Number         0  stubs.o ABSOLUTE
    _printf_ls                               0x00000000   Number         0  stubs.o ABSOLUTE
    _printf_mbtowc                           0x00000000   Number         0  stubs.o ABSOLUTE
    _printf_n                                0x00000000   Number         0  stubs.o ABSOLUTE
    _printf_o                                0x00000000   Number         0  stubs.o ABSOLUTE
    _printf_p                                0x00000000   Number         0  stubs.o ABSOLUTE
    _printf_percent                          0x00000000   Number         0  stubs.o ABSOLUTE
    _printf_pre_padding                      0x00000000   Number         0  stubs.o ABSOLUTE
    _printf_return_value                     0x00000000   Number         0  stubs.o ABSOLUTE
    _printf_s                                0x00000000   Number         0  stubs.o ABSOLUTE
    _printf_sizespec                         0x00000000   Number         0  stubs.o ABSOLUTE
    _printf_str                              0x00000000   Number         0  stubs.o ABSOLUTE
    _printf_truncate_signed                  0x00000000   Number         0  stubs.o ABSOLUTE
    _printf_truncate_unsigned                0x00000000   Number         0  stubs.o ABSOLUTE
    _printf_u                                0x00000000   Number         0  stubs.o ABSOLUTE
    _printf_wc                               0x00000000   Number         0  stubs.o ABSOLUTE
    _printf_wctomb                           0x00000000   Number         0  stubs.o ABSOLUTE
    _printf_widthprec                        0x00000000   Number         0  stubs.o ABSOLUTE
    _printf_x                                0x00000000   Number         0  stubs.o ABSOLUTE
    __cpp_initialize__aeabi_                  - Undefined Weak Reference
    __cxa_finalize                            - Undefined Weak Reference
    __decompress                              - Undefined Weak Reference
    _clock_init                               - Undefined Weak Reference
    _microlib_exit                            - Undefined Weak Reference
    __Vectors_End                            0x000000c0   Data           0  startup_c32f0xx_s.o(RESET)
    __Vectors_Size                           0x000000c0   Number         0  startup_c32f0xx_s.o ABSOLUTE
    __main                                   0x000000c1   Thumb Code     0  entry.o(.ARM.Collect$$$$00000000)
    _main_stk                                0x000000c1   Thumb Code     0  entry2.o(.ARM.Collect$$$$00000001)
    _main_scatterload                        0x000000c5   Thumb Code     0  entry5.o(.ARM.Collect$$$$00000004)
    __main_after_scatterload                 0x000000c9   Thumb Code     0  entry5.o(.ARM.Collect$$$$00000004)
    _main_clock                              0x000000c9   Thumb Code     0  entry7b.o(.ARM.Collect$$$$00000008)
    _main_cpp_init                           0x000000c9   Thumb Code     0  entry8b.o(.ARM.Collect$$$$0000000A)
    _main_init                               0x000000c9   Thumb Code     0  entry9a.o(.ARM.Collect$$$$0000000B)
    __rt_final_cpp                           0x000000d1   Thumb Code     0  entry10a.o(.ARM.Collect$$$$0000000D)
    __rt_final_exit                          0x000000d1   Thumb Code     0  entry11a.o(.ARM.Collect$$$$0000000F)
    configpad                                0x000000d5   Thumb Code    68  main.o(.text)
    main                                     0x00000661   Thumb Code    62  main.o(.text)
    get_gpio                                 0x000006c1   Thumb Code   312  config.o(.text)
    gpio_init_t                              0x000007f9   Thumb Code   306  config.o(.text)
    wdt_init_t                               0x000009d3   Thumb Code   100  config.o(.text)
    sys_init                                 0x00000a37   Thumb Code    62  config.o(.text)
    clear_all_event                          0x00000b21   Thumb Code    50  user_it.o(.text)
    GPIOC_IRQHandler                         0x00000b53   Thumb Code    68  user_it.o(.text)
    GPIOA_IRQHandler                         0x00000b97   Thumb Code    78  user_it.o(.text)
    GPIOB_IRQHandler                         0x00000be5   Thumb Code    56  user_it.o(.text)
    get_adc_value                            0x00000c1d   Thumb Code   392  user_it.o(.text)
    ADC_IRQHandler                           0x00000da5   Thumb Code   162  user_it.o(.text)
    set_soft_timer                           0x00000e89   Thumb Code    14  user_timer.o(.text)
    check_soft_timeout                       0x00000e97   Thumb Code    48  user_timer.o(.text)
    timer_delay_ms                           0x00000ec7   Thumb Code    26  user_timer.o(.text)
    TIMER16_0_IRQHandler                     0x00000ee1   Thumb Code    54  user_timer.o(.text)
    UART0_Init                               0x00000f25   Thumb Code   178  user_uart.o(.text)
    fputc                                    0x00000fd7   Thumb Code    20  user_uart.o(.text)
    WriteUartBuf                             0x00000feb   Thumb Code    22  user_uart.o(.text)
    UART_Send_t                              0x00001001   Thumb Code   182  user_uart.o(.text)
    uart0_get_cmd                            0x00001125   Thumb Code   152  user_uart.o(.text)
    UART0_IRQHandler                         0x000011bd   Thumb Code    82  user_uart.o(.text)
    led_run_task                             0x000018d3   Thumb Code    70  led.o(.text)
    led_mode_get                             0x00001919   Thumb Code    60  led.o(.text)
    led_mode_get_t                           0x00001955   Thumb Code    44  led.o(.text)
    RTC_Start                                0x00001a1b   Thumb Code    70  rtc.o(.text)
    RTC_SetTimeDate                          0x00001a61   Thumb Code   192  rtc.o(.text)
    RTC_GetTimeDate                          0x00001b21   Thumb Code   162  rtc.o(.text)
    RTC_SetAlarm                             0x00001bc3   Thumb Code   246  rtc.o(.text)
    RTC_GetAlarm                             0x00001cb9   Thumb Code    96  rtc.o(.text)
    RTC_Clear_GetControlStatus_2             0x00001d19   Thumb Code    34  rtc.o(.text)
    RTC_Close_Alarm                          0x00001d3b   Thumb Code    38  rtc.o(.text)
    Set_Alarm_Clock                          0x00001d61   Thumb Code    88  rtc.o(.text)
    Set_date_timer                           0x00001db9   Thumb Code   102  rtc.o(.text)
    Get_date_timer                           0x00001e1f   Thumb Code    72  rtc.o(.text)
    moto_P                                   0x00001e6d   Thumb Code    50  moto.o(.text)
    GetMotoCom                               0x0000202b   Thumb Code   130  moto.o(.text)
    moto_run_task                            0x000020ad   Thumb Code   170  moto.o(.text)
    EXCEPTION                                0x00002165   Thumb Code    10  abnormal_monitoring.o(.text)
    exceotion_0_t                            0x0000216f   Thumb Code     2  abnormal_monitoring.o(.text)
    exceotion_1_t                            0x00002171   Thumb Code     2  abnormal_monitoring.o(.text)
    exceotion_2_t                            0x00002173   Thumb Code    32  abnormal_monitoring.o(.text)
    exceotion_3_t                            0x00002193   Thumb Code    74  abnormal_monitoring.o(.text)
    exceotion_4_t                            0x000021dd   Thumb Code     2  abnormal_monitoring.o(.text)
    exceotion_5_t                            0x000021df   Thumb Code     2  abnormal_monitoring.o(.text)
    exceotion_management                     0x000021e1   Thumb Code    62  abnormal_monitoring.o(.text)
    Reset_Handler                            0x00002229   Thumb Code     4  startup_c32f0xx_s.o(.text)
    NMI_Handler                              0x0000222d   Thumb Code     2  startup_c32f0xx_s.o(.text)
    HardFault_Handler                        0x0000222f   Thumb Code     2  startup_c32f0xx_s.o(.text)
    SVC_Handler                              0x00002231   Thumb Code     2  startup_c32f0xx_s.o(.text)
    PendSV_Handler                           0x00002233   Thumb Code     2  startup_c32f0xx_s.o(.text)
    SysTick_Handler                          0x00002235   Thumb Code     2  startup_c32f0xx_s.o(.text)
    BOD_IRQHandler                           0x00002237   Thumb Code     0  startup_c32f0xx_s.o(.text)
    PWM_FAULT_IRQHandler                     0x00002237   Thumb Code     0  startup_c32f0xx_s.o(.text)
    PWM_TIMER_IRQHandler                     0x00002237   Thumb Code     0  startup_c32f0xx_s.o(.text)
    RTC_IRQHandler                           0x00002237   Thumb Code     0  startup_c32f0xx_s.o(.text)
    SPI_IRQHandler                           0x00002237   Thumb Code     0  startup_c32f0xx_s.o(.text)
    TIMER16_1_IRQHandler                     0x00002237   Thumb Code     0  startup_c32f0xx_s.o(.text)
    TIMER16_2_IRQHandler                     0x00002237   Thumb Code     0  startup_c32f0xx_s.o(.text)
    TIMER16_3_IRQHandler                     0x00002237   Thumb Code     0  startup_c32f0xx_s.o(.text)
    UART1_IRQHandler                         0x00002237   Thumb Code     0  startup_c32f0xx_s.o(.text)
    WAKEUP_IRQHandler                        0x00002237   Thumb Code     0  startup_c32f0xx_s.o(.text)
    WDT_IRQHandler                           0x00002237   Thumb Code     0  startup_c32f0xx_s.o(.text)
    SystemCoreClockUpdate                    0x0000223d   Thumb Code    20  system_c32f0xx.o(.text)
    SystemInit                               0x00002251   Thumb Code     2  system_c32f0xx.o(.text)
    SYS_SetAHBClkDivider                     0x00002261   Thumb Code    48  c32f0xx_sys.o(.text)
    SYS_SelectMainClkSrc                     0x00002291   Thumb Code    68  c32f0xx_sys.o(.text)
    SYS_SystemInitial                        0x000022d5   Thumb Code    34  c32f0xx_sys.o(.text)
    SYS_SelectWDTClkSrc                      0x000022f7   Thumb Code    46  c32f0xx_sys.o(.text)
    SYS_SelectClkOutSrc                      0x00002325   Thumb Code    92  c32f0xx_sys.o(.text)
    SYS_SetClkOutDivider                     0x00002381   Thumb Code    22  c32f0xx_sys.o(.text)
    SYS_EnableClkOut                         0x00002397   Thumb Code     8  c32f0xx_sys.o(.text)
    SYS_DisableClkOut                        0x0000239f   Thumb Code    26  c32f0xx_sys.o(.text)
    SYS_SetIOFilter                          0x000023b9   Thumb Code    18  c32f0xx_sys.o(.text)
    SYS_PowerDownAngIP                       0x000023cb   Thumb Code    16  c32f0xx_sys.o(.text)
    SYS_PowerUpAngIP                         0x000023db   Thumb Code    16  c32f0xx_sys.o(.text)
    SYS_EnablePhrClk                         0x000023eb   Thumb Code    16  c32f0xx_sys.o(.text)
    SYS_DisablePhrClk                        0x000023fb   Thumb Code    16  c32f0xx_sys.o(.text)
    SYS_ResetPhr                             0x0000240b   Thumb Code    24  c32f0xx_sys.o(.text)
    SYS_ResetSystem                          0x00002423   Thumb Code    22  c32f0xx_sys.o(.text)
    SYS_BODResetSystem                       0x00002439   Thumb Code    48  c32f0xx_sys.o(.text)
    SYS_GetResetStatus                       0x00002469   Thumb Code     8  c32f0xx_sys.o(.text)
    SYS_ClearResetStatus                     0x00002471   Thumb Code    10  c32f0xx_sys.o(.text)
    SYS_EnterSleep                           0x0000247b   Thumb Code    28  c32f0xx_sys.o(.text)
    SYS_SetDeepSleepWakeupPin                0x00002497   Thumb Code    46  c32f0xx_sys.o(.text)
    SYS_ResetDeepSleepWakeupPin              0x000024c5   Thumb Code    10  c32f0xx_sys.o(.text)
    SYS_EnterDeepSleep                       0x000024cf   Thumb Code   146  c32f0xx_sys.o(.text)
    SYS_EnterPowerDown                       0x00002561   Thumb Code   108  c32f0xx_sys.o(.text)
    SYS_IOConfig                             0x000025cd   Thumb Code     4  c32f0xx_sys.o(.text)
    SYS_IOSetPullup                          0x000025d1   Thumb Code    20  c32f0xx_sys.o(.text)
    SYS_IOSetPulldown                        0x000025e5   Thumb Code    20  c32f0xx_sys.o(.text)
    SYS_IOSwitchtoAng                        0x000025f9   Thumb Code    12  c32f0xx_sys.o(.text)
    SYS_IOSwitchtoDigit                      0x00002605   Thumb Code    14  c32f0xx_sys.o(.text)
    SYS_IOEnableFilter                       0x00002613   Thumb Code    14  c32f0xx_sys.o(.text)
    SYS_IODisableFilter                      0x00002621   Thumb Code    12  c32f0xx_sys.o(.text)
    SYS_IOCONInit                            0x0000262d   Thumb Code   108  c32f0xx_sys.o(.text)
    GPIO_ConfigPinsAsInput                   0x00002699   Thumb Code     8  c32f0xx_gpio.o(.text)
    GPIO_ConfigPinsAsOutput                  0x000026a1   Thumb Code     8  c32f0xx_gpio.o(.text)
    GPIO_SetPin                              0x000026a9   Thumb Code     8  c32f0xx_gpio.o(.text)
    GPIO_ResetPin                            0x000026b1   Thumb Code     8  c32f0xx_gpio.o(.text)
    GPIO_InvertOutPin                        0x000026b9   Thumb Code     8  c32f0xx_gpio.o(.text)
    GPIO_GetPinState                         0x000026c1   Thumb Code    18  c32f0xx_gpio.o(.text)
    GPIO_GetPortState                        0x000026d3   Thumb Code     8  c32f0xx_gpio.o(.text)
    GPIO_SetPortMask                         0x000026db   Thumb Code     8  c32f0xx_gpio.o(.text)
    GPIO_ResetPortMask                       0x000026e3   Thumb Code     8  c32f0xx_gpio.o(.text)
    GPIO_ReadPort                            0x000026eb   Thumb Code     8  c32f0xx_gpio.o(.text)
    GPIO_WritePort                           0x000026f3   Thumb Code     4  c32f0xx_gpio.o(.text)
    GPIO_Clear_INT                           0x000026f7   Thumb Code     8  c32f0xx_gpio.o(.text)
    GPIO_Read_INTState                       0x000026ff   Thumb Code     8  c32f0xx_gpio.o(.text)
    GPIO_EnableInt                           0x00002707   Thumb Code    68  c32f0xx_gpio.o(.text)
    IIC_ResetDataBuff                        0x0000274d   Thumb Code    60  c32f0xx_iic.o(.text)
    IIC_Init                                 0x00002789   Thumb Code   228  c32f0xx_iic.o(.text)
    IIC_GetIICStatus                         0x0000286d   Thumb Code    10  c32f0xx_iic.o(.text)
    IIC_ReadFlag                             0x00002877   Thumb Code    12  c32f0xx_iic.o(.text)
    IIC_SetFlag                              0x00002883   Thumb Code     8  c32f0xx_iic.o(.text)
    IIC_ClearFlag                            0x0000288b   Thumb Code     8  c32f0xx_iic.o(.text)
    IIC_SendByte                             0x00002893   Thumb Code     8  c32f0xx_iic.o(.text)
    IIC_GetByte                              0x0000289b   Thumb Code    10  c32f0xx_iic.o(.text)
    TWS_IRQHandler                           0x000028a5   Thumb Code   802  c32f0xx_iic.o(.text)
    IIC_WriteByte                            0x00002bc7   Thumb Code    68  c32f0xx_iic.o(.text)
    IIC_WriteArray                           0x00002c0b   Thumb Code    88  c32f0xx_iic.o(.text)
    IIC_ReadByte                             0x00002c63   Thumb Code    70  c32f0xx_iic.o(.text)
    IIC_ReadArray                            0x00002ca9   Thumb Code    86  c32f0xx_iic.o(.text)
    IIC_MasterWriteData                      0x00002cff   Thumb Code    66  c32f0xx_iic.o(.text)
    IIC_MasterReadByte                       0x00002d41   Thumb Code    68  c32f0xx_iic.o(.text)
    PWM_Init                                 0x00002da9   Thumb Code   462  c32f0xx_pwm.o(.text)
    PWM_DeInit                               0x00002f77   Thumb Code    16  c32f0xx_pwm.o(.text)
    PWM_SetRelaodFreq                        0x00002f87   Thumb Code    26  c32f0xx_pwm.o(.text)
    PWM_SetDuty                              0x00002fa1   Thumb Code   184  c32f0xx_pwm.o(.text)
    PWM_SetRiseDeadZone                      0x00003059   Thumb Code    10  c32f0xx_pwm.o(.text)
    PWM_SetFallDeadZone                      0x00003063   Thumb Code    10  c32f0xx_pwm.o(.text)
    PWM_EnableFaultProtect                   0x0000306d   Thumb Code   146  c32f0xx_pwm.o(.text)
    PWM_ClearFault                           0x000030ff   Thumb Code    44  c32f0xx_pwm.o(.text)
    PWM_Start                                0x0000312b   Thumb Code   242  c32f0xx_pwm.o(.text)
    PWM_Stop                                 0x0000321d   Thumb Code   224  c32f0xx_pwm.o(.text)
    PWM_EnableInt                            0x000032fd   Thumb Code    38  c32f0xx_pwm.o(.text)
    PWM_ADCTrigger                           0x00003323   Thumb Code   154  c32f0xx_pwm.o(.text)
    CT16B0_Init                              0x000033c1   Thumb Code   168  c32f0xx_timer.o(.text)
    CT16B0_ConfigMatch                       0x00003469   Thumb Code    20  c32f0xx_timer.o(.text)
    CT16B0_SetTimerCounter                   0x0000347d   Thumb Code    14  c32f0xx_timer.o(.text)
    CT16B0_ResetTimerCounter                 0x0000348b   Thumb Code    10  c32f0xx_timer.o(.text)
    CT16B0_GetTimerCounter                   0x00003495   Thumb Code     8  c32f0xx_timer.o(.text)
    CT16B0_ClearIntFlag                      0x0000349d   Thumb Code    12  c32f0xx_timer.o(.text)
    CT16B0_EnableInt                         0x000034a9   Thumb Code    12  c32f0xx_timer.o(.text)
    CT16B0_DisableInt                        0x000034b5   Thumb Code    10  c32f0xx_timer.o(.text)
    CT16B2_Init                              0x000034bf   Thumb Code   154  c32f0xx_timer.o(.text)
    CT16B2_SetCTType                         0x00003559   Thumb Code    16  c32f0xx_timer.o(.text)
    CT16B2_SelectTimerClearSignal            0x00003569   Thumb Code    56  c32f0xx_timer.o(.text)
    CT16B2_SelectPriSrc                      0x000035a1   Thumb Code    24  c32f0xx_timer.o(.text)
    CT16B2_SelectSecSrc                      0x000035b9   Thumb Code    44  c32f0xx_timer.o(.text)
    CT16B2_ConfigMatch0                      0x000035e5   Thumb Code    58  c32f0xx_timer.o(.text)
    CT16B2_ConfigMatch1                      0x0000361f   Thumb Code    56  c32f0xx_timer.o(.text)
    CT16B2_ConfigMatch2                      0x00003657   Thumb Code    62  c32f0xx_timer.o(.text)
    CT16B2_ConfigMatch3                      0x00003695   Thumb Code    62  c32f0xx_timer.o(.text)
    CT16B2_ConfigCapture0                    0x000036d3   Thumb Code   108  c32f0xx_timer.o(.text)
    CT16B2_ConfigCapture1                    0x0000373f   Thumb Code   134  c32f0xx_timer.o(.text)
    CT16B2_ConfigCapture2                    0x000037c5   Thumb Code   110  c32f0xx_timer.o(.text)
    CT16B2_ConfigCapture3                    0x00003833   Thumb Code   116  c32f0xx_timer.o(.text)
    CT16B2_GetCapture0Value                  0x000038a7   Thumb Code     8  c32f0xx_timer.o(.text)
    CT16B2_GetCapture1Value                  0x000038af   Thumb Code     8  c32f0xx_timer.o(.text)
    CT16B2_GetCapture2Value                  0x000038b7   Thumb Code     8  c32f0xx_timer.o(.text)
    CT16B2_GetCapture3Value                  0x000038bf   Thumb Code     8  c32f0xx_timer.o(.text)
    CT16B2_SetTimerCounter                   0x000038c7   Thumb Code    14  c32f0xx_timer.o(.text)
    CT16B2_ResetTimerCounter                 0x000038d5   Thumb Code    18  c32f0xx_timer.o(.text)
    CT16B2_GetTimerCounter                   0x000038e7   Thumb Code     8  c32f0xx_timer.o(.text)
    CT16B2_ClearIntFlag                      0x000038ef   Thumb Code     6  c32f0xx_timer.o(.text)
    CT16B2_EnableInt                         0x000038f5   Thumb Code     2  c32f0xx_timer.o(.text)
    CT16B2_DisableInt                        0x000038f7   Thumb Code     2  c32f0xx_timer.o(.text)
    UART_Open                                0x000038f9   Thumb Code   318  c32f0xx_uart.o(.text)
    UART_ClearIntFlag                        0x00003a37   Thumb Code    10  c32f0xx_uart.o(.text)
    UART_DisableInt                          0x00003a41   Thumb Code    10  c32f0xx_uart.o(.text)
    UART_Close                               0x00003a4b   Thumb Code    74  c32f0xx_uart.o(.text)
    UART_ByteRead                            0x00003a95   Thumb Code    24  c32f0xx_uart.o(.text)
    UART_Read                                0x00003aad   Thumb Code    40  c32f0xx_uart.o(.text)
    UART_ByteWrite                           0x00003ad5   Thumb Code    30  c32f0xx_uart.o(.text)
    UART_Write                               0x00003af3   Thumb Code    48  c32f0xx_uart.o(.text)
    UART_Send                                0x00003b23   Thumb Code    40  c32f0xx_uart.o(.text)
    UART_PutString                           0x00003b4b   Thumb Code    28  c32f0xx_uart.o(.text)
    UART_PutHex                              0x00003b67   Thumb Code    60  c32f0xx_uart.o(.text)
    UART_EnableInt                           0x00003ba3   Thumb Code     8  c32f0xx_uart.o(.text)
    UART_GetStatus                           0x00003bab   Thumb Code     8  c32f0xx_uart.o(.text)
    UART_ClearFIFO                           0x00003bb3   Thumb Code     6  c32f0xx_uart.o(.text)
    ADC_Init                                 0x00003bdd   Thumb Code   170  c32f0xx_adc.o(.text)
    ADC_DeInit                               0x00003c87   Thumb Code    40  c32f0xx_adc.o(.text)
    ADC_SelectTriggerSource                  0x00003caf   Thumb Code    94  c32f0xx_adc.o(.text)
    ADC_SetHighCmp0                          0x00003d0d   Thumb Code    46  c32f0xx_adc.o(.text)
    ADC_SetHighCmp1                          0x00003d3b   Thumb Code    50  c32f0xx_adc.o(.text)
    ADC_SetLowCmp0                           0x00003d6d   Thumb Code    46  c32f0xx_adc.o(.text)
    ADC_SetLowCmp1                           0x00003d9b   Thumb Code    50  c32f0xx_adc.o(.text)
    ADC_EnableConversionInt                  0x00003dcd   Thumb Code     6  c32f0xx_adc.o(.text)
    ADC_GetConversionData                    0x00003dd3   Thumb Code    16  c32f0xx_adc.o(.text)
    ADC_SetupChannels                        0x00003de3   Thumb Code    36  c32f0xx_adc.o(.text)
    ADC_EnableChannels                       0x00003e07   Thumb Code    24  c32f0xx_adc.o(.text)
    ADC_DisableChannels                      0x00003e1f   Thumb Code    24  c32f0xx_adc.o(.text)
    ADC_WaitAdcReady                         0x00003e37   Thumb Code    16  c32f0xx_adc.o(.text)
    WDT_Init                                 0x00003e65   Thumb Code    18  c32f0xx_wdt.o(.text)
    WDT_Deinit                               0x00003e77   Thumb Code    16  c32f0xx_wdt.o(.text)
    WDT_SetWindowValue                       0x00003e87   Thumb Code    48  c32f0xx_wdt.o(.text)
    WDT_Feed                                 0x00003eb7   Thumb Code    28  c32f0xx_wdt.o(.text)
    WDT_SetIntervalinTick                    0x00003ed3   Thumb Code    34  c32f0xx_wdt.o(.text)
    WDT_SetIntervalinMiliSec                 0x00003ef5   Thumb Code    78  c32f0xx_wdt.o(.text)
    WDT_EnableResetSystem                    0x00003f43   Thumb Code    14  c32f0xx_wdt.o(.text)
    WDT_ClearIntFlag                         0x00003f51   Thumb Code    28  c32f0xx_wdt.o(.text)
    WDT_GetCounterValue                      0x00003f6d   Thumb Code     6  c32f0xx_wdt.o(.text)
    WDT_EnableLock                           0x00003f73   Thumb Code    44  c32f0xx_wdt.o(.text)
    __aeabi_uidiv                            0x00003fad   Thumb Code     0  uidiv.o(.text)
    __aeabi_uidivmod                         0x00003fad   Thumb Code    44  uidiv.o(.text)
    __aeabi_idiv                             0x00003fd9   Thumb Code     0  idiv.o(.text)
    __aeabi_idivmod                          0x00003fd9   Thumb Code    40  idiv.o(.text)
    __aeabi_memset                           0x00004001   Thumb Code    14  memseta.o(.text)
    __aeabi_memset4                          0x00004001   Thumb Code     0  memseta.o(.text)
    __aeabi_memset8                          0x00004001   Thumb Code     0  memseta.o(.text)
    __aeabi_memclr                           0x0000400f   Thumb Code     4  memseta.o(.text)
    __aeabi_memclr4                          0x0000400f   Thumb Code     0  memseta.o(.text)
    __aeabi_memclr8                          0x0000400f   Thumb Code     0  memseta.o(.text)
    _memset$wrapper                          0x00004013   Thumb Code    18  memseta.o(.text)
    __aeabi_fadd                             0x00004025   Thumb Code   162  fadd.o(.text)
    __aeabi_fsub                             0x000040c7   Thumb Code     8  fadd.o(.text)
    __aeabi_frsub                            0x000040cf   Thumb Code     8  fadd.o(.text)
    __aeabi_fmul                             0x000040d7   Thumb Code   122  fmul.o(.text)
    __aeabi_fdiv                             0x00004151   Thumb Code   124  fdiv.o(.text)
    __aeabi_dadd                             0x000041cd   Thumb Code   328  dadd.o(.text)
    __aeabi_dsub                             0x00004315   Thumb Code    12  dadd.o(.text)
    __aeabi_drsub                            0x00004321   Thumb Code    12  dadd.o(.text)
    __aeabi_dmul                             0x00004331   Thumb Code   202  dmul.o(.text)
    __aeabi_ddiv                             0x00004401   Thumb Code   234  ddiv.o(.text)
    __aeabi_ui2f                             0x000044f1   Thumb Code    14  ffltui.o(.text)
    __aeabi_ui2d                             0x00004501   Thumb Code    24  dfltui.o(.text)
    __aeabi_f2uiz                            0x0000451d   Thumb Code    40  ffixui.o(.text)
    __aeabi_d2uiz                            0x00004545   Thumb Code    50  dfixui.o(.text)
    __aeabi_cfrcmple                         0x00004581   Thumb Code    20  cfrcmple.o(.text)
    __aeabi_llsl                             0x00004595   Thumb Code    32  llshl.o(.text)
    _ll_shift_l                              0x00004595   Thumb Code     0  llshl.o(.text)
    __aeabi_llsr                             0x000045b5   Thumb Code    34  llushr.o(.text)
    _ll_ushift_r                             0x000045b5   Thumb Code     0  llushr.o(.text)
    __aeabi_lasr                             0x000045d7   Thumb Code    38  llsshr.o(.text)
    _ll_sshift_r                             0x000045d7   Thumb Code     0  llsshr.o(.text)
    __I$use$fp                               0x000045fd   Thumb Code     0  iusefp.o(.text)
    _float_round                             0x000045fd   Thumb Code    16  fepilogue.o(.text)
    _float_epilogue                          0x0000460d   Thumb Code   114  fepilogue.o(.text)
    _double_round                            0x0000467f   Thumb Code    26  depilogue.o(.text)
    _double_epilogue                         0x00004699   Thumb Code   164  depilogue.o(.text)
    __scatterload                            0x0000473d   Thumb Code    28  init.o(.text)
    __scatterload_rt2                        0x0000473d   Thumb Code     0  init.o(.text)
    __0fprintf$3                             0x00004761   Thumb Code    24  printf3.o(i.__0fprintf$3)
    __1fprintf$3                             0x00004761   Thumb Code     0  printf3.o(i.__0fprintf$3)
    __2fprintf                               0x00004761   Thumb Code     0  printf3.o(i.__0fprintf$3)
    __ARM_clz                                0x0000477d   Thumb Code    46  depilogue.o(i.__ARM_clz)
    __ARM_common_switch8                     0x000047ab   Thumb Code    28  led.o(i.__ARM_common_switch8)
    __scatterload_copy                       0x000047c7   Thumb Code    14  handlers.o(i.__scatterload_copy)
    __scatterload_null                       0x000047d5   Thumb Code     2  handlers.o(i.__scatterload_null)
    __scatterload_zeroinit                   0x000047d7   Thumb Code    14  handlers.o(i.__scatterload_zeroinit)
    Region$$Table$$Base                      0x000049c0   Number         0  anon$$obj.o(Region$$Table)
    Region$$Table$$Limit                     0x000049e0   Number         0  anon$$obj.o(Region$$Table)
    Information_events                       0x1000000c   Data           2  user_it.o(.data)
    all_event_flag                           0x1000000e   Data           1  user_it.o(.data)
    GetLedComData_t                          0x10000020   Data           8  led.o(.data)
    rtc_buf                                  0x10000028   Data           4  rtc.o(.data)
    exceotion_flag                           0x1000002d   Data           1  abnormal_monitoring.o(.data)
    process_flag                             0x1000002e   Data           1  abnormal_monitoring.o(.data)
    SystemCoreClock                          0x10000030   Data           4  system_c32f0xx.o(.data)
    MainClock                                0x10000034   Data           4  system_c32f0xx.o(.data)
    __stderr                                 0x1000006c   Data           4  stderr.o(.data)
    soft_timer                               0x1000007a   Data          22  user_timer.o(.bss)
    soft_timer_t                             0x10000090   Data          22  user_timer.o(.bss)
    Uart0_Typedef                            0x100000a6   Data          24  user_uart.o(.bss)
    Buffer_t                                 0x100000be   Data         260  user_uart.o(.bss)
    MOTO_t                                   0x100001c2   Data          86  moto.o(.bss)
    __initial_sp                             0x10000418   Data           0  startup_c32f0xx_s.o(STACK)



==============================================================================

Memory Map of the image

  Image Entry point : 0x000000c1

  Load Region LR_IROM1 (Base: 0x00000000, Size: 0x00004a50, Max: 0x00008000, ABSOLUTE)

    Execution Region ER_IROM1 (Base: 0x00000000, Size: 0x000049e0, Max: 0x00008000, ABSOLUTE)

    Base Addr    Size         Type   Attr      Idx    E Section Name        Object

    0x00000000   0x000000c0   Data   RO          288    RESET               startup_c32f0xx_s.o
    0x000000c0   0x00000000   Code   RO          472  * .ARM.Collect$$$$00000000  mc_p.l(entry.o)
    0x000000c0   0x00000004   Code   RO          765    .ARM.Collect$$$$00000001  mc_p.l(entry2.o)
    0x000000c4   0x00000004   Code   RO          768    .ARM.Collect$$$$00000004  mc_p.l(entry5.o)
    0x000000c8   0x00000000   Code   RO          770    .ARM.Collect$$$$00000008  mc_p.l(entry7b.o)
    0x000000c8   0x00000000   Code   RO          772    .ARM.Collect$$$$0000000A  mc_p.l(entry8b.o)
    0x000000c8   0x00000008   Code   RO          773    .ARM.Collect$$$$0000000B  mc_p.l(entry9a.o)
    0x000000d0   0x00000000   Code   RO          775    .ARM.Collect$$$$0000000D  mc_p.l(entry10a.o)
    0x000000d0   0x00000000   Code   RO          777    .ARM.Collect$$$$0000000F  mc_p.l(entry11a.o)
    0x000000d0   0x00000004   Code   RO          766    .ARM.Collect$$$$00002712  mc_p.l(entry2.o)
    0x000000d4   0x000005ec   Code   RO            2    .text               main.o
    0x000006c0   0x00000460   Code   RO          108    .text               config.o
    0x00000b20   0x00000368   Code   RO          127    .text               user_it.o
    0x00000e88   0x0000009c   Code   RO          152    .text               user_timer.o
    0x00000f24   0x0000036c   Code   RO          174    .text               user_uart.o
    0x00001290   0x00000708   Code   RO          199    .text               led.o
    0x00001998   0x000004d4   Code   RO          220    .text               rtc.o
    0x00001e6c   0x000002f8   Code   RO          239    .text               moto.o
    0x00002164   0x000000c4   Code   RO          268    .text               abnormal_monitoring.o
    0x00002228   0x00000014   Code   RO          289    .text               startup_c32f0xx_s.o
    0x0000223c   0x00000024   Code   RO          294    .text               system_c32f0xx.o
    0x00002260   0x00000438   Code   RO          316    .text               c32f0xx_sys.o
    0x00002698   0x000000b2   Code   RO          335    .text               c32f0xx_gpio.o
    0x0000274a   0x00000002   PAD
    0x0000274c   0x0000065c   Code   RO          367    .text               c32f0xx_iic.o
    0x00002da8   0x00000618   Code   RO          390    .text               c32f0xx_pwm.o
    0x000033c0   0x00000538   Code   RO          406    .text               c32f0xx_timer.o
    0x000038f8   0x000002e4   Code   RO          422    .text               c32f0xx_uart.o
    0x00003bdc   0x00000288   Code   RO          441    .text               c32f0xx_adc.o
    0x00003e64   0x00000148   Code   RO          457    .text               c32f0xx_wdt.o
    0x00003fac   0x0000002c   Code   RO          476    .text               mc_p.l(uidiv.o)
    0x00003fd8   0x00000028   Code   RO          478    .text               mc_p.l(idiv.o)
    0x00004000   0x00000024   Code   RO          480    .text               mc_p.l(memseta.o)
    0x00004024   0x000000b2   Code   RO          743    .text               mf_p.l(fadd.o)
    0x000040d6   0x0000007a   Code   RO          745    .text               mf_p.l(fmul.o)
    0x00004150   0x0000007c   Code   RO          747    .text               mf_p.l(fdiv.o)
    0x000041cc   0x00000164   Code   RO          749    .text               mf_p.l(dadd.o)
    0x00004330   0x000000d0   Code   RO          751    .text               mf_p.l(dmul.o)
    0x00004400   0x000000f0   Code   RO          753    .text               mf_p.l(ddiv.o)
    0x000044f0   0x0000000e   Code   RO          755    .text               mf_p.l(ffltui.o)
    0x000044fe   0x00000002   PAD
    0x00004500   0x0000001c   Code   RO          757    .text               mf_p.l(dfltui.o)
    0x0000451c   0x00000028   Code   RO          759    .text               mf_p.l(ffixui.o)
    0x00004544   0x0000003c   Code   RO          761    .text               mf_p.l(dfixui.o)
    0x00004580   0x00000014   Code   RO          763    .text               mf_p.l(cfrcmple.o)
    0x00004594   0x00000020   Code   RO          782    .text               mc_p.l(llshl.o)
    0x000045b4   0x00000022   Code   RO          784    .text               mc_p.l(llushr.o)
    0x000045d6   0x00000026   Code   RO          786    .text               mc_p.l(llsshr.o)
    0x000045fc   0x00000000   Code   RO          788    .text               mc_p.l(iusefp.o)
    0x000045fc   0x00000082   Code   RO          789    .text               mf_p.l(fepilogue.o)
    0x0000467e   0x000000be   Code   RO          791    .text               mf_p.l(depilogue.o)
    0x0000473c   0x00000024   Code   RO          799    .text               mc_p.l(init.o)
    0x00004760   0x0000001c   Code   RO          570    i.__0fprintf$3      mc_p.l(printf3.o)
    0x0000477c   0x0000002e   Code   RO          793    i.__ARM_clz         mf_p.l(depilogue.o)
    0x000047aa   0x0000001c   Code   RO          214    i.__ARM_common_switch8  led.o
    0x000047c6   0x0000000e   Code   RO          803    i.__scatterload_copy  mc_p.l(handlers.o)
    0x000047d4   0x00000002   Code   RO          804    i.__scatterload_null  mc_p.l(handlers.o)
    0x000047d6   0x0000000e   Code   RO          805    i.__scatterload_zeroinit  mc_p.l(handlers.o)
    0x000047e4   0x000001cc   Code   RO          578    i._printf_core      mc_p.l(printf3.o)
    0x000049b0   0x00000010   Data   RO            4    .constdata          main.o
    0x000049c0   0x00000020   Data   RO          801    Region$$Table       anon$$obj.o


    Execution Region RW_IRAM1 (Base: 0x10000000, Size: 0x00000418, Max: 0x00001000, ABSOLUTE)

    Base Addr    Size         Type   Attr      Idx    E Section Name        Object

    0x10000000   0x00000009   Data   RW            5    .data               main.o
    0x10000009   0x00000003   PAD
    0x1000000c   0x00000009   Data   RW          128    .data               user_it.o
    0x10000015   0x00000003   PAD
    0x10000018   0x00000010   Data   RW          200    .data               led.o
    0x10000028   0x00000004   Data   RW          221    .data               rtc.o
    0x1000002c   0x00000001   Data   RW          241    .data               moto.o
    0x1000002d   0x00000002   Data   RW          269    .data               abnormal_monitoring.o
    0x1000002f   0x00000001   PAD
    0x10000030   0x00000008   Data   RW          295    .data               system_c32f0xx.o
    0x10000038   0x00000031   Data   RW          368    .data               c32f0xx_iic.o
    0x10000069   0x00000003   PAD
    0x1000006c   0x00000004   Data   RW          475    .data               mc_p.l(stderr.o)
    0x10000070   0x0000000a   Zero   RW            3    .bss                main.o
    0x1000007a   0x0000002c   Zero   RW          153    .bss                user_timer.o
    0x100000a6   0x0000011c   Zero   RW          175    .bss                user_uart.o
    0x100001c2   0x00000056   Zero   RW          240    .bss                moto.o
    0x10000218   0x00000200   Zero   RW          286    STACK               startup_c32f0xx_s.o


==============================================================================

Image component sizes


      Code (inc. data)   RO Data    RW Data    ZI Data      Debug   Object Name

       196         18          0          2          0       1727   abnormal_monitoring.o
       648         30          0          0          0       2884   c32f0xx_adc.o
       178          0          0          0          0       3390   c32f0xx_gpio.o
      1628         90          0         49          0       5482   c32f0xx_iic.o
      1560         32          0          0          0       2846   c32f0xx_pwm.o
      1080         58          0          0          0      14066   c32f0xx_sys.o
      1336         26          0          0          0       7684   c32f0xx_timer.o
       740         22          0          0          0      12157   c32f0xx_uart.o
       328         14          0          0          0       1851   c32f0xx_wdt.o
      1120         32          0          0          0      10499   config.o
      1828         76          0         16          0       3653   led.o
      1516        146         16          9         10      49733   main.o
       760         26          0          1         86       2195   moto.o
      1236          6          0          4          0       4339   rtc.o
        20          4        192          0        512        728   startup_c32f0xx_s.o
        36         14          0          8          0       1027   system_c32f0xx.o
       872         66          0          9          0      11058   user_it.o
       156         14          0          0         44       1686   user_timer.o
       876         20          0          0        284      12680   user_uart.o

    ----------------------------------------------------------------------
     16116        694        240        108        936     149685   Object Totals
         0          0         32          0          0          0   (incl. Generated)
         2          0          0         10          0          0   (incl. Padding)

    ----------------------------------------------------------------------

      Code (inc. data)   RO Data    RW Data    ZI Data      Debug   Library Member Name

         0          0          0          0          0          0   entry.o
         0          0          0          0          0          0   entry10a.o
         0          0          0          0          0          0   entry11a.o
         8          4          0          0          0          0   entry2.o
         4          0          0          0          0          0   entry5.o
         0          0          0          0          0          0   entry7b.o
         0          0          0          0          0          0   entry8b.o
         8          4          0          0          0          0   entry9a.o
        30          0          0          0          0          0   handlers.o
        40          0          0          0          0         72   idiv.o
        36          8          0          0          0         68   init.o
         0          0          0          0          0          0   iusefp.o
        32          0          0          0          0         68   llshl.o
        38          0          0          0          0         68   llsshr.o
        34          0          0          0          0         68   llushr.o
        36          0          0          0          0        100   memseta.o
       488          8          0          0          0        168   printf3.o
         0          0          0          4          0          0   stderr.o
        44          0          0          0          0         72   uidiv.o
        20          0          0          0          0         68   cfrcmple.o
       356          4          0          0          0        140   dadd.o
       240          6          0          0          0         84   ddiv.o
       236          0          0          0          0        216   depilogue.o
        60         10          0          0          0         68   dfixui.o
        28          4          0          0          0         68   dfltui.o
       208          6          0          0          0         88   dmul.o
       178          0          0          0          0        108   fadd.o
       124          0          0          0          0         72   fdiv.o
       130          0          0          0          0        144   fepilogue.o
        40          0          0          0          0         60   ffixui.o
        14          0          0          0          0         68   ffltui.o
       122          0          0          0          0         72   fmul.o

    ----------------------------------------------------------------------
      2556         54          0          4          0       1940   Library Totals
         2          0          0          0          0          0   (incl. Padding)

    ----------------------------------------------------------------------

      Code (inc. data)   RO Data    RW Data    ZI Data      Debug   Library Name

       798         24          0          4          0        684   mc_p.l
      1756         30          0          0          0       1256   mf_p.l

    ----------------------------------------------------------------------
      2556         54          0          4          0       1940   Library Totals

    ----------------------------------------------------------------------

==============================================================================


      Code (inc. data)   RO Data    RW Data    ZI Data      Debug   

     18672        748        240        112        936     149129   Grand Totals
     18672        748        240        112        936     149129   ELF Image Totals
     18672        748        240        112          0          0   ROM Totals

==============================================================================

    Total RO  Size (Code + RO Data)                18912 (  18.47kB)
    Total RW  Size (RW Data + ZI Data)              1048 (   1.02kB)
    Total ROM Size (Code + RO Data + RW Data)      19024 (  18.58kB)

==============================================================================

