<html>
<body>
<pre>
<h1>µVision Build Log</h1>
<h2>Project:</h2>
F:\MCU\jy-zb-mcu-master_1130\jy-zb-mcu-master\project\KAR_v1.0.uvprojx
Project File Date:  11/30/2017

<h2>Output:</h2>
Build target 'KAR_v1.0'
linking...
Program Size: Code=20272 RO-data=224 RW-data=116 ZI-data=1012  
FromELF: creating hex file...
After Build - User command #2: C:\Keil_v5\ARM\ARMCC\bin\fromelf.exe   ..\output\KAR_v1_0.axf --bin -o ..\Bin\KAR_v1_0.bin
"..\output\KAR_v1_0.axf" - 0 Error(s), 0 Warning(s).

<h2>Software Packages used:</h2>

Package Vendor: ARM
                http://www.keil.com/pack/ARM.CMSIS.4.1.0.pack
                ARM::CMSIS:CORE:3.30.0
                CMSIS (Cortex Microcontroller Software Interface Standard)
   * Component: CORE Version: 3.30.0

<h2>Collection of Component include folders:</h2>
  F:\MCU\jy-zb-mcu-master_1130\jy-zb-mcu-master\project\RTE
  C:\Keil_v5\ARM\PACK\ARM\CMSIS\4.1.0\CMSIS\Include
  C:\Keil_v5\ARM\PACK\ARM\CMSIS\4.1.0\Device\ARM\ARMCM0\Include

<h2>Collection of Component Files used:</h2>

   * Component: ARM::CMSIS:CORE:3.30.0
      Source file:   CMSIS\UserCodeTemplates\ARM\ITM_Retarget.c
</pre>
</body>
</html>
-zb-mcu-master_1130\jy-zb-mcu-master\project\RTE
  C:\Keil_v5\ARM\PACK\ARM\CMSIS\4.1.0\CMSIS\Include
  C:\Keil_v5\ARM\PACK\ARM\CMSIS\4.1.0\Device\ARM\ARMCM0\Include

<h2>Collection of Component Files used:</h2>

   * Component: ARM::CMSIS:CORE:3.30.0
      Source file:   CMSIS\UserCodeTemplates\ARM\ITM_Retarget.c
 CMSIS\UserCodeTemplates\ARM\ITM_Retarget.c
.com/pack/ARM.CMSIS.4.1.0.pack
                ARM::CMSIS:CORE:3.30.0
                CMSIS (Cortex Microcontroller Software Interface Standard)
   * Component: CORE Version: 3.30.0

<h2>Collection of Component include folders:</h2>
  F:\MCU\jy-zb-mcu-master_1130\jy-zb-mcu-master\project\RTE
  C:\Keil_v5\ARM\PACK\ARM\CMSIS\4.1.0\CMSIS\Include
  C:\Keil_v5\ARM\PACK\ARM\CMSIS\4.1.0\Device\ARM\ARMCM0\Include

<h2>Collection of Component Files used:</h2>

   * Component: ARM::CMSIS:CORE:3.30.0
      Source file:   CMSIS\UserCodeTemplates\ARM\ITM_Retarget.c
compiling user_timer.c...
"..\user\user_timer.c" - 0 Error(s), 0 Warning(s).
